Archive member included because of file (symbol)

/opt/devkitPro/libnds/lib/libdswifi9.a(sgIP_Hub.o)
                              WiFi_minilib.o (htons)
/opt/devkitPro/libnds/lib/libdswifi9.a(sgIP_memblock.o)
                              /opt/devkitPro/libnds/lib/libdswifi9.a(sgIP_Hub.o) (sgIP_memblock_exposeheader)
/opt/devkitPro/libnds/lib/libdswifi9.a(sgIP_sockets.o)
                              WiFi_minilib.o (ioctl)
/opt/devkitPro/libnds/lib/libdswifi9.a(wifi_arm9.o)
                              /opt/devkitPro/libnds/lib/libdswifi9.a(sgIP_memblock.o) (sgIP_DisableInterrupts)
/opt/devkitPro/libnds/lib/libdswifi9.a(spinlock.o)
                              /opt/devkitPro/libnds/lib/libdswifi9.a(wifi_arm9.o) (SLasm_Acquire)
/opt/devkitPro/libnds/lib/libdswifi9.a(sgIP.o)
                              /opt/devkitPro/libnds/lib/libdswifi9.a(wifi_arm9.o) (sgIP_Timer)
/opt/devkitPro/libnds/lib/libdswifi9.a(sgIP_ARP.o)
                              /opt/devkitPro/libnds/lib/libdswifi9.a(sgIP.o) (sgIP_ARP_Init)
/opt/devkitPro/libnds/lib/libdswifi9.a(sgIP_DHCP.o)
                              /opt/devkitPro/libnds/lib/libdswifi9.a(wifi_arm9.o) (gethostname)
/opt/devkitPro/libnds/lib/libdswifi9.a(sgIP_DNS.o)
                              /opt/devkitPro/libnds/lib/libdswifi9.a(sgIP.o) (sgIP_DNS_Init)
/opt/devkitPro/libnds/lib/libdswifi9.a(sgIP_IP.o)
                              /opt/devkitPro/libnds/lib/libdswifi9.a(sgIP.o) (sgIP_IP_ReceivePacket)
/opt/devkitPro/libnds/lib/libdswifi9.a(sgIP_TCP.o)
                              /opt/devkitPro/libnds/lib/libdswifi9.a(sgIP.o) (sgIP_TCP_Init)
/opt/devkitPro/libnds/lib/libdswifi9.a(sgIP_UDP.o)
                              /opt/devkitPro/libnds/lib/libdswifi9.a(sgIP.o) (sgIP_UDP_Init)
/opt/devkitPro/libnds/lib/libdswifi9.a(sgIP_ICMP.o)
                              /opt/devkitPro/libnds/lib/libdswifi9.a(sgIP_IP.o) (sgIP_ICMP_ReceivePacket)
/opt/devkitPro/libnds/lib/libnds9.a(console.o)
                              game.o (consoleDemoInit)
/opt/devkitPro/libnds/lib/libnds9.a(initSystem.o)
                              /opt/devkitPro/devkitARM/lib/gcc/arm-eabi/4.3.3/../../../../arm-eabi/lib/thumb/ds_arm9_crt0.o (initSystem)
/opt/devkitPro/libnds/lib/libnds9.a(keys.o)
                              game.o (scanKeys)
/opt/devkitPro/libnds/lib/libnds9.a(system.o)
                              /opt/devkitPro/libnds/lib/libnds9.a(initSystem.o) (powerValueHandler)
/opt/devkitPro/libnds/lib/libnds9.a(touch.o)
                              game.o (touchRead)
/opt/devkitPro/libnds/lib/libnds9.a(video.o)
                              /opt/devkitPro/libnds/lib/libnds9.a(console.o) (vramSetBankC)
/opt/devkitPro/libnds/lib/libnds9.a(videoGL.o)
                              battlefield.o (glGlobalData)
/opt/devkitPro/libnds/lib/libnds9.a(fifosystem.o)
                              /opt/devkitPro/libnds/lib/libdswifi9.a(wifi_arm9.o) (fifoSetValue32Handler)
/opt/devkitPro/libnds/lib/libnds9.a(interrupts.o)
                              graphics_manager.o (irqSet)
/opt/devkitPro/libnds/lib/libnds9.a(dcache.o)
                              /opt/devkitPro/libnds/lib/libdswifi9.a(wifi_arm9.o) (DC_FlushAll)
/opt/devkitPro/libnds/lib/libnds9.a(biosCalls.o)
                              /opt/devkitPro/libnds/lib/libnds9.a(system.o) (swiDelay)
/opt/devkitPro/libnds/lib/libnds9.a(debugprint.o)
                              /opt/devkitPro/libnds/lib/libnds9.a(console.o) (nocashMessage)
/opt/devkitPro/libnds/lib/libnds9.a(interruptDispatcher.o)
                              /opt/devkitPro/libnds/lib/libnds9.a(interrupts.o) (IntrMain)
/opt/devkitPro/libnds/lib/libnds9.a(default_font.bin.o)
                              /opt/devkitPro/libnds/lib/libnds9.a(console.o) (default_font_bin)
/opt/devkitPro/libnds/lib/libnds9.a(background.o)
                              /opt/devkitPro/libnds/lib/libnds9.a(console.o) (bgState)
/opt/devkitPro/libnds/lib/libnds9.a(trig.o)
                              /opt/devkitPro/libnds/lib/libnds9.a(videoGL.o) (sinLerp)
/opt/devkitPro/libnds/lib/libmm9.a(mm_comms.o)
                              game.o (mmEffect)
/opt/devkitPro/libnds/lib/libmm9.a(mm_main9.o)
                              /opt/devkitPro/libnds/lib/libmm9.a(mm_comms.o) (mmCallback)
/opt/devkitPro/libnds/lib/libmm9.a(mm_memory.o)
                              game.o (mmLoadEffect)
/opt/devkitPro/libnds/lib/libmm9.a(mm_soundbank.o)
                              /opt/devkitPro/libnds/lib/libmm9.a(mm_main9.o) (mmSoundBankInMemory)
/opt/devkitPro/libnds/lib/libmm9.a(mm_flusher.o)
                              /opt/devkitPro/libnds/lib/libmm9.a(mm_memory.o) (mmFlushBank)
/opt/devkitPro/devkitARM/lib/gcc/arm-eabi/4.3.3/thumb/libgcc.a(_udivsi3.o)
                              /opt/devkitPro/libnds/lib/libdswifi9.a(sgIP_DHCP.o) (__aeabi_uidiv)
/opt/devkitPro/devkitARM/lib/gcc/arm-eabi/4.3.3/thumb/libgcc.a(_divsi3.o)
[...]
Memory Configuration

Name             Origin             Length             Attributes
rom              0x08000000         0x02000000
ewram            0x02000000         0x003ff000
dtcm             0x0b000000         0x00004000
vectors          0x01000000         0x00000100
itcm             0x01000100         0x00007f00
*default*        0x00000000         0xffffffff

Linker script and memory map

                0x01000000                __vectors_start = 0x1000000
                0x01000100                __itcm_start = 0x1000100
                0x023ff000                __ewram_end = 0x23ff000
                0x023ff000                __eheap_end = 0x23ff000
                0x0b000000                __dtcm_start = 0xb000000
                0x0b004000                __dtcm_top = 0xb004000
                0x0b003ff8                __irq_flags = (__dtcm_top - 0x8)
                0x0b003ffc                __irq_vector = (__dtcm_top - 0x4)
                0x0b003f00                __sp_svc = (__dtcm_top - 0x100)
                0x0b003e00                __sp_irq = (__sp_svc - 0x100)
                0x0b003d00                __sp_usr = (__sp_irq - 0x100)

.init           0x02000000      0x30c
                0x02000000                __text_start = .
 *(.init)
 .init          0x02000000      0x300 /opt/devkitPro/devkitARM/lib/gcc/arm-eabi/4.3.3/../../../../arm-eabi/lib/thumb/ds_arm9_crt0.o
                0x02000000                _start
 .init          0x02000300        0x4 /opt/devkitPro/devkitARM/lib/gcc/arm-eabi/4.3.3/thumb/crti.o
                0x02000300                _init
 .init          0x02000304        0x8 /opt/devkitPro/devkitARM/lib/gcc/arm-eabi/4.3.3/thumb/crtn.o
                0x0200030c                . = ALIGN (0x4)

.plt
 *(.plt)

.text           0x02000310    0x14e00
 *(EXCLUDE_FILE(*.itcm*) .text)
 .text          0x02000310        0x0 /opt/devkitPro/devkitARM/lib/gcc/arm-eabi/4.3.3/../../../../arm-eabi/lib/thumb/ds_arm9_crt0.o
 .text          0x02000310        0x0 /opt/devkitPro/devkitARM/lib/gcc/arm-eabi/4.3.3/thumb/crti.o
 .text          0x02000310       0x70 /opt/devkitPro/devkitARM/lib/gcc/arm-eabi/4.3.3/thumb/crtbegin.o
 .text          0x02000380        0x0 soundbank.bin.o
 .text          0x02000380        0x0 fire_missle.o
 .text          0x02000380      0x5ec battlefield.o
                0x020003d8                destroy_battlefield
                0x02000954                remove_temp_missle
                0x02000858                available
                0x0200051c                missle_pos_inside
                0x02000550                add
                0x02000654                add_temp
                0x020007b4                valid
                0x02000380                create_battlefield
                0x020004d8                fire_available
                0x0200093c                add_temp_missle
                0x020007ec                inside
                0x02000704                remove_temp
                0x020003f4                fire
                0x02000470                set
 *fill*         0x0200096c        0x4 ff
 .text          0x02000970      0xf80 game.o
                0x02000ad8                find_pair
                0x02000bc0                place_ships
                0x020014a0                move_temp
                0x02001718                move_temp_touch
                0x020017f8                end_game
                0x02000f24                play_game
                0x02000a68                reset_game_parameters
                0x02000ae8                wait_start
                0x02000970                init_game
 .text          0x020018f0      0x738 graphics_manager.o
                0x02001ee4                tile_shower
                0x02001ea4                show_missle_sub
                0x02001b18                show_land
                0x02001ec4                remove_missle_sub
                0x02001ad8                init_toplevel
                0x02001e1c                show_land_sub
                0x020018f0                blinking_timer0_ISR
                0x02001918                configure_graphics_main
                0x02001ba0                show_land_toplevel
                0x02001f94                tile_shower_2x2
                0x02001904                blinking_timer1_ISR
                0x02001c30                configure_graphics_sub
 .text          0x02002028       0x3c main.o
                0x02002028                main
 .text          0x02002064       0x54 ship.o
                0x02002064                create_ship
                0x020020a4                destroy_ship
 .text          0x020020b8      0x328 wifi.o
                0x0200232c                send_missle
                0x020020b8                connect_wifi
                0x020021d8                send_ship_placed
                0x0200228c                receive_missle_packet
                0x02002248                send_missle_packet
                0x02002188                send_ready_packet
                0x020022dc                send_missle_response
                0x02002208                listen_placed_ships
                0x0200210c                wait_pairing_packet
                0x02002364                receive
                0x020020e4                send_pairing_packet
                0x020021a4                ready_packet_received
 .text          0x020023e0      0x2d0 WiFi_minilib.o
                0x020024b8                openSocket
                0x020023e0                initWiFi
                0x020025d0                disconnectFromWiFi
                0x02002640                receiveData
                0x020025f0                sendData
                0x0200259c                closeSocket
 .text          0x020026b0      0x204 /opt/devkitPro/libnds/lib/libdswifi9.a(sgIP_Hub.o)
                0x020027e4                sgIP_Hub_SendRawPacket
                0x02002854                sgIP_Hub_ReceiveHardwarePacket
                0x02002788                sgIP_Hub_GetCompatibleIP
                0x020027c4                htonl
                0x02002700                sgIP_Hub_AddHardwareInterface
                0x02002760                sgIP_Hub_RemoveHardwareInterface
                0x020027a0                sgIP_Hub_GetDefaultInterface
                0x020026b0                sgIP_Hub_Init
                0x02002780                sgIP_Hub_IPMaxMessageSize
                0x020026c4                sgIP_Hub_AddProtocolInterface
                0x020027b4                htons
                0x0200280c                sgIP_Hub_SendProtocolPacket
                0x02002740                sgIP_Hub_RemoveProtocolInterface
 .text          0x020028b4      0x2e0 /opt/devkitPro/libnds/lib/libdswifi9.a(sgIP_memblock.o)
                0x02002af8                sgIP_memblock_free
                0x02002a0c                sgIP_memblock_CopyFromLinear
                0x02002b84                sgIP_memblock_alloc
                0x02002a08                sgIP_memblock_CopyBlock
                0x02002a84                sgIP_memblock_CopyToLinear
                0x020028e8                sgIP_memblock_IPChecksum
                0x020028b4                sgIP_memblock_Init
                0x020028b8                sgIP_memblock_exposeheader
                0x02002b28                sgIP_memblock_trimsize
                0x02002b5c                sgIP_memblock_allocHW
 .text          0x02002b94      0xb4c /opt/devkitPro/libnds/lib/libdswifi9.a(sgIP_sockets.o)
                0x02002f8c                ioctl
                0x02003374                recv
                0x020034ac                connect
                0x02003024                kill_socket
                0x02003234                recvfrom
                0x02003648                socket
                0x02002bbc                select
                0x02003410                send
                0x0200310c                accept
                0x02002b94                sgIP_sockets_Init
                0x02003594                bind
                0x02002bb4                setsockopt
                0x02003300                sendto
                0x020031e4                listen
                0x0200305c                spawn_socket
                0x020030bc                shutdown
                0x02002e44                gethostbyname
                0x020035f4                closesocket
                0x02002ef4                getpeername
                0x02002bb8                getsockopt
                0x02002e50                getsockname
 .text          0x020036e0     0x15dc /opt/devkitPro/libnds/lib/libdswifi9.a(wifi_arm9.o)
                0x02004bf0                Wifi_InitDefault
                0x020037c0                wHeapFree
                0x02003af8                Wifi_RawSetPacketHandler
                0x02003b48                Wifi_SetPromiscuousMode
                0x020040f4                wifiValue32Handler
                0x02003b04                Wifi_SetSyncHandler
                0x02003d1c                Wifi_GetData
                0x02003988                Wifi_RawTxFrame
                0x0200380c                ethhdr_print
                0x02003dc4                Wifi_SetIP
                0x02004b34                wHeapAllocInit
                0x02003c24                Wifi_DisconnectAP
                0x02003db4                arm9_synctoarm7
                0x02003cdc                Wifi_GetIPInfo
                0x02003b94                Wifi_SetChannel
                0x02004108                Wifi_Timer
                0x02003c9c                Wifi_CheckInit
                0x020036f0                sgIP_RestoreInterrupts
                0x02003700                sgIP_IntrWaitEvent
                0x02004b5c                Wifi_Init
                0x02004128                Wifi_TransmitFunction
                0x0200452c                Wifi_FindMatchingAP
                0x02003bbc                Wifi_GetNumAP
                0x02003824                Wifi_CopyMacAddr
                0x020040e8                Wifi_Sync
                0x02003810                erasemem
                0x02003b2c                Wifi_EnableWifi
                0x020038ec                Wifi_RxRawReadPacket
                0x02003c54                Wifi_Interface_Init
                0x02004a04                Wifi_ConnectAP
                0x02003cc8                Wifi_GetIP
                0x02004118                Timer_50ms
                0x02003d18                Wifi_SetDHCP
                0x02003834                Wifi_CmpMacAddr
                0x02003b78                Wifi_ScanMode
                0x02004484                Wifi_GetAPData
                0x02003bf4                Wifi_AutoConnect
                0x020037ec                sgIP_free
                0x0200465c                Wifi_AssocStatus
                0x020037e0                sgIP_malloc
                0x02003860                Wifi_TxBufferWordsAvailable
                0x02003704                wHeapAlloc
                0x02003888                Wifi_TxBufferWrite
                0x02003dec                Wifi_Update
                0x0200395c                Wifi_RxReadOffset
                0x02003d90                Wifi_GetStats
                0x02003b10                Wifi_DisableWifi
                0x020036e0                sgIP_DisableInterrupts
 .text          0x02004cbc       0x5c /opt/devkitPro/libnds/lib/libdswifi9.a(spinlock.o)
                0x02004cbc                SLasm_Acquire
                0x02004cf0                SLasm_Release
 .text          0x02004d18       0xa4 /opt/devkitPro/libnds/lib/libdswifi9.a(sgIP.o)
                0x02004d18                sgIP_Timer
                0x02004d80                sgIP_Init
 .text          0x02004dbc      0x668 /opt/devkitPro/libnds/lib/libdswifi9.a(sgIP_ARP.o)
                0x02005308                sgIP_ARP_ProcessARPFrame
                0x02004df0                sgIP_is_broadcast_address
                0x02005100                sgIP_ARP_Timer100ms
                0x02004e00                sgIP_ARP_Init
                0x02004f3c                sgIP_ARP_SendGratARP
                0x02004e54                sgIP_ARP_ProcessIPFrame
                0x02004dfc                sgIP_ARP_Check_isok
                0x02004e20                sgIP_ARP_FlushInterface
                0x02004e58                sgIP_ARP_SendARPRequest
                0x02005020                sgIP_ARP_SendARPResponse
                0x020051d0                sgIP_ARP_SendProtocolFrame
                0x02005178                sgIP_GetArpSlot
                0x02004dbc                sgIP_FindArpSlot
 .text          0x02005424      0x8e8 /opt/devkitPro/libnds/lib/libdswifi9.a(sgIP_DHCP.o)
                0x02005424                sgIP_DHCP_IsDhcpIp
                0x02005ccc                sgIP_DHCP_Init
                0x02005808                sgIP_DHCP_Update
                0x02005bc8                sgIP_DHCP_Release
                0x02005544                sgIP_DHCP_BeginDgram
                0x0200550c                sgIP_DHCP_Terminate
                0x02005434                sethostname
                0x0200578c                sgIP_DHCP_SendDgram
                0x020054b0                gethostname
                0x02005c00                sgIP_DHCP_Start
                0x020054f0                sgIP_DHCP_SetHostName
 .text          0x02005d0c      0xabc /opt/devkitPro/libnds/lib/libdswifi9.a(sgIP_DNS.o)
                0x020063b4                sgIP_DNS_gethostbyname
                0x02005f98                sgIP_DNS_GetUnusedRecord
                0x0200602c                sgIP_DNS_FindDNSRecord
                0x02006398                inet_addr
                0x02005d44                sgIP_DNS_Timer1000ms
                0x02005e3c                sgIP_DNS_GenerateHostent
                0x0200637c                inet_aton
                0x02005f84                inet_ntoa
                0x02005d0c                sgIP_DNS_Init
                0x02006144                sgIP_DNS_isipaddress
                0x02005f10                sgIP_DNS_CopyAliasAt
 .text          0x020067c8      0x150 /opt/devkitPro/libnds/lib/libdswifi9.a(sgIP_IP.o)
                0x020067c8                sgIP_IP_RequiredHeaderSize
                0x02006880                sgIP_IP_ReceivePacket
                0x020067e0                sgIP_IP_SendViaIP
                0x020067cc                sgIP_IP_GetLocalBindAddr
                0x02006870                sgIP_IP_MaxContentsSize
 .text          0x02006918     0x11cc /opt/devkitPro/libnds/lib/libdswifi9.a(sgIP_TCP.o)
                0x02006918                sgIP_TCP_Init
                0x0200699c                sgIP_TCP_GetUnusedOutgoingPort
                0x02006a08                sgIP_TCP_Close
                0x02007218                sgIP_TCP_Timer
                0x02006f38                sgIP_TCP_Recv
                0x02006b30                sgIP_TCP_AllocRecord
                0x02006b80                sgIP_TCP_FreeRecord
                0x02007484                sgIP_TCP_CalcChecksum
                0x02006a38                sgIP_TCP_Accept
                0x02006c6c                sgIP_TCP_GenHeader
                0x02006ad8                sgIP_TCP_Listen
                0x0200714c                sgIP_TCP_Connect
                0x02006dac                sgIP_TCP_SendSynReply
                0x020074f0                sgIP_TCP_ReceivePacket
                0x02006e50                sgIP_TCP_SendPacket
                0x02007038                sgIP_TCP_Send
                0x0200694c                sgIP_TCP_support_seqhash
                0x02006ab0                sgIP_TCP_Bind
                0x02006d30                sgIP_TCP_FixChecksum
 .text          0x02007ae4      0x474 /opt/devkitPro/libnds/lib/libdswifi9.a(sgIP_UDP.o)
                0x02007b68                sgIP_UDP_Bind
                0x02007b00                sgIP_UDP_GetUnusedOutgoingPort
                0x02007d3c                sgIP_UDP_CalcChecksum
                0x02007ae4                sgIP_UDP_Init
                0x02007c98                sgIP_UDP_FreeRecord
                0x02007db0                sgIP_UDP_SendPacket
                0x02007eac                sgIP_UDP_ReceivePacket
                0x02007e98                sgIP_UDP_SendTo
                0x02007ba4                sgIP_UDP_RecvFrom
                0x02007cfc                sgIP_UDP_AllocRecord
 .text          0x02007f58       0x6c /opt/devkitPro/libnds/lib/libdswifi9.a(sgIP_ICMP.o)
                0x02007f5c                sgIP_ICMP_ReceivePacket
                0x02007f58                sgIP_ICMP_Init
 .text          0x02007fc4      0xa28 /opt/devkitPro/libnds/lib/libnds9.a(console.o)
                0x020086f4                con_write
                0x02007fc4                consoleGetDefault
                0x02008548                consoleInit
                0x0200849c                consoleSetFont
                0x020089bc                nocash_write
                0x02008078                consolePrintChar
                0x020084e8                consoleClear
                0x020084c0                consoleSetWindow
                0x02007fcc                consoleSelect
                0x020086b8                consoleDemoInit
                0x02008224                consoleLoadFont
                0x020084fc                consoleDebugInit
 .text          0x020089ec       0xec /opt/devkitPro/libnds/lib/libnds9.a(initSystem.o)
                0x020089ec                initSystem
 .text          0x02008ad8      0x134 /opt/devkitPro/libnds/lib/libnds9.a(keys.o)
                0x02008b98                keysSetRepeat
                0x02008b88                keysDownRepeat
                0x02008bd4                keysCurrent
                0x02008b68                keysHeld
                0x02008bbc                keysUp
                0x02008b74                keysDown
                0x02008ad8                scanKeys
 .text          0x02008c0c       0xf4 /opt/devkitPro/libnds/lib/libnds9.a(system.o)
                0x02008cbc                systemMsgHandler
                0x02008c54                powerOn
                0x02008ca4                powerValueHandler
                0x02008c0c                ledBlink
                0x02008c88                systemSleep
                0x02008c24                powerOff
 .text          0x02008d00       0x4c /opt/devkitPro/libnds/lib/libnds9.a(touch.o)
                0x02008d00                touchRead
                0x02008d28                touchReadXY
 .text          0x02008d4c      0x144 /opt/devkitPro/libnds/lib/libnds9.a(video.o)
                0x02008e00                vramSetBankF
                0x02008d90                vramRestoreMainBanks
                0x02008e28                vramSetBankH
                0x02008dd8                vramSetBankD
                0x02008dec                vramSetBankE
                0x02008e50                setBrightness
                0x02008e14                vramSetBankG
                0x02008db0                vramSetBankB
                0x02008dc4                vramSetBankC
                0x02008e3c                vramSetBankI
                0x02008d4c                vramSetMainBanks
                0x02008d9c                vramSetBankA
 .text          0x02008e90      0xa94 /opt/devkitPro/libnds/lib/libnds9.a(videoGL.o)
                0x02008fd8                glTexCoord2f32
                0x02009314                glTexImage2D
                0x02008f4c                glGenTextures
                0x02008f1c                glResetTextures
                0x02009630                glRotatef32i
                0x020092bc                glTexLoadPal
                0x02009064                glTexParameter
                0x02008e90                glGetGlobals
                0x020090e4                getNextPaletteSlot
                0x02009138                vramGetBank
                0x020090d4                alignVal
                0x020090bc                glGetTexParameter
                0x020092f0                gluTexLoadPal
                0x02008e98                glMaterialf
                0x02008f8c                glBindTexture
                0x02009094                glGetTexturePointer
                0x020091f8                vramIsTextureBank
                0x02008fbc                glColorTable
                0x02009258                getNextTextureSlot
                0x0200948c                glInit_C
 .text          0x02009924     0x18b8 /opt/devkitPro/libnds/lib/libnds9.a(fifosystem.o)
                0x0200a8c0                fifoInternalRecvPopFirst
                0x020099ac                fifoCheckValue32
                0x02009abc                fifoCheckDatamsgLength
                0x0200a2b4                fifoGetLostWordCount
                0x0200a224                fifoGetBufferUsage
                0x0200af84                fifoSendValue32
                0x0200ae94                fifoInternalSend
                0x02009f8c                fifoGetDatamsg
                0x02009da4                fifoGetValue32
                0x02009bbc                fifoGetAddress
                0x02009b4c                fifoCountDatamsg
                0x02009ef4                fifoForceValue32Handler
                0x02009a34                fifoCheckDatamsg
                0x0200a860                fifoInternalRecvPeek
                0x0200adb4                fifoInternalAllocFreeBlock
                0x02009d7c                fifoSetAddressHandler
                0x0200a820                fifoInternalProtect
                0x0200a168                fifoForceDatamsgHandler
                0x0200acc8                fifoInternalSendEnqueue
                0x0200af2c                fifoSendDatamsg
                0x0200ab00                fifoInternalSendEmpty
                0x0200ac4c                fifoInternalSendInterrupt
                0x0200afcc                fifoSendAddress
                0x0200ab10                fifoInternalSendDeque
                0x0200a2c0                fifoInternalRecvInterrupt
                0x02009924                fifoCheckAddress
                0x0200ae08                fifoInternalFreeCheck
                0x0200a994                fifoInternalRecvWordCount
                0x0200aa14                fifoInternalRecvPushBack
                0x0200a83c                fifoInternalUnprotect
                0x02009d0c                fifoForceAddressHandler
                0x02009f64                fifoSetValue32Handler
                0x0200abe4                fifoInternalBeginSend
                0x0200b008                fifoInit
                0x0200a1fc                fifoSetDatamsgHandler
                0x0200ade4                fifoInternalFreeBlock
 .text          0x0200b1dc      0x1a8 /opt/devkitPro/libnds/lib/libnds9.a(interrupts.o)
                0x0200b2bc                irqEnable
                0x0200b1e0                irqSet
                0x0200b308                irqDisable
                0x0200b240                irqInit
                0x0200b1dc                irqDummy
                0x0200b28c                irqInitHandler
                0x0200b354                irqClear
 .text          0x0200b384       0x70 /opt/devkitPro/libnds/lib/libnds9.a(dcache.o)
                0x0200b384                DC_FlushAll
                0x0200b3b0                DC_FlushRange
                0x0200b3d8                DC_InvalidateRange
                0x0200b3cc                DC_InvalidateAll
 *fill*         0x0200b3f4        0xc ff
 .text          0x0200b400       0x70 /opt/devkitPro/libnds/lib/libnds9.a(biosCalls.o)
                0x0200b410                swiSleep
                0x0200b44a                swiDecompressLZSSVram
                0x0200b432                swiFastCopy
                0x0200b436                swiSqrt
                0x0200b400                swiSoftReset
                0x0200b43a                swiCRC16
                0x0200b44e                swiDecompressHuffman
                0x0200b466                swiSetHaltCR
                0x0200b41c                swiRemainder
                0x0200b442                swiUnpackBits
                0x0200b446                swiDecompressLZSSWram
                0x0200b462                swiDecodeDelta16
                0x0200b404                swiDelay
                0x0200b422                swiDivMod
                0x0200b456                swiDecompressRLEVram
                0x0200b452                swiDecompressRLEWram
                0x0200b45e                swiDecodeDelta8
                0x0200b418                swiDivide
                0x0200b414                swiChangeSoundBias
                0x0200b40c                swiWaitForVBlank
                0x0200b408                swiIntrWait
                0x0200b43e                swiIsDebugger
                0x0200b45a                swiWaitForIRQ
                0x0200b42e                swiCopy
 .text          0x0200b470       0x98 /opt/devkitPro/libnds/lib/libnds9.a(debugprint.o)
                0x0200b470                nocashMessage
 .text          0x0200b508        0x0 /opt/devkitPro/libnds/lib/libnds9.a(interruptDispatcher.o)
 .text          0x0200b508        0x0 /opt/devkitPro/libnds/lib/libnds9.a(default_font.bin.o)
 .text          0x0200b508      0x320 /opt/devkitPro/libnds/lib/libnds9.a(background.o)
                0x0200b564                bgUpdate
                0x0200b758                bgInit_call
                0x0200b514                checkIfText
                0x0200b65c                bgInitSub_call
                0x0200b508                bgIsText
 .text          0x0200b828      0x264 /opt/devkitPro/libnds/lib/libnds9.a(trig.o)
                0x0200b9c0                arcSinComp
                0x0200b9f0                asinLerp
                0x0200b980                tanLerp
                0x0200b828                sinLutLookup
                0x0200b934                tanLutLookup
                0x0200b918                cosLerp
                0x0200ba70                acosLerp
                0x0200b878                sinLerp
 .text          0x0200ba8c      0x240 /opt/devkitPro/libnds/lib/libmm9.a(mm_comms.o)
                0x0200bc7a                mmReverbStop
                0x0200bba8                mmEffectVolume
                0x0200bb0e                mmSetModulePitch
                0x0200bb16                mmSelectMode
                0x0200baee                mmPause
                0x0200bb06                mmSetJingleVolume
                0x0200bc12                mmReverbEnable
                0x0200bae4                mmStart
                0x0200bb12                mmSetEffectsVolume
                0x0200bbca                mmEffectCancel
                0x0200bafe                mmJingle
                0x0200baf2                mmResume
                0x0200bb2e                mmStreamEnd
                0x0200bad8                mmLockChannels
                0x0200ba8c                mmSetupComms
                0x0200bade                mmUnlockChannels
                0x0200bbb0                mmEffectRate
                0x0200bb84                mmEffect
                0x0200bb0a                mmSetModuleTempo
                0x0200bbc4                mmEffectRelease
                0x0200bbac                mmEffectPanning
                0x0200bb02                mmSetModuleVolume
                0x0200bc76                mmReverbStart
                0x0200bc1a                mmReverbConfigure
                0x0200bb1a                mmStreamBegin
                0x0200bafa                mmPosition
                0x0200bc16                mmReverbDisable
                0x0200baf6                mmStop
                0x0200bbd0                mmEffectEx
                0x0200bc0e                mmEffectCancelAll
                0x0200bbba                mmEffectScaleRate
                0x0200bace                mmSendBank
 .text          0x0200bccc      0x108 /opt/devkitPro/libnds/lib/libmm9.a(mm_main9.o)
                0x0200bd02                mmInitDefault
                0x0200bd8c                mmRestoreIRQ_t
                0x0200bd4c                mmInitDefaultMem
                0x0200bd6e                mmSuspendIRQ_t
                0x0200bcd8                mmInit
                0x0200bcd2                mmSetEventHandler
                0x0200bccc                mmActive
 .text          0x0200bdd4      0x120 /opt/devkitPro/libnds/lib/libmm9.a(mm_memory.o)
                0x0200bdd4                mmLoad
                0x0200be7c                mmLoadEffect
                0x0200be24                mmUnload
                0x0200beb4                mmUnloadEffect
 .text          0x0200bef4      0x100 /opt/devkitPro/libnds/lib/libmm9.a(mm_soundbank.o)
                0x0200bf3a                mmsHandleFileOp
                0x0200befc                mmSoundBankInFiles
                0x0200bef4                mmSoundBankInMemory
                0x0200bf0e                mmSetCustomSoundBankHandler
 .text          0x0200bff4       0x3c /opt/devkitPro/libnds/lib/libmm9.a(mm_flusher.o)
                0x0200bff4                mmFlushBank
 .text          0x0200c030       0x8c /opt/devkitPro/devkitARM/lib/gcc/arm-eabi/4.3.3/thumb/libgcc.a(_udivsi3.o)
                0x0200c030                __udivsi3
                0x0200c030                __aeabi_uidiv
                0x0200c0ac                __aeabi_uidivmod
 .text          0x0200c0bc       0xa4 /opt/devkitPro/devkitARM/lib/gcc/arm-eabi/4.3.3/thumb/libgcc.a(_divsi3.o)
                0x0200c0bc                __aeabi_idiv
                0x0200c0bc                __divsi3
                0x0200c150                __aeabi_idivmod
 .text          0x0200c160        0x4 /opt/devkitPro/devkitARM/lib/gcc/arm-eabi/4.3.3/thumb/libgcc.a(_dvmd_tls.o)
                0x0200c160                __aeabi_ldiv0
                0x0200c160                __div0
                0x0200c160                __aeabi_idiv0
 .text          0x0200c164      0x41c /opt/devkitPro/devkitARM/lib/gcc/arm-eabi/4.3.3/thumb/libgcc.a(_addsubdf3.o)
                0x0200c520                __floatdidf
                0x0200c4a4                __floatsidf
                0x0200c480                __aeabi_ui2d
                0x0200c164                __aeabi_drsub
                0x0200c4cc                __extendsfdf2
                0x0200c170                __adddf3
                0x0200c480                __floatunsidf
                0x0200c170                __aeabi_dadd
                0x0200c50c                __aeabi_ul2d
                0x0200c16c                __aeabi_dsub
                0x0200c50c                __floatundidf
                0x0200c4a4                __aeabi_i2d
                0x0200c520                __aeabi_l2d
                0x0200c4cc                __aeabi_f2d
                0x0200c16c                __subdf3
 .text          0x0200c580      0x49c /opt/devkitPro/devkitARM/lib/gcc/arm-eabi/4.3.3/thumb/libgcc.a(_muldivdf3.o)
                0x0200c810                __aeabi_ddiv
                0x0200c580                __aeabi_dmul
                0x0200c810                __divdf3
                0x0200c580                __muldf3
 .text          0x0200ca1c       0x5c /opt/devkitPro/devkitARM/lib/gcc/arm-eabi/4.3.3/thumb/libgcc.a(_fixdfsi.o)
                0x0200ca1c                __fixdfsi
                0x0200ca1c                __aeabi_d2iz
 .text          0x0200ca78       0x70 /opt/devkitPro/devkitARM/lib/gcc/arm-eabi/4.3.3/thumb/libgcc.a(_muldi3.o)
                0x0200ca78                __aeabi_lmul
                0x0200ca78                __muldi3
 .text          0x0200cae8       0x5c /opt/devkitPro/devkitARM/lib/gcc/arm-eabi/4.3.3/../../../../arm-eabi/lib/thumb/libg.a(lib_a-bsearch.o)
                0x0200cae8                bsearch
 .text          0x0200cb44        0xc /opt/devkitPro/devkitARM/lib/gcc/arm-eabi/4.3.3/../../../../arm-eabi/lib/thumb/libg.a(lib_a-errno.o)
                0x0200cb44                __errno
 .text          0x0200cb50       0xc0 /opt/devkitPro/devkitARM/lib/gcc/arm-eabi/4.3.3/../../../../arm-eabi/lib/thumb/libg.a(lib_a-fclose.o)
                0x0200cb50                _fclose_r
                0x0200cbf4                fclose
 .text          0x0200cc10      0x150 /opt/devkitPro/devkitARM/lib/gcc/arm-eabi/4.3.3/../../../../arm-eabi/lib/thumb/libg.a(lib_a-fflush.o)
                0x0200cd2c                fflush
                0x0200cc10                _fflush_r
 .text          0x0200cd60      0x1f0 /opt/devkitPro/devkitARM/lib/gcc/arm-eabi/4.3.3/../../../../arm-eabi/lib/thumb/libg.a(lib_a-findfp.o)
                0x0200ce2c                __sinit
                0x0200ce88                __sfmoreglue
                0x0200cdc4                _cleanup
                0x0200cdb0                _cleanup_r
                0x0200cd94                __fp_lock_all
                0x0200cd60                __sfp_lock_acquire
                0x0200cebc                __sfp
                0x0200cd6c                __sinit_lock_release
                0x0200cd78                __fp_unlock_all
                0x0200cd64                __sfp_lock_release
                0x0200cd68                __sinit_lock_acquire
 .text          0x0200cf50       0xa4 /opt/devkitPro/devkitARM/lib/gcc/arm-eabi/4.3.3/../../../../arm-eabi/lib/thumb/libg.a(lib_a-fopen.o)
                0x0200cfd8                fopen
                0x0200cf50                _fopen_r
 .text          0x0200cff4      0x19c /opt/devkitPro/devkitARM/lib/gcc/arm-eabi/4.3.3/../../../../arm-eabi/lib/thumb/libg.a(lib_a-fread.o)
                0x0200d168                fread
                0x0200cff4                _fread_r
 .text          0x0200d190      0x23c /opt/devkitPro/devkitARM/lib/gcc/arm-eabi/4.3.3/../../../../arm-eabi/lib/thumb/libg.a(lib_a-freer.o)
                0x0200d238                _free_r
                0x0200d190                _malloc_trim_r
 .text          0x0200d3cc      0x30c /opt/devkitPro/devkitARM/lib/gcc/arm-eabi/4.3.3/../../../../arm-eabi/lib/thumb/libg.a(lib_a-fseek.o)
                0x0200d6b0                fseek
                0x0200d3cc                _fseek_r
 .text          0x0200d6d8       0xc8 /opt/devkitPro/devkitARM/lib/gcc/arm-eabi/4.3.3/../../../../arm-eabi/lib/thumb/libg.a(lib_a-fwalk.o)
                0x0200d740                _fwalk
                0x0200d6d8                _fwalk_reent
 .text          0x0200d7a0        0x0 /opt/devkitPro/devkitARM/lib/gcc/arm-eabi/4.3.3/../../../../arm-eabi/lib/thumb/libg.a(lib_a-impure.o)
 .text          0x0200d7a0       0x88 /opt/devkitPro/devkitARM/lib/gcc/arm-eabi/4.3.3/../../../../arm-eabi/lib/thumb/libg.a(lib_a-init.o)
                0x0200d7d0                __libc_init_array
                0x0200d7a0                __libc_fini_array
 .text          0x0200d828       0x3c /opt/devkitPro/devkitARM/lib/gcc/arm-eabi/4.3.3/../../../../arm-eabi/lib/thumb/libg.a(lib_a-iprintf.o)
                0x0200d828                _iprintf_r
                0x0200d840                iprintf
 .text          0x0200d864       0xe8 /opt/devkitPro/devkitARM/lib/gcc/arm-eabi/4.3.3/../../../../arm-eabi/lib/thumb/libg.a(lib_a-makebuf.o)
                0x0200d864                __smakebuf_r
 .text          0x0200d94c       0x30 /opt/devkitPro/devkitARM/lib/gcc/arm-eabi/4.3.3/../../../../arm-eabi/lib/thumb/libg.a(lib_a-malloc.o)
                0x0200d964                malloc
                0x0200d94c                free
 .text          0x0200d97c      0x510 /opt/devkitPro/devkitARM/lib/gcc/arm-eabi/4.3.3/../../../../arm-eabi/lib/thumb/libg.a(lib_a-mallocr.o)
                0x0200d97c                _malloc_r
 .text          0x0200de8c       0x88 /opt/devkitPro/devkitARM/lib/gcc/arm-eabi/4.3.3/../../../../arm-eabi/lib/thumb/libg.a(lib_a-memcpy.o)
                0x0200de8c                memcpy
 .text          0x0200df14       0xb0 /opt/devkitPro/devkitARM/lib/gcc/arm-eabi/4.3.3/../../../../arm-eabi/lib/thumb/libg.a(lib_a-memset.o)
                0x0200df14                memset
 .text          0x0200dfc4        0x8 /opt/devkitPro/devkitARM/lib/gcc/arm-eabi/4.3.3/../../../../arm-eabi/lib/thumb/libg.a(lib_a-mlock.o)
                0x0200dfc8                __malloc_unlock
                0x0200dfc4                __malloc_lock
 .text          0x0200dfcc       0x3c /opt/devkitPro/devkitARM/lib/gcc/arm-eabi/4.3.3/../../../../arm-eabi/lib/thumb/libg.a(lib_a-printf.o)
                0x0200dfcc                printf
                0x0200dff0                _printf_r
 .text          0x0200e008       0x88 /opt/devkitPro/devkitARM/lib/gcc/arm-eabi/4.3.3/../../../../arm-eabi/lib/thumb/libg.a(lib_a-puts.o)
                0x0200e008                _puts_r
                0x0200e078                puts
 .text          0x0200e090       0x1c /opt/devkitPro/devkitARM/lib/gcc/arm-eabi/4.3.3/../../../../arm-eabi/lib/thumb/libg.a(lib_a-realloc.o)
                0x0200e090                realloc
 .text          0x0200e0ac      0x340 /opt/devkitPro/devkitARM/lib/gcc/arm-eabi/4.3.3/../../../../arm-eabi/lib/thumb/libg.a(lib_a-reallocr.o)
                0x0200e0ac                _realloc_r
 .text          0x0200e3ec      0x128 /opt/devkitPro/devkitARM/lib/gcc/arm-eabi/4.3.3/../../../../arm-eabi/lib/thumb/libg.a(lib_a-refill.o)
                0x0200e3ec                __srefill_r
 .text          0x0200e514      0x114 /opt/devkitPro/devkitARM/lib/gcc/arm-eabi/4.3.3/../../../../arm-eabi/lib/thumb/libg.a(lib_a-setvbuf.o)
                0x0200e514                setvbuf
 .text          0x0200e628       0xa4 /opt/devkitPro/devkitARM/lib/gcc/arm-eabi/4.3.3/../../../../arm-eabi/lib/thumb/libg.a(lib_a-siscanf.o)
                0x0200e62c                _siscanf_r
                0x0200e67c                siscanf
 .text          0x0200e6cc       0xb8 /opt/devkitPro/devkitARM/lib/gcc/arm-eabi/4.3.3/../../../../arm-eabi/lib/thumb/libg.a(lib_a-stdio.o)
                0x0200e6e0                __sseek
                0x0200e754                __sread
                0x0200e6cc                __sclose
                0x0200e714                __swrite
 .text          0x0200e784       0x5c /opt/devkitPro/devkitARM/lib/gcc/arm-eabi/4.3.3/../../../../arm-eabi/lib/thumb/libg.a(lib_a-strcmp.o)
                0x0200e784                strcmp
 .text          0x0200e7e0       0x60 /opt/devkitPro/devkitARM/lib/gcc/arm-eabi/4.3.3/../../../../arm-eabi/lib/thumb/libg.a(lib_a-strlen.o)
                0x0200e7e0                strlen
 .text          0x0200e840       0x74 /opt/devkitPro/devkitARM/lib/gcc/arm-eabi/4.3.3/../../../../arm-eabi/lib/thumb/libg.a(lib_a-strncpy.o)
                0x0200e840                strncpy
 .text          0x0200e8b4      0x8fc /opt/devkitPro/devkitARM/lib/gcc/arm-eabi/4.3.3/../../../../arm-eabi/lib/thumb/libg.a(lib_a-svfiscanf.o)
                0x0200e988                __ssvfiscanf_r
 .text          0x0200f1b0      0x1a0 /opt/devkitPro/devkitARM/lib/gcc/arm-eabi/4.3.3/../../../../arm-eabi/lib/thumb/libg.a(lib_a-ungetc.o)
                0x0200f334                ungetc
                0x0200f1b0                __submore
                0x0200f22c                _ungetc_r
 .text          0x0200f350      0xc44 /opt/devkitPro/devkitARM/lib/gcc/arm-eabi/4.3.3/../../../../arm-eabi/lib/thumb/libg.a(lib_a-vfiprintf.o)
                0x0200ff70                vfiprintf
                0x0200f370                _vfiprintf_r
 *fill*         0x0200ff94        0x4 ff
 .text          0x0200ff98     0x16f8 /opt/devkitPro/devkitARM/lib/gcc/arm-eabi/4.3.3/../../../../arm-eabi/lib/thumb/libg.a(lib_a-vfprintf.o)
                0x0200ffb8                _vfprintf_r
                0x0201166c                vfprintf
 .text          0x02011690       0x68 /opt/devkitPro/devkitARM/lib/gcc/arm-eabi/4.3.3/../../../../arm-eabi/lib/thumb/libg.a(lib_a-wcrtomb.o)
                0x02011690                _wcrtomb_r
                0x020116d4                wcrtomb
 .text          0x020116f8      0x108 /opt/devkitPro/devkitARM/lib/gcc/arm-eabi/4.3.3/../../../../arm-eabi/lib/thumb/libg.a(lib_a-wcsrtombs.o)
                0x020116f8                _wcsrtombs_r
                0x020117d8                wcsrtombs
 .text          0x02011800      0x2c8 /opt/devkitPro/devkitARM/lib/gcc/arm-eabi/4.3.3/../../../../arm-eabi/lib/thumb/libg.a(lib_a-wctomb_r.o)
                0x02011800                _wctomb_r
 .text          0x02011ac8       0xc8 /opt/devkitPro/devkitARM/lib/gcc/arm-eabi/4.3.3/../../../../arm-eabi/lib/thumb/libg.a(lib_a-wsetup.o)
                0x02011ac8                __swsetup_r
 .text          0x02011b90        0x0 /opt/devkitPro/devkitARM/lib/gcc/arm-eabi/4.3.3/../../../../arm-eabi/lib/thumb/libg.a(lib_a-ctype_.o)
 .text          0x02011b90      0xf70 /opt/devkitPro/devkitARM/lib/gcc/arm-eabi/4.3.3/../../../../arm-eabi/lib/thumb/libg.a(lib_a-dtoa.o)
                0x02011cfc                _dtoa_r
 .text          0x02012b00       0x7c /opt/devkitPro/devkitARM/lib/gcc/arm-eabi/4.3.3/../../../../arm-eabi/lib/thumb/libg.a(lib_a-flags.o)
                0x02012b00                __sflags
 .text          0x02012b7c      0x318 /opt/devkitPro/devkitARM/lib/gcc/arm-eabi/4.3.3/../../../../arm-eabi/lib/thumb/libg.a(lib_a-fvwrite.o)
                0x02012b7c                __sfvwrite_r
 .text          0x02012e94       0xec /opt/devkitPro/devkitARM/lib/gcc/arm-eabi/4.3.3/../../../../arm-eabi/lib/thumb/libg.a(lib_a-iswspace.o)
                0x02012e94                iswspace
 .text          0x02012f80      0x178 /opt/devkitPro/devkitARM/lib/gcc/arm-eabi/4.3.3/../../../../arm-eabi/lib/thumb/libg.a(lib_a-jp2uc.o)
                0x02012f80                __jp2uc
 .text          0x020130f8      0x28c /opt/devkitPro/devkitARM/lib/gcc/arm-eabi/4.3.3/../../../../arm-eabi/lib/thumb/libg.a(lib_a-locale.o)
                0x02013114                _setlocale_r
                0x020130f8                __locale_charset
                0x02013104                _localeconv_r
                0x02013368                setlocale
                0x0201310c                localeconv
 .text          0x02013384       0x70 /opt/devkitPro/devkitARM/lib/gcc/arm-eabi/4.3.3/../../../../arm-eabi/lib/thumb/libg.a(lib_a-mbrtowc.o)
                0x020133cc                mbrtowc
                0x02013384                _mbrtowc_r
 .text          0x020133f4      0x69c /opt/devkitPro/devkitARM/lib/gcc/arm-eabi/4.3.3/../../../../arm-eabi/lib/thumb/libg.a(lib_a-mbtowc_r.o)
                0x020133f4                _mbtowc_r
 .text          0x02013a90       0x8c /opt/devkitPro/devkitARM/lib/gcc/arm-eabi/4.3.3/../../../../arm-eabi/lib/thumb/libg.a(lib_a-memchr.o)
                0x02013a90                memchr
 .text          0x02013b1c       0xb0 /opt/devkitPro/devkitARM/lib/gcc/arm-eabi/4.3.3/../../../../arm-eabi/lib/thumb/libg.a(lib_a-memmove.o)
                0x02013b1c                memmove
 *fill*         0x02013bcc        0x4 ff
 .text          0x02013bd0      0x9e8 /opt/devkitPro/devkitARM/lib/gcc/arm-eabi/4.3.3/../../../../arm-eabi/lib/thumb/libg.a(lib_a-mprec.o)
                0x02013e48                _mprec_log10
                0x02013ed8                __any_on
                0x02013f34                _Balloc
                0x02013df4                __ratio
                0x020143a0                __i2b
                0x02013d38                __b2d
                0x02014518                __s2b
                0x02013ca8                __mcmp
                0x02013bec                __hi0bits
                0x02014460                __pow5mult
                0x02014180                __lshift
                0x02014240                __multiply
                0x02013f88                __d2b
                0x02013e8c                __copybits
                0x02013cec                __ulp
                0x0201405c                __mdiff
                0x02013c40                __lo0bits
                0x020143b8                __multadd
                0x02013bd0                _Bfree
 .text          0x020145b8       0x24 /opt/devkitPro/devkitARM/lib/gcc/arm-eabi/4.3.3/../../../../arm-eabi/lib/thumb/libg.a(lib_a-s_isinfd.o)
                0x020145b8                __isinfd
 .text          0x020145dc       0x1c /opt/devkitPro/devkitARM/lib/gcc/arm-eabi/4.3.3/../../../../arm-eabi/lib/thumb/libg.a(lib_a-s_isnand.o)
                0x020145dc                __isnand
 .text          0x020145f8       0x78 /opt/devkitPro/devkitARM/lib/gcc/arm-eabi/4.3.3/../../../../arm-eabi/lib/thumb/libg.a(lib_a-sccl.o)
                0x020145f8                __sccl
 .text          0x02014670       0x48 /opt/devkitPro/devkitARM/lib/gcc/arm-eabi/4.3.3/../../../../arm-eabi/lib/thumb/libg.a(lib_a-strcpy.o)
                0x02014670                strcpy
 .text          0x020146b8      0x18c /opt/devkitPro/devkitARM/lib/gcc/arm-eabi/4.3.3/../../../../arm-eabi/lib/thumb/libg.a(lib_a-strtol.o)
                0x02014820                strtol
                0x020146b8                _strtol_r
 .text          0x02014844      0x190 /opt/devkitPro/devkitARM/lib/gcc/arm-eabi/4.3.3/../../../../arm-eabi/lib/thumb/libg.a(lib_a-strtoul.o)
                0x020149b0                strtoul
                0x02014844                _strtoul_r
 .text          0x020149d4       0x5c /opt/devkitPro/devkitARM/lib/gcc/arm-eabi/4.3.3/../../../../arm-eabi/lib/thumb/libg.a(lib_a-callocr.o)
                0x020149d4                _calloc_r
 .text          0x02014a30      0x134 /opt/devkitPro/devkitARM/lib/gcc/arm-eabi/4.3.3/../../../../arm-eabi/lib/thumb/libsysbase.a(iosupport.o)
                0x02014b40                RemoveDevice
                0x02014a30                setDefaultDevice
                0x02014a44                AddDevice
                0x02014b20                GetDeviceOpTab
                0x02014abc                FindDevice
 .text          0x02014b64       0x54 /opt/devkitPro/devkitARM/lib/gcc/arm-eabi/4.3.3/../../../../arm-eabi/lib/thumb/libsysbase.a(close.o)
                0x02014b64                _close_r
 .text          0x02014bb8       0x5c /opt/devkitPro/devkitARM/lib/gcc/arm-eabi/4.3.3/../../../../arm-eabi/lib/thumb/libsysbase.a(fstat.o)
                0x02014bb8                _fstat_r
 .text          0x02014c14        0x4 /opt/devkitPro/devkitARM/lib/gcc/arm-eabi/4.3.3/../../../../arm-eabi/lib/thumb/libsysbase.a(isatty.o)
                0x02014c14                _isatty_r
 .text          0x02014c18       0x54 /opt/devkitPro/devkitARM/lib/gcc/arm-eabi/4.3.3/../../../../arm-eabi/lib/thumb/libsysbase.a(lseek.o)
                0x02014c18                _lseek_r
 .text          0x02014c6c       0x9c /opt/devkitPro/devkitARM/lib/gcc/arm-eabi/4.3.3/../../../../arm-eabi/lib/thumb/libsysbase.a(open.o)
                0x02014c6c                _open_r
 .text          0x02014d08       0x54 /opt/devkitPro/devkitARM/lib/gcc/arm-eabi/4.3.3/../../../../arm-eabi/lib/thumb/libsysbase.a(read.o)
                0x02014d08                _read_r
 .text          0x02014d5c       0x54 /opt/devkitPro/devkitARM/lib/gcc/arm-eabi/4.3.3/../../../../arm-eabi/lib/thumb/libsysbase.a(sbrk.o)
                0x02014d5c                _sbrk_r
 .text          0x02014db0       0x4c /opt/devkitPro/devkitARM/lib/gcc/arm-eabi/4.3.3/../../../../arm-eabi/lib/thumb/libsysbase.a(times.o)
                0x02014db8                _gettimeofday_r
                0x02014db0                _times_r
                0x02014de4                _times
 .text          0x02014dfc       0x54 /opt/devkitPro/devkitARM/lib/gcc/arm-eabi/4.3.3/../../../../arm-eabi/lib/thumb/libsysbase.a(write.o)
                0x02014dfc                _write_r
 .text          0x02014e50        0x0 /opt/devkitPro/devkitARM/lib/gcc/arm-eabi/4.3.3/../../../../arm-eabi/lib/thumb/libsysbase.a(malloc_vars.o)
 .text          0x02014e50       0x54 /opt/devkitPro/devkitARM/lib/gcc/arm-eabi/4.3.3/../../../../arm-eabi/lib/thumb/libsysbase.a(build_argv.o)
                0x02014e50                build_argv
 .text          0x02014ea4       0x90 /opt/devkitPro/devkitARM/lib/gcc/arm-eabi/4.3.3/../../../../arm-eabi/lib/thumb/libsysbase.a(handle_manager.o)
                0x02014f04                __release_handle
                0x02014ec4                __alloc_handle
                0x02014ea4                __get_handle
 .text          0x02014f34      0x140 /opt/devkitPro/devkitARM/lib/gcc/arm-eabi/4.3.3/thumb/libgcc.a(_cmpdf2.o)
                0x0201502c                __aeabi_dcmple
                0x02014f44                __cmpdf2
                0x02014f44                __eqdf2
                0x02014f34                __gtdf2
                0x02014fe4                __aeabi_cdcmple
                0x02014fc8                __aeabi_cdrcmple
                0x02014f3c                __ltdf2
                0x02015014                __aeabi_dcmplt
                0x02014f3c                __ledf2
                0x0201505c                __aeabi_dcmpgt
                0x02015044                __aeabi_dcmpge
                0x02014f44                __nedf2
                0x02014ffc                __aeabi_dcmpeq
                0x02014fe4                __aeabi_cdcmpeq
                0x02014f34                __gedf2
 .text          0x02015074       0x9c /opt/devkitPro/devkitARM/lib/gcc/arm-eabi/4.3.3/../../../../arm-eabi/lib/thumb/libg.a(lib_a-strncmp.o)
                0x02015074                strncmp
 .text          0x02015110        0x0 /opt/devkitPro/devkitARM/lib/gcc/arm-eabi/4.3.3/thumb/crtend.o
 .text          0x02015110        0x0 /opt/devkitPro/devkitARM/lib/gcc/arm-eabi/4.3.3/thumb/crtn.o
 *(.text.*)
 *(.stub)
 *(.gnu.warning)
 *(.gnu.linkonce.t*)
 *(.glue_7)
 .glue_7        0x02015110        0x0 /opt/devkitPro/devkitARM/lib/gcc/arm-eabi/4.3.3/../../../../arm-eabi/lib/thumb/ds_arm9_crt0.o
 .glue_7        0x02015110        0x0 /opt/devkitPro/devkitARM/lib/gcc/arm-eabi/4.3.3/thumb/crti.o
 .glue_7        0x02015110        0x0 /opt/devkitPro/devkitARM/lib/gcc/arm-eabi/4.3.3/thumb/crtbegin.o
 .glue_7        0x02015110        0x0 soundbank.bin.o
 .glue_7        0x02015110        0x0 fire_missle.o
 .glue_7        0x02015110        0x0 battlefield.o
 .glue_7        0x02015110        0x0 game.o
 .glue_7        0x02015110        0x0 graphics_manager.o
 .glue_7        0x02015110        0x0 main.o
 .glue_7        0x02015110        0x0 ship.o
 .glue_7        0x02015110        0x0 wifi.o
 .glue_7        0x02015110        0x0 WiFi_minilib.o
 .glue_7        0x02015110        0x0 /opt/devkitPro/libnds/lib/libdswifi9.a(sgIP_Hub.o)
 .glue_7        0x02015110        0x0 /opt/devkitPro/libnds/lib/libdswifi9.a(sgIP_memblock.o)
 .glue_7        0x02015110        0x0 /opt/devkitPro/libnds/lib/libdswifi9.a(sgIP_sockets.o)
 .glue_7        0x02015110        0x0 /opt/devkitPro/libnds/lib/libdswifi9.a(wifi_arm9.o)
 .glue_7        0x02015110        0x0 /opt/devkitPro/libnds/lib/libdswifi9.a(spinlock.o)
 .glue_7        0x02015110        0x0 /opt/devkitPro/libnds/lib/libdswifi9.a(sgIP.o)
 .glue_7        0x02015110        0x0 /opt/devkitPro/libnds/lib/libdswifi9.a(sgIP_ARP.o)
 .glue_7        0x02015110        0x0 /opt/devkitPro/libnds/lib/libdswifi9.a(sgIP_DHCP.o)
 .glue_7        0x02015110        0x0 /opt/devkitPro/libnds/lib/libdswifi9.a(sgIP_DNS.o)
 .glue_7        0x02015110        0x0 /opt/devkitPro/libnds/lib/libdswifi9.a(sgIP_IP.o)
 .glue_7        0x02015110        0x0 /opt/devkitPro/libnds/lib/libdswifi9.a(sgIP_TCP.o)
 .glue_7        0x02015110        0x0 /opt/devkitPro/libnds/lib/libdswifi9.a(sgIP_UDP.o)
 .glue_7        0x02015110        0x0 /opt/devkitPro/libnds/lib/libdswifi9.a(sgIP_ICMP.o)
 .glue_7        0x02015110        0x0 /opt/devkitPro/libnds/lib/libnds9.a(console.o)
 .glue_7        0x02015110        0x0 /opt/devkitPro/libnds/lib/libnds9.a(initSystem.o)
 .glue_7        0x02015110        0x0 /opt/devkitPro/libnds/lib/libnds9.a(keys.o)
 .glue_7        0x02015110        0x0 /opt/devkitPro/libnds/lib/libnds9.a(system.o)
 .glue_7        0x02015110        0x0 /opt/devkitPro/libnds/lib/libnds9.a(touch.o)
 .glue_7        0x02015110        0x0 /opt/devkitPro/libnds/lib/libnds9.a(video.o)
 .glue_7        0x02015110        0x0 /opt/devkitPro/libnds/lib/libnds9.a(videoGL.o)
 .glue_7        0x02015110        0x0 /opt/devkitPro/libnds/lib/libnds9.a(fifosystem.o)
 .glue_7        0x02015110        0x0 /opt/devkitPro/libnds/lib/libnds9.a(interrupts.o)
 .glue_7        0x02015110        0x0 /opt/devkitPro/libnds/lib/libnds9.a(dcache.o)
 .glue_7        0x02015110        0x0 /opt/devkitPro/libnds/lib/libnds9.a(biosCalls.o)
 .glue_7        0x02015110        0x0 /opt/devkitPro/libnds/lib/libnds9.a(debugprint.o)
 .glue_7        0x02015110        0x0 /opt/devkitPro/libnds/lib/libnds9.a(interruptDispatcher.o)
 .glue_7        0x02015110        0x0 /opt/devkitPro/libnds/lib/libnds9.a(default_font.bin.o)
 .glue_7        0x02015110        0x0 /opt/devkitPro/libnds/lib/libnds9.a(background.o)
 .glue_7        0x02015110        0x0 /opt/devkitPro/libnds/lib/libnds9.a(trig.o)
 .glue_7        0x02015110        0x0 /opt/devkitPro/libnds/lib/libmm9.a(mm_comms.o)
 .glue_7        0x02015110        0x0 /opt/devkitPro/libnds/lib/libmm9.a(mm_main9.o)
 .glue_7        0x02015110        0x0 /opt/devkitPro/libnds/lib/libmm9.a(mm_memory.o)
 .glue_7        0x02015110        0x0 /opt/devkitPro/libnds/lib/libmm9.a(mm_soundbank.o)
 .glue_7        0x02015110        0x0 /opt/devkitPro/libnds/lib/libmm9.a(mm_flusher.o)
 .glue_7        0x02015110        0x0 /opt/devkitPro/devkitARM/lib/gcc/arm-eabi/4.3.3/thumb/libgcc.a(_udivsi3.o)
 .glue_7        0x02015110        0x0 /opt/devkitPro/devkitARM/lib/gcc/arm-eabi/4.3.3/thumb/libgcc.a(_divsi3.o)
 .glue_7        0x02015110        0x0 /opt/devkitPro/devkitARM/lib/gcc/arm-eabi/4.3.3/thumb/libgcc.a(_dvmd_tls.o)
 .glue_7        0x02015110        0x0 /opt/devkitPro/devkitARM/lib/gcc/arm-eabi/4.3.3/thumb/libgcc.a(_addsubdf3.o)
 .glue_7        0x02015110        0x0 /opt/devkitPro/devkitARM/lib/gcc/arm-eabi/4.3.3/thumb/libgcc.a(_muldivdf3.o)
 .glue_7        0x02015110        0x0 /opt/devkitPro/devkitARM/lib/gcc/arm-eabi/4.3.3/thumb/libgcc.a(_fixdfsi.o)
 .glue_7        0x02015110        0x0 /opt/devkitPro/devkitARM/lib/gcc/arm-eabi/4.3.3/thumb/libgcc.a(_muldi3.o)
 .glue_7        0x02015110        0x0 /opt/devkitPro/devkitARM/lib/gcc/arm-eabi/4.3.3/../../../../arm-eabi/lib/thumb/libg.a(lib_a-bsearch.o)
 .glue_7        0x02015110        0x0 /opt/devkitPro/devkitARM/lib/gcc/arm-eabi/4.3.3/../../../../arm-eabi/lib/thumb/libg.a(lib_a-errno.o)
 .glue_7        0x02015110        0x0 /opt/devkitPro/devkitARM/lib/gcc/arm-eabi/4.3.3/../../../../arm-eabi/lib/thumb/libg.a(lib_a-fclose.o)
 .glue_7        0x02015110        0x0 /opt/devkitPro/devkitARM/lib/gcc/arm-eabi/4.3.3/../../../../arm-eabi/lib/thumb/libg.a(lib_a-fflush.o)
 .glue_7        0x02015110        0x0 /opt/devkitPro/devkitARM/lib/gcc/arm-eabi/4.3.3/../../../../arm-eabi/lib/thumb/libg.a(lib_a-findfp.o)
 .glue_7        0x02015110        0x0 /opt/devkitPro/devkitARM/lib/gcc/arm-eabi/4.3.3/../../../../arm-eabi/lib/thumb/libg.a(lib_a-fopen.o)
 .glue_7        0x02015110        0x0 /opt/devkitPro/devkitARM/lib/gcc/arm-eabi/4.3.3/../../../../arm-eabi/lib/thumb/libg.a(lib_a-fread.o)
 .glue_7        0x02015110        0x0 /opt/devkitPro/devkitARM/lib/gcc/arm-eabi/4.3.3/../../../../arm-eabi/lib/thumb/libg.a(lib_a-freer.o)
 .glue_7        0x02015110        0x0 /opt/devkitPro/devkitARM/lib/gcc/arm-eabi/4.3.3/../../../../arm-eabi/lib/thumb/libg.a(lib_a-fseek.o)
 .glue_7        0x02015110        0x0 /opt/devkitPro/devkitARM/lib/gcc/arm-eabi/4.3.3/../../../../arm-eabi/lib/thumb/libg.a(lib_a-fwalk.o)
 .glue_7        0x02015110        0x0 /opt/devkitPro/devkitARM/lib/gcc/arm-eabi/4.3.3/../../../../arm-eabi/lib/thumb/libg.a(lib_a-impure.o)
 .glue_7        0x02015110        0x0 /opt/devkitPro/devkitARM/lib/gcc/arm-eabi/4.3.3/../../../../arm-eabi/lib/thumb/libg.a(lib_a-init.o)
 .glue_7        0x02015110        0x0 /opt/devkitPro/devkitARM/lib/gcc/arm-eabi/4.3.3/../../../../arm-eabi/lib/thumb/libg.a(lib_a-iprintf.o)
 .glue_7        0x02015110        0x0 /opt/devkitPro/devkitARM/lib/gcc/arm-eabi/4.3.3/../../../../arm-eabi/lib/thumb/libg.a(lib_a-makebuf.o)
 .glue_7        0x02015110        0x0 /opt/devkitPro/devkitARM/lib/gcc/arm-eabi/4.3.3/../../../../arm-eabi/lib/thumb/libg.a(lib_a-malloc.o)
 .glue_7        0x02015110        0x0 /opt/devkitPro/devkitARM/lib/gcc/arm-eabi/4.3.3/../../../../arm-eabi/lib/thumb/libg.a(lib_a-mallocr.o)
 .glue_7        0x02015110        0x0 /opt/devkitPro/devkitARM/lib/gcc/arm-eabi/4.3.3/../../../../arm-eabi/lib/thumb/libg.a(lib_a-memcpy.o)
 .glue_7        0x02015110        0x0 /opt/devkitPro/devkitARM/lib/gcc/arm-eabi/4.3.3/../../../../arm-eabi/lib/thumb/libg.a(lib_a-memset.o)
 .glue_7        0x02015110        0x0 /opt/devkitPro/devkitARM/lib/gcc/arm-eabi/4.3.3/../../../../arm-eabi/lib/thumb/libg.a(lib_a-mlock.o)
 .glue_7        0x02015110        0x0 /opt/devkitPro/devkitARM/lib/gcc/arm-eabi/4.3.3/../../../../arm-eabi/lib/thumb/libg.a(lib_a-printf.o)
 .glue_7        0x02015110        0x0 /opt/devkitPro/devkitARM/lib/gcc/arm-eabi/4.3.3/../../../../arm-eabi/lib/thumb/libg.a(lib_a-puts.o)
 .glue_7        0x02015110        0x0 /opt/devkitPro/devkitARM/lib/gcc/arm-eabi/4.3.3/../../../../arm-eabi/lib/thumb/libg.a(lib_a-realloc.o)
 .glue_7        0x02015110        0x0 /opt/devkitPro/devkitARM/lib/gcc/arm-eabi/4.3.3/../../../../arm-eabi/lib/thumb/libg.a(lib_a-reallocr.o)
 .glue_7        0x02015110        0x0 /opt/devkitPro/devkitARM/lib/gcc/arm-eabi/4.3.3/../../../../arm-eabi/lib/thumb/libg.a(lib_a-refill.o)
 .glue_7        0x02015110        0x0 /opt/devkitPro/devkitARM/lib/gcc/arm-eabi/4.3.3/../../../../arm-eabi/lib/thumb/libg.a(lib_a-setvbuf.o)
 .glue_7        0x02015110        0x0 /opt/devkitPro/devkitARM/lib/gcc/arm-eabi/4.3.3/../../../../arm-eabi/lib/thumb/libg.a(lib_a-siscanf.o)
 .glue_7        0x02015110        0x0 /opt/devkitPro/devkitARM/lib/gcc/arm-eabi/4.3.3/../../../../arm-eabi/lib/thumb/libg.a(lib_a-stdio.o)
 .glue_7        0x02015110        0x0 /opt/devkitPro/devkitARM/lib/gcc/arm-eabi/4.3.3/../../../../arm-eabi/lib/thumb/libg.a(lib_a-strcmp.o)
 .glue_7        0x02015110        0x0 /opt/devkitPro/devkitARM/lib/gcc/arm-eabi/4.3.3/../../../../arm-eabi/lib/thumb/libg.a(lib_a-strlen.o)
 .glue_7        0x02015110        0x0 /opt/devkitPro/devkitARM/lib/gcc/arm-eabi/4.3.3/../../../../arm-eabi/lib/thumb/libg.a(lib_a-strncpy.o)
 .glue_7        0x02015110        0x0 /opt/devkitPro/devkitARM/lib/gcc/arm-eabi/4.3.3/../../../../arm-eabi/lib/thumb/libg.a(lib_a-svfiscanf.o)
 .glue_7        0x02015110        0x0 /opt/devkitPro/devkitARM/lib/gcc/arm-eabi/4.3.3/../../../../arm-eabi/lib/thumb/libg.a(lib_a-ungetc.o)
 .glue_7        0x02015110        0x0 /opt/devkitPro/devkitARM/lib/gcc/arm-eabi/4.3.3/../../../../arm-eabi/lib/thumb/libg.a(lib_a-vfiprintf.o)
 .glue_7        0x02015110        0x0 /opt/devkitPro/devkitARM/lib/gcc/arm-eabi/4.3.3/../../../../arm-eabi/lib/thumb/libg.a(lib_a-vfprintf.o)
 .glue_7        0x02015110        0x0 /opt/devkitPro/devkitARM/lib/gcc/arm-eabi/4.3.3/../../../../arm-eabi/lib/thumb/libg.a(lib_a-wcrtomb.o)
 .glue_7        0x02015110        0x0 /opt/devkitPro/devkitARM/lib/gcc/arm-eabi/4.3.3/../../../../arm-eabi/lib/thumb/libg.a(lib_a-wcsrtombs.o)
 .glue_7        0x02015110        0x0 /opt/devkitPro/devkitARM/lib/gcc/arm-eabi/4.3.3/../../../../arm-eabi/lib/thumb/libg.a(lib_a-wctomb_r.o)
 .glue_7        0x02015110        0x0 /opt/devkitPro/devkitARM/lib/gcc/arm-eabi/4.3.3/../../../../arm-eabi/lib/thumb/libg.a(lib_a-wsetup.o)
 .glue_7        0x02015110        0x0 /opt/devkitPro/devkitARM/lib/gcc/arm-eabi/4.3.3/../../../../arm-eabi/lib/thumb/libg.a(lib_a-ctype_.o)
 .glue_7        0x02015110        0x0 /opt/devkitPro/devkitARM/lib/gcc/arm-eabi/4.3.3/../../../../arm-eabi/lib/thumb/libg.a(lib_a-dtoa.o)
 .glue_7        0x02015110        0x0 /opt/devkitPro/devkitARM/lib/gcc/arm-eabi/4.3.3/../../../../arm-eabi/lib/thumb/libg.a(lib_a-flags.o)
 .glue_7        0x02015110        0x0 /opt/devkitPro/devkitARM/lib/gcc/arm-eabi/4.3.3/../../../../arm-eabi/lib/thumb/libg.a(lib_a-fvwrite.o)
 .glue_7        0x02015110        0x0 /opt/devkitPro/devkitARM/lib/gcc/arm-eabi/4.3.3/../../../../arm-eabi/lib/thumb/libg.a(lib_a-iswspace.o)
 .glue_7        0x02015110        0x0 /opt/devkitPro/devkitARM/lib/gcc/arm-eabi/4.3.3/../../../../arm-eabi/lib/thumb/libg.a(lib_a-jp2uc.o)
 .glue_7        0x02015110        0x0 /opt/devkitPro/devkitARM/lib/gcc/arm-eabi/4.3.3/../../../../arm-eabi/lib/thumb/libg.a(lib_a-locale.o)
 .glue_7        0x02015110        0x0 /opt/devkitPro/devkitARM/lib/gcc/arm-eabi/4.3.3/../../../../arm-eabi/lib/thumb/libg.a(lib_a-mbrtowc.o)
 .glue_7        0x02015110        0x0 /opt/devkitPro/devkitARM/lib/gcc/arm-eabi/4.3.3/../../../../arm-eabi/lib/thumb/libg.a(lib_a-mbtowc_r.o)
 .glue_7        0x02015110        0x0 /opt/devkitPro/devkitARM/lib/gcc/arm-eabi/4.3.3/../../../../arm-eabi/lib/thumb/libg.a(lib_a-memchr.o)
 .glue_7        0x02015110        0x0 /opt/devkitPro/devkitARM/lib/gcc/arm-eabi/4.3.3/../../../../arm-eabi/lib/thumb/libg.a(lib_a-memmove.o)
 .glue_7        0x02015110        0x0 /opt/devkitPro/devkitARM/lib/gcc/arm-eabi/4.3.3/../../../../arm-eabi/lib/thumb/libg.a(lib_a-mprec.o)
 .glue_7        0x02015110        0x0 /opt/devkitPro/devkitARM/lib/gcc/arm-eabi/4.3.3/../../../../arm-eabi/lib/thumb/libg.a(lib_a-s_isinfd.o)
 .glue_7        0x02015110        0x0 /opt/devkitPro/devkitARM/lib/gcc/arm-eabi/4.3.3/../../../../arm-eabi/lib/thumb/libg.a(lib_a-s_isnand.o)
 .glue_7        0x02015110        0x0 /opt/devkitPro/devkitARM/lib/gcc/arm-eabi/4.3.3/../../../../arm-eabi/lib/thumb/libg.a(lib_a-sccl.o)
 .glue_7        0x02015110        0x0 /opt/devkitPro/devkitARM/lib/gcc/arm-eabi/4.3.3/../../../../arm-eabi/lib/thumb/libg.a(lib_a-strcpy.o)
 .glue_7        0x02015110        0x0 /opt/devkitPro/devkitARM/lib/gcc/arm-eabi/4.3.3/../../../../arm-eabi/lib/thumb/libg.a(lib_a-strtol.o)
 .glue_7        0x02015110        0x0 /opt/devkitPro/devkitARM/lib/gcc/arm-eabi/4.3.3/../../../../arm-eabi/lib/thumb/libg.a(lib_a-strtoul.o)
 .glue_7        0x02015110        0x0 /opt/devkitPro/devkitARM/lib/gcc/arm-eabi/4.3.3/../../../../arm-eabi/lib/thumb/libg.a(lib_a-callocr.o)
 .glue_7        0x02015110        0x0 /opt/devkitPro/devkitARM/lib/gcc/arm-eabi/4.3.3/../../../../arm-eabi/lib/thumb/libsysbase.a(iosupport.o)
 .glue_7        0x02015110        0x0 /opt/devkitPro/devkitARM/lib/gcc/arm-eabi/4.3.3/../../../../arm-eabi/lib/thumb/libsysbase.a(close.o)
 .glue_7        0x02015110        0x0 /opt/devkitPro/devkitARM/lib/gcc/arm-eabi/4.3.3/../../../../arm-eabi/lib/thumb/libsysbase.a(fstat.o)
 .glue_7        0x02015110        0x0 /opt/devkitPro/devkitARM/lib/gcc/arm-eabi/4.3.3/../../../../arm-eabi/lib/thumb/libsysbase.a(isatty.o)
 .glue_7        0x02015110        0x0 /opt/devkitPro/devkitARM/lib/gcc/arm-eabi/4.3.3/../../../../arm-eabi/lib/thumb/libsysbase.a(lseek.o)
 .glue_7        0x02015110        0x0 /opt/devkitPro/devkitARM/lib/gcc/arm-eabi/4.3.3/../../../../arm-eabi/lib/thumb/libsysbase.a(open.o)
 .glue_7        0x02015110        0x0 /opt/devkitPro/devkitARM/lib/gcc/arm-eabi/4.3.3/../../../../arm-eabi/lib/thumb/libsysbase.a(read.o)
 .glue_7        0x02015110        0x0 /opt/devkitPro/devkitARM/lib/gcc/arm-eabi/4.3.3/../../../../arm-eabi/lib/thumb/libsysbase.a(sbrk.o)
 .glue_7        0x02015110        0x0 /opt/devkitPro/devkitARM/lib/gcc/arm-eabi/4.3.3/../../../../arm-eabi/lib/thumb/libsysbase.a(times.o)
 .glue_7        0x02015110        0x0 /opt/devkitPro/devkitARM/lib/gcc/arm-eabi/4.3.3/../../../../arm-eabi/lib/thumb/libsysbase.a(write.o)
 .glue_7        0x02015110        0x0 /opt/devkitPro/devkitARM/lib/gcc/arm-eabi/4.3.3/../../../../arm-eabi/lib/thumb/libsysbase.a(malloc_vars.o)
 .glue_7        0x02015110        0x0 /opt/devkitPro/devkitARM/lib/gcc/arm-eabi/4.3.3/../../../../arm-eabi/lib/thumb/libsysbase.a(build_argv.o)
 .glue_7        0x02015110        0x0 /opt/devkitPro/devkitARM/lib/gcc/arm-eabi/4.3.3/../../../../arm-eabi/lib/thumb/libsysbase.a(handle_manager.o)
 .glue_7        0x02015110        0x0 /opt/devkitPro/devkitARM/lib/gcc/arm-eabi/4.3.3/thumb/libgcc.a(_cmpdf2.o)
 .glue_7        0x02015110        0x0 /opt/devkitPro/devkitARM/lib/gcc/arm-eabi/4.3.3/../../../../arm-eabi/lib/thumb/libg.a(lib_a-strncmp.o)
 .glue_7        0x02015110        0x0 /opt/devkitPro/devkitARM/lib/gcc/arm-eabi/4.3.3/thumb/crtend.o
 .glue_7        0x02015110        0x0 /opt/devkitPro/devkitARM/lib/gcc/arm-eabi/4.3.3/thumb/crtn.o
 *(.glue_7t)
 .glue_7t       0x02015110        0x0 /opt/devkitPro/devkitARM/lib/gcc/arm-eabi/4.3.3/../../../../arm-eabi/lib/thumb/ds_arm9_crt0.o
 .glue_7t       0x02015110        0x0 /opt/devkitPro/devkitARM/lib/gcc/arm-eabi/4.3.3/thumb/crti.o
 .glue_7t       0x02015110        0x0 /opt/devkitPro/devkitARM/lib/gcc/arm-eabi/4.3.3/thumb/crtbegin.o
 .glue_7t       0x02015110        0x0 soundbank.bin.o
 .glue_7t       0x02015110        0x0 fire_missle.o
 .glue_7t       0x02015110        0x0 battlefield.o
 .glue_7t       0x02015110        0x0 game.o
 .glue_7t       0x02015110        0x0 graphics_manager.o
 .glue_7t       0x02015110        0x0 main.o
 .glue_7t       0x02015110        0x0 ship.o
 .glue_7t       0x02015110        0x0 wifi.o
 .glue_7t       0x02015110        0x0 WiFi_minilib.o
 .glue_7t       0x02015110        0x0 /opt/devkitPro/libnds/lib/libdswifi9.a(sgIP_Hub.o)
 .glue_7t       0x02015110        0x0 /opt/devkitPro/libnds/lib/libdswifi9.a(sgIP_memblock.o)
 .glue_7t       0x02015110        0x0 /opt/devkitPro/libnds/lib/libdswifi9.a(sgIP_sockets.o)
 .glue_7t       0x02015110        0x0 /opt/devkitPro/libnds/lib/libdswifi9.a(wifi_arm9.o)
 .glue_7t       0x02015110        0x0 /opt/devkitPro/libnds/lib/libdswifi9.a(spinlock.o)
 .glue_7t       0x02015110        0x0 /opt/devkitPro/libnds/lib/libdswifi9.a(sgIP.o)
 .glue_7t       0x02015110        0x0 /opt/devkitPro/libnds/lib/libdswifi9.a(sgIP_ARP.o)
 .glue_7t       0x02015110        0x0 /opt/devkitPro/libnds/lib/libdswifi9.a(sgIP_DHCP.o)
 .glue_7t       0x02015110        0x0 /opt/devkitPro/libnds/lib/libdswifi9.a(sgIP_DNS.o)
 .glue_7t       0x02015110        0x0 /opt/devkitPro/libnds/lib/libdswifi9.a(sgIP_IP.o)
 .glue_7t       0x02015110        0x0 /opt/devkitPro/libnds/lib/libdswifi9.a(sgIP_TCP.o)
 .glue_7t       0x02015110        0x0 /opt/devkitPro/libnds/lib/libdswifi9.a(sgIP_UDP.o)
 .glue_7t       0x02015110        0x0 /opt/devkitPro/libnds/lib/libdswifi9.a(sgIP_ICMP.o)
 .glue_7t       0x02015110        0x0 /opt/devkitPro/libnds/lib/libnds9.a(console.o)
 .glue_7t       0x02015110        0x0 /opt/devkitPro/libnds/lib/libnds9.a(initSystem.o)
 .glue_7t       0x02015110        0x0 /opt/devkitPro/libnds/lib/libnds9.a(keys.o)
 .glue_7t       0x02015110        0x0 /opt/devkitPro/libnds/lib/libnds9.a(system.o)
 .glue_7t       0x02015110        0x0 /opt/devkitPro/libnds/lib/libnds9.a(touch.o)
 .glue_7t       0x02015110        0x0 /opt/devkitPro/libnds/lib/libnds9.a(video.o)
 .glue_7t       0x02015110        0x0 /opt/devkitPro/libnds/lib/libnds9.a(videoGL.o)
 .glue_7t       0x02015110        0x0 /opt/devkitPro/libnds/lib/libnds9.a(fifosystem.o)
 .glue_7t       0x02015110        0x0 /opt/devkitPro/libnds/lib/libnds9.a(interrupts.o)
 .glue_7t       0x02015110        0x0 /opt/devkitPro/libnds/lib/libnds9.a(dcache.o)
 .glue_7t       0x02015110        0x0 /opt/devkitPro/libnds/lib/libnds9.a(biosCalls.o)
 .glue_7t       0x02015110        0x0 /opt/devkitPro/libnds/lib/libnds9.a(debugprint.o)
 .glue_7t       0x02015110        0x0 /opt/devkitPro/libnds/lib/libnds9.a(interruptDispatcher.o)
 .glue_7t       0x02015110        0x0 /opt/devkitPro/libnds/lib/libnds9.a(default_font.bin.o)
 .glue_7t       0x02015110        0x0 /opt/devkitPro/libnds/lib/libnds9.a(background.o)
 .glue_7t       0x02015110        0x0 /opt/devkitPro/libnds/lib/libnds9.a(trig.o)
 .glue_7t       0x02015110        0x0 /opt/devkitPro/libnds/lib/libmm9.a(mm_comms.o)
 .glue_7t       0x02015110        0x0 /opt/devkitPro/libnds/lib/libmm9.a(mm_main9.o)
 .glue_7t       0x02015110        0x0 /opt/devkitPro/libnds/lib/libmm9.a(mm_memory.o)
 .glue_7t       0x02015110        0x0 /opt/devkitPro/libnds/lib/libmm9.a(mm_soundbank.o)
 .glue_7t       0x02015110        0x0 /opt/devkitPro/libnds/lib/libmm9.a(mm_flusher.o)
 .glue_7t       0x02015110        0x0 /opt/devkitPro/devkitARM/lib/gcc/arm-eabi/4.3.3/thumb/libgcc.a(_udivsi3.o)
 .glue_7t       0x02015110        0x0 /opt/devkitPro/devkitARM/lib/gcc/arm-eabi/4.3.3/thumb/libgcc.a(_divsi3.o)
 .glue_7t       0x02015110        0x0 /opt/devkitPro/devkitARM/lib/gcc/arm-eabi/4.3.3/thumb/libgcc.a(_dvmd_tls.o)
 .glue_7t       0x02015110        0x0 /opt/devkitPro/devkitARM/lib/gcc/arm-eabi/4.3.3/thumb/libgcc.a(_addsubdf3.o)
 .glue_7t       0x02015110        0x0 /opt/devkitPro/devkitARM/lib/gcc/arm-eabi/4.3.3/thumb/libgcc.a(_muldivdf3.o)
 .glue_7t       0x02015110        0x0 /opt/devkitPro/devkitARM/lib/gcc/arm-eabi/4.3.3/thumb/libgcc.a(_fixdfsi.o)
 .glue_7t       0x02015110        0x0 /opt/devkitPro/devkitARM/lib/gcc/arm-eabi/4.3.3/thumb/libgcc.a(_muldi3.o)
 .glue_7t       0x02015110        0x0 /opt/devkitPro/devkitARM/lib/gcc/arm-eabi/4.3.3/../../../../arm-eabi/lib/thumb/libg.a(lib_a-bsearch.o)
 .glue_7t       0x02015110        0x0 /opt/devkitPro/devkitARM/lib/gcc/arm-eabi/4.3.3/../../../../arm-eabi/lib/thumb/libg.a(lib_a-errno.o)
 .glue_7t       0x02015110        0x0 /opt/devkitPro/devkitARM/lib/gcc/arm-eabi/4.3.3/../../../../arm-eabi/lib/thumb/libg.a(lib_a-fclose.o)
 .glue_7t       0x02015110        0x0 /opt/devkitPro/devkitARM/lib/gcc/arm-eabi/4.3.3/../../../../arm-eabi/lib/thumb/libg.a(lib_a-fflush.o)
 .glue_7t       0x02015110        0x0 /opt/devkitPro/devkitARM/lib/gcc/arm-eabi/4.3.3/../../../../arm-eabi/lib/thumb/libg.a(lib_a-findfp.o)
 .glue_7t       0x02015110        0x0 /opt/devkitPro/devkitARM/lib/gcc/arm-eabi/4.3.3/../../../../arm-eabi/lib/thumb/libg.a(lib_a-fopen.o)
 .glue_7t       0x02015110        0x0 /opt/devkitPro/devkitARM/lib/gcc/arm-eabi/4.3.3/../../../../arm-eabi/lib/thumb/libg.a(lib_a-fread.o)
 .glue_7t       0x02015110        0x0 /opt/devkitPro/devkitARM/lib/gcc/arm-eabi/4.3.3/../../../../arm-eabi/lib/thumb/libg.a(lib_a-freer.o)
 .glue_7t       0x02015110        0x0 /opt/devkitPro/devkitARM/lib/gcc/arm-eabi/4.3.3/../../../../arm-eabi/lib/thumb/libg.a(lib_a-fseek.o)
 .glue_7t       0x02015110        0x0 /opt/devkitPro/devkitARM/lib/gcc/arm-eabi/4.3.3/../../../../arm-eabi/lib/thumb/libg.a(lib_a-fwalk.o)
 .glue_7t       0x02015110        0x0 /opt/devkitPro/devkitARM/lib/gcc/arm-eabi/4.3.3/../../../../arm-eabi/lib/thumb/libg.a(lib_a-impure.o)
 .glue_7t       0x02015110        0x0 /opt/devkitPro/devkitARM/lib/gcc/arm-eabi/4.3.3/../../../../arm-eabi/lib/thumb/libg.a(lib_a-init.o)
 .glue_7t       0x02015110        0x0 /opt/devkitPro/devkitARM/lib/gcc/arm-eabi/4.3.3/../../../../arm-eabi/lib/thumb/libg.a(lib_a-iprintf.o)
 .glue_7t       0x02015110        0x0 /opt/devkitPro/devkitARM/lib/gcc/arm-eabi/4.3.3/../../../../arm-eabi/lib/thumb/libg.a(lib_a-makebuf.o)
 .glue_7t       0x02015110        0x0 /opt/devkitPro/devkitARM/lib/gcc/arm-eabi/4.3.3/../../../../arm-eabi/lib/thumb/libg.a(lib_a-malloc.o)
 .glue_7t       0x02015110        0x0 /opt/devkitPro/devkitARM/lib/gcc/arm-eabi/4.3.3/../../../../arm-eabi/lib/thumb/libg.a(lib_a-mallocr.o)
 .glue_7t       0x02015110        0x0 /opt/devkitPro/devkitARM/lib/gcc/arm-eabi/4.3.3/../../../../arm-eabi/lib/thumb/libg.a(lib_a-memcpy.o)
 .glue_7t       0x02015110        0x0 /opt/devkitPro/devkitARM/lib/gcc/arm-eabi/4.3.3/../../../../arm-eabi/lib/thumb/libg.a(lib_a-memset.o)
 .glue_7t       0x02015110        0x0 /opt/devkitPro/devkitARM/lib/gcc/arm-eabi/4.3.3/../../../../arm-eabi/lib/thumb/libg.a(lib_a-mlock.o)
 .glue_7t       0x02015110        0x0 /opt/devkitPro/devkitARM/lib/gcc/arm-eabi/4.3.3/../../../../arm-eabi/lib/thumb/libg.a(lib_a-printf.o)
 .glue_7t       0x02015110        0x0 /opt/devkitPro/devkitARM/lib/gcc/arm-eabi/4.3.3/../../../../arm-eabi/lib/thumb/libg.a(lib_a-puts.o)
 .glue_7t       0x02015110        0x0 /opt/devkitPro/devkitARM/lib/gcc/arm-eabi/4.3.3/../../../../arm-eabi/lib/thumb/libg.a(lib_a-realloc.o)
 .glue_7t       0x02015110        0x0 /opt/devkitPro/devkitARM/lib/gcc/arm-eabi/4.3.3/../../../../arm-eabi/lib/thumb/libg.a(lib_a-reallocr.o)
 .glue_7t       0x02015110        0x0 /opt/devkitPro/devkitARM/lib/gcc/arm-eabi/4.3.3/../../../../arm-eabi/lib/thumb/libg.a(lib_a-refill.o)
 .glue_7t       0x02015110        0x0 /opt/devkitPro/devkitARM/lib/gcc/arm-eabi/4.3.3/../../../../arm-eabi/lib/thumb/libg.a(lib_a-setvbuf.o)
 .glue_7t       0x02015110        0x0 /opt/devkitPro/devkitARM/lib/gcc/arm-eabi/4.3.3/../../../../arm-eabi/lib/thumb/libg.a(lib_a-siscanf.o)
 .glue_7t       0x02015110        0x0 /opt/devkitPro/devkitARM/lib/gcc/arm-eabi/4.3.3/../../../../arm-eabi/lib/thumb/libg.a(lib_a-stdio.o)
 .glue_7t       0x02015110        0x0 /opt/devkitPro/devkitARM/lib/gcc/arm-eabi/4.3.3/../../../../arm-eabi/lib/thumb/libg.a(lib_a-strcmp.o)
 .glue_7t       0x02015110        0x0 /opt/devkitPro/devkitARM/lib/gcc/arm-eabi/4.3.3/../../../../arm-eabi/lib/thumb/libg.a(lib_a-strlen.o)
 .glue_7t       0x02015110        0x0 /opt/devkitPro/devkitARM/lib/gcc/arm-eabi/4.3.3/../../../../arm-eabi/lib/thumb/libg.a(lib_a-strncpy.o)
 .glue_7t       0x02015110        0x0 /opt/devkitPro/devkitARM/lib/gcc/arm-eabi/4.3.3/../../../../arm-eabi/lib/thumb/libg.a(lib_a-svfiscanf.o)
 .glue_7t       0x02015110        0x0 /opt/devkitPro/devkitARM/lib/gcc/arm-eabi/4.3.3/../../../../arm-eabi/lib/thumb/libg.a(lib_a-ungetc.o)
 .glue_7t       0x02015110        0x0 /opt/devkitPro/devkitARM/lib/gcc/arm-eabi/4.3.3/../../../../arm-eabi/lib/thumb/libg.a(lib_a-vfiprintf.o)
 .glue_7t       0x02015110        0x0 /opt/devkitPro/devkitARM/lib/gcc/arm-eabi/4.3.3/../../../../arm-eabi/lib/thumb/libg.a(lib_a-vfprintf.o)
 .glue_7t       0x02015110        0x0 /opt/devkitPro/devkitARM/lib/gcc/arm-eabi/4.3.3/../../../../arm-eabi/lib/thumb/libg.a(lib_a-wcrtomb.o)
 .glue_7t       0x02015110        0x0 /opt/devkitPro/devkitARM/lib/gcc/arm-eabi/4.3.3/../../../../arm-eabi/lib/thumb/libg.a(lib_a-wcsrtombs.o)
 .glue_7t       0x02015110        0x0 /opt/devkitPro/devkitARM/lib/gcc/arm-eabi/4.3.3/../../../../arm-eabi/lib/thumb/libg.a(lib_a-wctomb_r.o)
 .glue_7t       0x02015110        0x0 /opt/devkitPro/devkitARM/lib/gcc/arm-eabi/4.3.3/../../../../arm-eabi/lib/thumb/libg.a(lib_a-wsetup.o)
 .glue_7t       0x02015110        0x0 /opt/devkitPro/devkitARM/lib/gcc/arm-eabi/4.3.3/../../../../arm-eabi/lib/thumb/libg.a(lib_a-ctype_.o)
 .glue_7t       0x02015110        0x0 /opt/devkitPro/devkitARM/lib/gcc/arm-eabi/4.3.3/../../../../arm-eabi/lib/thumb/libg.a(lib_a-dtoa.o)
 .glue_7t       0x02015110        0x0 /opt/devkitPro/devkitARM/lib/gcc/arm-eabi/4.3.3/../../../../arm-eabi/lib/thumb/libg.a(lib_a-flags.o)
 .glue_7t       0x02015110        0x0 /opt/devkitPro/devkitARM/lib/gcc/arm-eabi/4.3.3/../../../../arm-eabi/lib/thumb/libg.a(lib_a-fvwrite.o)
 .glue_7t       0x02015110        0x0 /opt/devkitPro/devkitARM/lib/gcc/arm-eabi/4.3.3/../../../../arm-eabi/lib/thumb/libg.a(lib_a-iswspace.o)
 .glue_7t       0x02015110        0x0 /opt/devkitPro/devkitARM/lib/gcc/arm-eabi/4.3.3/../../../../arm-eabi/lib/thumb/libg.a(lib_a-jp2uc.o)
 .glue_7t       0x02015110        0x0 /opt/devkitPro/devkitARM/lib/gcc/arm-eabi/4.3.3/../../../../arm-eabi/lib/thumb/libg.a(lib_a-locale.o)
 .glue_7t       0x02015110        0x0 /opt/devkitPro/devkitARM/lib/gcc/arm-eabi/4.3.3/../../../../arm-eabi/lib/thumb/libg.a(lib_a-mbrtowc.o)
 .glue_7t       0x02015110        0x0 /opt/devkitPro/devkitARM/lib/gcc/arm-eabi/4.3.3/../../../../arm-eabi/lib/thumb/libg.a(lib_a-mbtowc_r.o)
 .glue_7t       0x02015110        0x0 /opt/devkitPro/devkitARM/lib/gcc/arm-eabi/4.3.3/../../../../arm-eabi/lib/thumb/libg.a(lib_a-memchr.o)
 .glue_7t       0x02015110        0x0 /opt/devkitPro/devkitARM/lib/gcc/arm-eabi/4.3.3/../../../../arm-eabi/lib/thumb/libg.a(lib_a-memmove.o)
 .glue_7t       0x02015110        0x0 /opt/devkitPro/devkitARM/lib/gcc/arm-eabi/4.3.3/../../../../arm-eabi/lib/thumb/libg.a(lib_a-mprec.o)
 .glue_7t       0x02015110        0x0 /opt/devkitPro/devkitARM/lib/gcc/arm-eabi/4.3.3/../../../../arm-eabi/lib/thumb/libg.a(lib_a-s_isinfd.o)
 .glue_7t       0x02015110        0x0 /opt/devkitPro/devkitARM/lib/gcc/arm-eabi/4.3.3/../../../../arm-eabi/lib/thumb/libg.a(lib_a-s_isnand.o)
 .glue_7t       0x02015110        0x0 /opt/devkitPro/devkitARM/lib/gcc/arm-eabi/4.3.3/../../../../arm-eabi/lib/thumb/libg.a(lib_a-sccl.o)
 .glue_7t       0x02015110        0x0 /opt/devkitPro/devkitARM/lib/gcc/arm-eabi/4.3.3/../../../../arm-eabi/lib/thumb/libg.a(lib_a-strcpy.o)
 .glue_7t       0x02015110        0x0 /opt/devkitPro/devkitARM/lib/gcc/arm-eabi/4.3.3/../../../../arm-eabi/lib/thumb/libg.a(lib_a-strtol.o)
 .glue_7t       0x02015110        0x0 /opt/devkitPro/devkitARM/lib/gcc/arm-eabi/4.3.3/../../../../arm-eabi/lib/thumb/libg.a(lib_a-strtoul.o)
 .glue_7t       0x02015110        0x0 /opt/devkitPro/devkitARM/lib/gcc/arm-eabi/4.3.3/../../../../arm-eabi/lib/thumb/libg.a(lib_a-callocr.o)
 .glue_7t       0x02015110        0x0 /opt/devkitPro/devkitARM/lib/gcc/arm-eabi/4.3.3/../../../../arm-eabi/lib/thumb/libsysbase.a(iosupport.o)
 .glue_7t       0x02015110        0x0 /opt/devkitPro/devkitARM/lib/gcc/arm-eabi/4.3.3/../../../../arm-eabi/lib/thumb/libsysbase.a(close.o)
 .glue_7t       0x02015110        0x0 /opt/devkitPro/devkitARM/lib/gcc/arm-eabi/4.3.3/../../../../arm-eabi/lib/thumb/libsysbase.a(fstat.o)
 .glue_7t       0x02015110        0x0 /opt/devkitPro/devkitARM/lib/gcc/arm-eabi/4.3.3/../../../../arm-eabi/lib/thumb/libsysbase.a(isatty.o)
 .glue_7t       0x02015110        0x0 /opt/devkitPro/devkitARM/lib/gcc/arm-eabi/4.3.3/../../../../arm-eabi/lib/thumb/libsysbase.a(lseek.o)
 .glue_7t       0x02015110        0x0 /opt/devkitPro/devkitARM/lib/gcc/arm-eabi/4.3.3/../../../../arm-eabi/lib/thumb/libsysbase.a(open.o)
 .glue_7t       0x02015110        0x0 /opt/devkitPro/devkitARM/lib/gcc/arm-eabi/4.3.3/../../../../arm-eabi/lib/thumb/libsysbase.a(read.o)
 .glue_7t       0x02015110        0x0 /opt/devkitPro/devkitARM/lib/gcc/arm-eabi/4.3.3/../../../../arm-eabi/lib/thumb/libsysbase.a(sbrk.o)
 .glue_7t       0x02015110        0x0 /opt/devkitPro/devkitARM/lib/gcc/arm-eabi/4.3.3/../../../../arm-eabi/lib/thumb/libsysbase.a(times.o)
 .glue_7t       0x02015110        0x0 /opt/devkitPro/devkitARM/lib/gcc/arm-eabi/4.3.3/../../../../arm-eabi/lib/thumb/libsysbase.a(write.o)
 .glue_7t       0x02015110        0x0 /opt/devkitPro/devkitARM/lib/gcc/arm-eabi/4.3.3/../../../../arm-eabi/lib/thumb/libsysbase.a(malloc_vars.o)
 .glue_7t       0x02015110        0x0 /opt/devkitPro/devkitARM/lib/gcc/arm-eabi/4.3.3/../../../../arm-eabi/lib/thumb/libsysbase.a(build_argv.o)
 .glue_7t       0x02015110        0x0 /opt/devkitPro/devkitARM/lib/gcc/arm-eabi/4.3.3/../../../../arm-eabi/lib/thumb/libsysbase.a(handle_manager.o)
 .glue_7t       0x02015110        0x0 /opt/devkitPro/devkitARM/lib/gcc/arm-eabi/4.3.3/thumb/libgcc.a(_cmpdf2.o)
 .glue_7t       0x02015110        0x0 /opt/devkitPro/devkitARM/lib/gcc/arm-eabi/4.3.3/../../../../arm-eabi/lib/thumb/libg.a(lib_a-strncmp.o)
 .glue_7t       0x02015110        0x0 /opt/devkitPro/devkitARM/lib/gcc/arm-eabi/4.3.3/thumb/crtend.o
 .glue_7t       0x02015110        0x0 /opt/devkitPro/devkitARM/lib/gcc/arm-eabi/4.3.3/thumb/crtn.o
                0x02015110                . = ALIGN (0x4)

.vfp11_veneer   0x00000000        0x0
 .vfp11_veneer  0x00000000        0x0 /opt/devkitPro/devkitARM/lib/gcc/arm-eabi/4.3.3/../../../../arm-eabi/lib/thumb/ds_arm9_crt0.o
 .vfp11_veneer  0x00000000        0x0 /opt/devkitPro/devkitARM/lib/gcc/arm-eabi/4.3.3/thumb/crti.o
 .vfp11_veneer  0x00000000        0x0 /opt/devkitPro/devkitARM/lib/gcc/arm-eabi/4.3.3/thumb/crtbegin.o
 .vfp11_veneer  0x00000000        0x0 soundbank.bin.o
 .vfp11_veneer  0x00000000        0x0 fire_missle.o
 .vfp11_veneer  0x00000000        0x0 battlefield.o
 .vfp11_veneer  0x00000000        0x0 game.o
 .vfp11_veneer  0x00000000        0x0 graphics_manager.o
 .vfp11_veneer  0x00000000        0x0 main.o
 .vfp11_veneer  0x00000000        0x0 ship.o
 .vfp11_veneer  0x00000000        0x0 wifi.o
 .vfp11_veneer  0x00000000        0x0 WiFi_minilib.o
 .vfp11_veneer  0x00000000        0x0 /opt/devkitPro/libnds/lib/libdswifi9.a(sgIP_Hub.o)
 .vfp11_veneer  0x00000000        0x0 /opt/devkitPro/libnds/lib/libdswifi9.a(sgIP_memblock.o)
 .vfp11_veneer  0x00000000        0x0 /opt/devkitPro/libnds/lib/libdswifi9.a(sgIP_sockets.o)
 .vfp11_veneer  0x00000000        0x0 /opt/devkitPro/libnds/lib/libdswifi9.a(wifi_arm9.o)
 .vfp11_veneer  0x00000000        0x0 /opt/devkitPro/libnds/lib/libdswifi9.a(spinlock.o)
 .vfp11_veneer  0x00000000        0x0 /opt/devkitPro/libnds/lib/libdswifi9.a(sgIP.o)
 .vfp11_veneer  0x00000000        0x0 /opt/devkitPro/libnds/lib/libdswifi9.a(sgIP_ARP.o)
 .vfp11_veneer  0x00000000        0x0 /opt/devkitPro/libnds/lib/libdswifi9.a(sgIP_DHCP.o)
 .vfp11_veneer  0x00000000        0x0 /opt/devkitPro/libnds/lib/libdswifi9.a(sgIP_DNS.o)
 .vfp11_veneer  0x00000000        0x0 /opt/devkitPro/libnds/lib/libdswifi9.a(sgIP_IP.o)
 .vfp11_veneer  0x00000000        0x0 /opt/devkitPro/libnds/lib/libdswifi9.a(sgIP_TCP.o)
 .vfp11_veneer  0x00000000        0x0 /opt/devkitPro/libnds/lib/libdswifi9.a(sgIP_UDP.o)
 .vfp11_veneer  0x00000000        0x0 /opt/devkitPro/libnds/lib/libdswifi9.a(sgIP_ICMP.o)
 .vfp11_veneer  0x00000000        0x0 /opt/devkitPro/libnds/lib/libnds9.a(console.o)
 .vfp11_veneer  0x00000000        0x0 /opt/devkitPro/libnds/lib/libnds9.a(initSystem.o)
 .vfp11_veneer  0x00000000        0x0 /opt/devkitPro/libnds/lib/libnds9.a(keys.o)
 .vfp11_veneer  0x00000000        0x0 /opt/devkitPro/libnds/lib/libnds9.a(system.o)
 .vfp11_veneer  0x00000000        0x0 /opt/devkitPro/libnds/lib/libnds9.a(touch.o)
 .vfp11_veneer  0x00000000        0x0 /opt/devkitPro/libnds/lib/libnds9.a(video.o)
 .vfp11_veneer  0x00000000        0x0 /opt/devkitPro/libnds/lib/libnds9.a(videoGL.o)
 .vfp11_veneer  0x00000000        0x0 /opt/devkitPro/libnds/lib/libnds9.a(fifosystem.o)
 .vfp11_veneer  0x00000000        0x0 /opt/devkitPro/libnds/lib/libnds9.a(interrupts.o)
 .vfp11_veneer  0x00000000        0x0 /opt/devkitPro/libnds/lib/libnds9.a(dcache.o)
 .vfp11_veneer  0x00000000        0x0 /opt/devkitPro/libnds/lib/libnds9.a(biosCalls.o)
 .vfp11_veneer  0x00000000        0x0 /opt/devkitPro/libnds/lib/libnds9.a(debugprint.o)
 .vfp11_veneer  0x00000000        0x0 /opt/devkitPro/libnds/lib/libnds9.a(interruptDispatcher.o)
 .vfp11_veneer  0x00000000        0x0 /opt/devkitPro/libnds/lib/libnds9.a(default_font.bin.o)
 .vfp11_veneer  0x00000000        0x0 /opt/devkitPro/libnds/lib/libnds9.a(background.o)
 .vfp11_veneer  0x00000000        0x0 /opt/devkitPro/libnds/lib/libnds9.a(trig.o)
 .vfp11_veneer  0x00000000        0x0 /opt/devkitPro/libnds/lib/libmm9.a(mm_comms.o)
 .vfp11_veneer  0x00000000        0x0 /opt/devkitPro/libnds/lib/libmm9.a(mm_main9.o)
 .vfp11_veneer  0x00000000        0x0 /opt/devkitPro/libnds/lib/libmm9.a(mm_memory.o)
 .vfp11_veneer  0x00000000        0x0 /opt/devkitPro/libnds/lib/libmm9.a(mm_soundbank.o)
 .vfp11_veneer  0x00000000        0x0 /opt/devkitPro/libnds/lib/libmm9.a(mm_flusher.o)
 .vfp11_veneer  0x00000000        0x0 /opt/devkitPro/devkitARM/lib/gcc/arm-eabi/4.3.3/thumb/libgcc.a(_udivsi3.o)
 .vfp11_veneer  0x00000000        0x0 /opt/devkitPro/devkitARM/lib/gcc/arm-eabi/4.3.3/thumb/libgcc.a(_divsi3.o)
 .vfp11_veneer  0x00000000        0x0 /opt/devkitPro/devkitARM/lib/gcc/arm-eabi/4.3.3/thumb/libgcc.a(_dvmd_tls.o)
 .vfp11_veneer  0x00000000        0x0 /opt/devkitPro/devkitARM/lib/gcc/arm-eabi/4.3.3/thumb/libgcc.a(_addsubdf3.o)
 .vfp11_veneer  0x00000000        0x0 /opt/devkitPro/devkitARM/lib/gcc/arm-eabi/4.3.3/thumb/libgcc.a(_muldivdf3.o)
 .vfp11_veneer  0x00000000        0x0 /opt/devkitPro/devkitARM/lib/gcc/arm-eabi/4.3.3/thumb/libgcc.a(_fixdfsi.o)
 .vfp11_veneer  0x00000000        0x0 /opt/devkitPro/devkitARM/lib/gcc/arm-eabi/4.3.3/thumb/libgcc.a(_muldi3.o)
 .vfp11_veneer  0x00000000        0x0 /opt/devkitPro/devkitARM/lib/gcc/arm-eabi/4.3.3/../../../../arm-eabi/lib/thumb/libg.a(lib_a-bsearch.o)
 .vfp11_veneer  0x00000000        0x0 /opt/devkitPro/devkitARM/lib/gcc/arm-eabi/4.3.3/../../../../arm-eabi/lib/thumb/libg.a(lib_a-errno.o)
 .vfp11_veneer  0x00000000        0x0 /opt/devkitPro/devkitARM/lib/gcc/arm-eabi/4.3.3/../../../../arm-eabi/lib/thumb/libg.a(lib_a-fclose.o)
 .vfp11_veneer  0x00000000        0x0 /opt/devkitPro/devkitARM/lib/gcc/arm-eabi/4.3.3/../../../../arm-eabi/lib/thumb/libg.a(lib_a-fflush.o)
 .vfp11_veneer  0x00000000        0x0 /opt/devkitPro/devkitARM/lib/gcc/arm-eabi/4.3.3/../../../../arm-eabi/lib/thumb/libg.a(lib_a-findfp.o)
 .vfp11_veneer  0x00000000        0x0 /opt/devkitPro/devkitARM/lib/gcc/arm-eabi/4.3.3/../../../../arm-eabi/lib/thumb/libg.a(lib_a-fopen.o)
 .vfp11_veneer  0x00000000        0x0 /opt/devkitPro/devkitARM/lib/gcc/arm-eabi/4.3.3/../../../../arm-eabi/lib/thumb/libg.a(lib_a-fread.o)
 .vfp11_veneer  0x00000000        0x0 /opt/devkitPro/devkitARM/lib/gcc/arm-eabi/4.3.3/../../../../arm-eabi/lib/thumb/libg.a(lib_a-freer.o)
 .vfp11_veneer  0x00000000        0x0 /opt/devkitPro/devkitARM/lib/gcc/arm-eabi/4.3.3/../../../../arm-eabi/lib/thumb/libg.a(lib_a-fseek.o)
 .vfp11_veneer  0x00000000        0x0 /opt/devkitPro/devkitARM/lib/gcc/arm-eabi/4.3.3/../../../../arm-eabi/lib/thumb/libg.a(lib_a-fwalk.o)
 .vfp11_veneer  0x00000000        0x0 /opt/devkitPro/devkitARM/lib/gcc/arm-eabi/4.3.3/../../../../arm-eabi/lib/thumb/libg.a(lib_a-impure.o)
 .vfp11_veneer  0x00000000        0x0 /opt/devkitPro/devkitARM/lib/gcc/arm-eabi/4.3.3/../../../../arm-eabi/lib/thumb/libg.a(lib_a-init.o)
 .vfp11_veneer  0x00000000        0x0 /opt/devkitPro/devkitARM/lib/gcc/arm-eabi/4.3.3/../../../../arm-eabi/lib/thumb/libg.a(lib_a-iprintf.o)
 .vfp11_veneer  0x00000000        0x0 /opt/devkitPro/devkitARM/lib/gcc/arm-eabi/4.3.3/../../../../arm-eabi/lib/thumb/libg.a(lib_a-makebuf.o)
 .vfp11_veneer  0x00000000        0x0 /opt/devkitPro/devkitARM/lib/gcc/arm-eabi/4.3.3/../../../../arm-eabi/lib/thumb/libg.a(lib_a-malloc.o)
 .vfp11_veneer  0x00000000        0x0 /opt/devkitPro/devkitARM/lib/gcc/arm-eabi/4.3.3/../../../../arm-eabi/lib/thumb/libg.a(lib_a-mallocr.o)
 .vfp11_veneer  0x00000000        0x0 /opt/devkitPro/devkitARM/lib/gcc/arm-eabi/4.3.3/../../../../arm-eabi/lib/thumb/libg.a(lib_a-memcpy.o)
 .vfp11_veneer  0x00000000        0x0 /opt/devkitPro/devkitARM/lib/gcc/arm-eabi/4.3.3/../../../../arm-eabi/lib/thumb/libg.a(lib_a-memset.o)
 .vfp11_veneer  0x00000000        0x0 /opt/devkitPro/devkitARM/lib/gcc/arm-eabi/4.3.3/../../../../arm-eabi/lib/thumb/libg.a(lib_a-mlock.o)
 .vfp11_veneer  0x00000000        0x0 /opt/devkitPro/devkitARM/lib/gcc/arm-eabi/4.3.3/../../../../arm-eabi/lib/thumb/libg.a(lib_a-printf.o)
 .vfp11_veneer  0x00000000        0x0 /opt/devkitPro/devkitARM/lib/gcc/arm-eabi/4.3.3/../../../../arm-eabi/lib/thumb/libg.a(lib_a-puts.o)
 .vfp11_veneer  0x00000000        0x0 /opt/devkitPro/devkitARM/lib/gcc/arm-eabi/4.3.3/../../../../arm-eabi/lib/thumb/libg.a(lib_a-realloc.o)
 .vfp11_veneer  0x00000000        0x0 /opt/devkitPro/devkitARM/lib/gcc/arm-eabi/4.3.3/../../../../arm-eabi/lib/thumb/libg.a(lib_a-reallocr.o)
 .vfp11_veneer  0x00000000        0x0 /opt/devkitPro/devkitARM/lib/gcc/arm-eabi/4.3.3/../../../../arm-eabi/lib/thumb/libg.a(lib_a-refill.o)
 .vfp11_veneer  0x00000000        0x0 /opt/devkitPro/devkitARM/lib/gcc/arm-eabi/4.3.3/../../../../arm-eabi/lib/thumb/libg.a(lib_a-setvbuf.o)
 .vfp11_veneer  0x00000000        0x0 /opt/devkitPro/devkitARM/lib/gcc/arm-eabi/4.3.3/../../../../arm-eabi/lib/thumb/libg.a(lib_a-siscanf.o)
 .vfp11_veneer  0x00000000        0x0 /opt/devkitPro/devkitARM/lib/gcc/arm-eabi/4.3.3/../../../../arm-eabi/lib/thumb/libg.a(lib_a-stdio.o)
 .vfp11_veneer  0x00000000        0x0 /opt/devkitPro/devkitARM/lib/gcc/arm-eabi/4.3.3/../../../../arm-eabi/lib/thumb/libg.a(lib_a-strcmp.o)
 .vfp11_veneer  0x00000000        0x0 /opt/devkitPro/devkitARM/lib/gcc/arm-eabi/4.3.3/../../../../arm-eabi/lib/thumb/libg.a(lib_a-strlen.o)
 .vfp11_veneer  0x00000000        0x0 /opt/devkitPro/devkitARM/lib/gcc/arm-eabi/4.3.3/../../../../arm-eabi/lib/thumb/libg.a(lib_a-strncpy.o)
 .vfp11_veneer  0x00000000        0x0 /opt/devkitPro/devkitARM/lib/gcc/arm-eabi/4.3.3/../../../../arm-eabi/lib/thumb/libg.a(lib_a-svfiscanf.o)
 .vfp11_veneer  0x00000000        0x0 /opt/devkitPro/devkitARM/lib/gcc/arm-eabi/4.3.3/../../../../arm-eabi/lib/thumb/libg.a(lib_a-ungetc.o)
 .vfp11_veneer  0x00000000        0x0 /opt/devkitPro/devkitARM/lib/gcc/arm-eabi/4.3.3/../../../../arm-eabi/lib/thumb/libg.a(lib_a-vfiprintf.o)
 .vfp11_veneer  0x00000000        0x0 /opt/devkitPro/devkitARM/lib/gcc/arm-eabi/4.3.3/../../../../arm-eabi/lib/thumb/libg.a(lib_a-vfprintf.o)
 .vfp11_veneer  0x00000000        0x0 /opt/devkitPro/devkitARM/lib/gcc/arm-eabi/4.3.3/../../../../arm-eabi/lib/thumb/libg.a(lib_a-wcrtomb.o)
 .vfp11_veneer  0x00000000        0x0 /opt/devkitPro/devkitARM/lib/gcc/arm-eabi/4.3.3/../../../../arm-eabi/lib/thumb/libg.a(lib_a-wcsrtombs.o)
 .vfp11_veneer  0x00000000        0x0 /opt/devkitPro/devkitARM/lib/gcc/arm-eabi/4.3.3/../../../../arm-eabi/lib/thumb/libg.a(lib_a-wctomb_r.o)
 .vfp11_veneer  0x00000000        0x0 /opt/devkitPro/devkitARM/lib/gcc/arm-eabi/4.3.3/../../../../arm-eabi/lib/thumb/libg.a(lib_a-wsetup.o)
 .vfp11_veneer  0x00000000        0x0 /opt/devkitPro/devkitARM/lib/gcc/arm-eabi/4.3.3/../../../../arm-eabi/lib/thumb/libg.a(lib_a-ctype_.o)
 .vfp11_veneer  0x00000000        0x0 /opt/devkitPro/devkitARM/lib/gcc/arm-eabi/4.3.3/../../../../arm-eabi/lib/thumb/libg.a(lib_a-dtoa.o)
 .vfp11_veneer  0x00000000        0x0 /opt/devkitPro/devkitARM/lib/gcc/arm-eabi/4.3.3/../../../../arm-eabi/lib/thumb/libg.a(lib_a-flags.o)
 .vfp11_veneer  0x00000000        0x0 /opt/devkitPro/devkitARM/lib/gcc/arm-eabi/4.3.3/../../../../arm-eabi/lib/thumb/libg.a(lib_a-fvwrite.o)
 .vfp11_veneer  0x00000000        0x0 /opt/devkitPro/devkitARM/lib/gcc/arm-eabi/4.3.3/../../../../arm-eabi/lib/thumb/libg.a(lib_a-iswspace.o)
 .vfp11_veneer  0x00000000        0x0 /opt/devkitPro/devkitARM/lib/gcc/arm-eabi/4.3.3/../../../../arm-eabi/lib/thumb/libg.a(lib_a-jp2uc.o)
 .vfp11_veneer  0x00000000        0x0 /opt/devkitPro/devkitARM/lib/gcc/arm-eabi/4.3.3/../../../../arm-eabi/lib/thumb/libg.a(lib_a-locale.o)
 .vfp11_veneer  0x00000000        0x0 /opt/devkitPro/devkitARM/lib/gcc/arm-eabi/4.3.3/../../../../arm-eabi/lib/thumb/libg.a(lib_a-mbrtowc.o)
 .vfp11_veneer  0x00000000        0x0 /opt/devkitPro/devkitARM/lib/gcc/arm-eabi/4.3.3/../../../../arm-eabi/lib/thumb/libg.a(lib_a-mbtowc_r.o)
 .vfp11_veneer  0x00000000        0x0 /opt/devkitPro/devkitARM/lib/gcc/arm-eabi/4.3.3/../../../../arm-eabi/lib/thumb/libg.a(lib_a-memchr.o)
 .vfp11_veneer  0x00000000        0x0 /opt/devkitPro/devkitARM/lib/gcc/arm-eabi/4.3.3/../../../../arm-eabi/lib/thumb/libg.a(lib_a-memmove.o)
 .vfp11_veneer  0x00000000        0x0 /opt/devkitPro/devkitARM/lib/gcc/arm-eabi/4.3.3/../../../../arm-eabi/lib/thumb/libg.a(lib_a-mprec.o)
 .vfp11_veneer  0x00000000        0x0 /opt/devkitPro/devkitARM/lib/gcc/arm-eabi/4.3.3/../../../../arm-eabi/lib/thumb/libg.a(lib_a-s_isinfd.o)
 .vfp11_veneer  0x00000000        0x0 /opt/devkitPro/devkitARM/lib/gcc/arm-eabi/4.3.3/../../../../arm-eabi/lib/thumb/libg.a(lib_a-s_isnand.o)
 .vfp11_veneer  0x00000000        0x0 /opt/devkitPro/devkitARM/lib/gcc/arm-eabi/4.3.3/../../../../arm-eabi/lib/thumb/libg.a(lib_a-sccl.o)
 .vfp11_veneer  0x00000000        0x0 /opt/devkitPro/devkitARM/lib/gcc/arm-eabi/4.3.3/../../../../arm-eabi/lib/thumb/libg.a(lib_a-strcpy.o)
 .vfp11_veneer  0x00000000        0x0 /opt/devkitPro/devkitARM/lib/gcc/arm-eabi/4.3.3/../../../../arm-eabi/lib/thumb/libg.a(lib_a-strtol.o)
 .vfp11_veneer  0x00000000        0x0 /opt/devkitPro/devkitARM/lib/gcc/arm-eabi/4.3.3/../../../../arm-eabi/lib/thumb/libg.a(lib_a-strtoul.o)
 .vfp11_veneer  0x00000000        0x0 /opt/devkitPro/devkitARM/lib/gcc/arm-eabi/4.3.3/../../../../arm-eabi/lib/thumb/libg.a(lib_a-callocr.o)
 .vfp11_veneer  0x00000000        0x0 /opt/devkitPro/devkitARM/lib/gcc/arm-eabi/4.3.3/../../../../arm-eabi/lib/thumb/libsysbase.a(iosupport.o)
 .vfp11_veneer  0x00000000        0x0 /opt/devkitPro/devkitARM/lib/gcc/arm-eabi/4.3.3/../../../../arm-eabi/lib/thumb/libsysbase.a(close.o)
 .vfp11_veneer  0x00000000        0x0 /opt/devkitPro/devkitARM/lib/gcc/arm-eabi/4.3.3/../../../../arm-eabi/lib/thumb/libsysbase.a(fstat.o)
 .vfp11_veneer  0x00000000        0x0 /opt/devkitPro/devkitARM/lib/gcc/arm-eabi/4.3.3/../../../../arm-eabi/lib/thumb/libsysbase.a(isatty.o)
 .vfp11_veneer  0x00000000        0x0 /opt/devkitPro/devkitARM/lib/gcc/arm-eabi/4.3.3/../../../../arm-eabi/lib/thumb/libsysbase.a(lseek.o)
 .vfp11_veneer  0x00000000        0x0 /opt/devkitPro/devkitARM/lib/gcc/arm-eabi/4.3.3/../../../../arm-eabi/lib/thumb/libsysbase.a(open.o)
 .vfp11_veneer  0x00000000        0x0 /opt/devkitPro/devkitARM/lib/gcc/arm-eabi/4.3.3/../../../../arm-eabi/lib/thumb/libsysbase.a(read.o)
 .vfp11_veneer  0x00000000        0x0 /opt/devkitPro/devkitARM/lib/gcc/arm-eabi/4.3.3/../../../../arm-eabi/lib/thumb/libsysbase.a(sbrk.o)
 .vfp11_veneer  0x00000000        0x0 /opt/devkitPro/devkitARM/lib/gcc/arm-eabi/4.3.3/../../../../arm-eabi/lib/thumb/libsysbase.a(times.o)
 .vfp11_veneer  0x00000000        0x0 /opt/devkitPro/devkitARM/lib/gcc/arm-eabi/4.3.3/../../../../arm-eabi/lib/thumb/libsysbase.a(write.o)
 .vfp11_veneer  0x00000000        0x0 /opt/devkitPro/devkitARM/lib/gcc/arm-eabi/4.3.3/../../../../arm-eabi/lib/thumb/libsysbase.a(malloc_vars.o)
 .vfp11_veneer  0x00000000        0x0 /opt/devkitPro/devkitARM/lib/gcc/arm-eabi/4.3.3/../../../../arm-eabi/lib/thumb/libsysbase.a(build_argv.o)
 .vfp11_veneer  0x00000000        0x0 /opt/devkitPro/devkitARM/lib/gcc/arm-eabi/4.3.3/../../../../arm-eabi/lib/thumb/libsysbase.a(handle_manager.o)
 .vfp11_veneer  0x00000000        0x0 /opt/devkitPro/devkitARM/lib/gcc/arm-eabi/4.3.3/thumb/libgcc.a(_cmpdf2.o)
 .vfp11_veneer  0x00000000        0x0 /opt/devkitPro/devkitARM/lib/gcc/arm-eabi/4.3.3/../../../../arm-eabi/lib/thumb/libg.a(lib_a-strncmp.o)