Archive member included because of file (symbol)

/opt/devkitPro/libnds/lib/libdswifi9.a(sgIP_Hub.o)
                              WiFi_minilib.o (htons)
/opt/devkitPro/libnds/lib/libdswifi9.a(sgIP_memblock.o)
                              /opt/devkitPro/libnds/lib/libdswifi9.a(sgIP_Hub.o) (sgIP_memblock_exposeheader)
/opt/devkitPro/libnds/lib/libdswifi9.a(sgIP_sockets.o)
                              WiFi_minilib.o (ioctl)
/opt/devkitPro/libnds/lib/libdswifi9.a(wifi_arm9.o)
                              /opt/devkitPro/libnds/lib/libdswifi9.a(sgIP_memblock.o) (sgIP_DisableInterrupts)
/opt/devkitPro/libnds/lib/libdswifi9.a(spinlock.o)
                              /opt/devkitPro/libnds/lib/libdswifi9.a(wifi_arm9.o) (SLasm_Acquire)
/opt/devkitPro/libnds/lib/libdswifi9.a(sgIP.o)
                              /opt/devkitPro/libnds/lib/libdswifi9.a(wifi_arm9.o) (sgIP_Timer)
/opt/devkitPro/libnds/lib/libdswifi9.a(sgIP_ARP.o)
                              /opt/devkitPro/libnds/lib/libdswifi9.a(sgIP.o) (sgIP_ARP_Init)
/opt/devkitPro/libnds/lib/libdswifi9.a(sgIP_DHCP.o)
                              /opt/devkitPro/libnds/lib/libdswifi9.a(wifi_arm9.o) (gethostname)
/opt/devkitPro/libnds/lib/libdswifi9.a(sgIP_DNS.o)
                              /opt/devkitPro/libnds/lib/libdswifi9.a(sgIP.o) (sgIP_DNS_Init)
/opt/devkitPro/libnds/lib/libdswifi9.a(sgIP_IP.o)
                              /opt/devkitPro/libnds/lib/libdswifi9.a(sgIP.o) (sgIP_IP_ReceivePacket)
/opt/devkitPro/libnds/lib/libdswifi9.a(sgIP_TCP.o)
                              /opt/devkitPro/libnds/lib/libdswifi9.a(sgIP.o) (sgIP_TCP_Init)
/opt/devkitPro/libnds/lib/libdswifi9.a(sgIP_UDP.o)
                              /opt/devkitPro/libnds/lib/libdswifi9.a(sgIP.o) (sgIP_UDP_Init)
/opt/devkitPro/libnds/lib/libdswifi9.a(sgIP_ICMP.o)
                              /opt/devkitPro/libnds/lib/libdswifi9.a(sgIP_IP.o) (sgIP_ICMP_ReceivePacket)
/opt/devkitPro/libnds/lib/libnds9.a(console.o)
                              main.o (consoleDemoInit)
/opt/devkitPro/libnds/lib/libnds9.a(initSystem.o)
                              /opt/devkitPro/devkitARM/lib/gcc/arm-eabi/4.3.3/../../../../arm-eabi/lib/thumb/ds_arm9_crt0.o (initSystem)
/opt/devkitPro/libnds/lib/libnds9.a(keys.o)
                              game.o (scanKeys)
/opt/devkitPro/libnds/lib/libnds9.a(system.o)
                              /opt/devkitPro/libnds/lib/libnds9.a(initSystem.o) (powerValueHandler)
/opt/devkitPro/libnds/lib/libnds9.a(video.o)
                              /opt/devkitPro/libnds/lib/libnds9.a(console.o) (vramSetBankC)
/opt/devkitPro/libnds/lib/libnds9.a(videoGL.o)
                              battlefield.o (glGlobalData)
/opt/devkitPro/libnds/lib/libnds9.a(fifosystem.o)
                              /opt/devkitPro/libnds/lib/libdswifi9.a(wifi_arm9.o) (fifoSetValue32Handler)
/opt/devkitPro/libnds/lib/libnds9.a(interrupts.o)
                              /opt/devkitPro/libnds/lib/libdswifi9.a(wifi_arm9.o) (irqSet)
/opt/devkitPro/libnds/lib/libnds9.a(dcache.o)
                              /opt/devkitPro/libnds/lib/libdswifi9.a(wifi_arm9.o) (DC_FlushAll)
/opt/devkitPro/libnds/lib/libnds9.a(biosCalls.o)
                              /opt/devkitPro/libnds/lib/libnds9.a(system.o) (swiDelay)
/opt/devkitPro/libnds/lib/libnds9.a(debugprint.o)
                              /opt/devkitPro/libnds/lib/libnds9.a(console.o) (nocashMessage)
/opt/devkitPro/libnds/lib/libnds9.a(interruptDispatcher.o)
                              /opt/devkitPro/libnds/lib/libnds9.a(interrupts.o) (IntrMain)
/opt/devkitPro/libnds/lib/libnds9.a(default_font.bin.o)
                              /opt/devkitPro/libnds/lib/libnds9.a(console.o) (default_font_bin)
/opt/devkitPro/libnds/lib/libnds9.a(background.o)
                              /opt/devkitPro/libnds/lib/libnds9.a(console.o) (bgState)
/opt/devkitPro/libnds/lib/libnds9.a(trig.o)
                              /opt/devkitPro/libnds/lib/libnds9.a(videoGL.o) (sinLerp)
/opt/devkitPro/devkitARM/lib/gcc/arm-eabi/4.3.3/thumb/libgcc.a(_udivsi3.o)
                              /opt/devkitPro/libnds/lib/libdswifi9.a(sgIP_DHCP.o) (__aeabi_uidiv)
/opt/devkitPro/devkitARM/lib/gcc/arm-eabi/4.3.3/thumb/libgcc.a(_divsi3.o)
                              /opt/devkitPro/libnds/lib/libdswifi9.a(sgIP_sockets.o) (__aeabi_idiv)
/opt/devkitPro/devkitARM/lib/gcc/arm-eabi/4.3.3/thumb/libgcc.a(_dvmd_tls.o)
                              /opt/devkitPro/devkitARM/lib/gcc/arm-eabi/4.3.3/thumb/libgcc.a(_udivsi3.o) (__div0)
/opt/devkitPro/devkitARM/lib/gcc/arm-eabi/4.3.3/thumb/libgcc.a(_muldi3.o)
                              /opt/devkitPro/libnds/lib/libnds9.a(videoGL.o) (__aeabi_lmul)
/opt/devkitPro/devkitARM/lib/gcc/arm-eabi/4.3.3/../../../../arm-eabi/lib/thumb/libg.a(lib_a-bsearch.o)
                              /opt/devkitPro/libnds/lib/libnds9.a(trig.o) (bsearch)
/opt/devkitPro/devkitARM/lib/gcc/arm-eabi/4.3.3/../../../../arm-eabi/lib/thumb/libg.a(lib_a-errno.o)
[...]
Memory Configuration

Name             Origin             Length             Attributes
rom              0x08000000         0x02000000
ewram            0x02000000         0x003ff000
dtcm             0x0b000000         0x00004000
vectors          0x01000000         0x00000100
itcm             0x01000100         0x00007f00
*default*        0x00000000         0xffffffff

Linker script and memory map

                0x01000000                __vectors_start = 0x1000000
                0x01000100                __itcm_start = 0x1000100
                0x023ff000                __ewram_end = 0x23ff000
                0x023ff000                __eheap_end = 0x23ff000
                0x0b000000                __dtcm_start = 0xb000000
                0x0b004000                __dtcm_top = 0xb004000
                0x0b003ff8                __irq_flags = (__dtcm_top - 0x8)
                0x0b003ffc                __irq_vector = (__dtcm_top - 0x4)
                0x0b003f00                __sp_svc = (__dtcm_top - 0x100)
                0x0b003e00                __sp_irq = (__sp_svc - 0x100)
                0x0b003d00                __sp_usr = (__sp_irq - 0x100)

.init           0x02000000      0x30c
                0x02000000                __text_start = .
 *(.init)
 .init          0x02000000      0x300 /opt/devkitPro/devkitARM/lib/gcc/arm-eabi/4.3.3/../../../../arm-eabi/lib/thumb/ds_arm9_crt0.o
                0x02000000                _start
 .init          0x02000300        0x4 /opt/devkitPro/devkitARM/lib/gcc/arm-eabi/4.3.3/thumb/crti.o
                0x02000300                _init
 .init          0x02000304        0x8 /opt/devkitPro/devkitARM/lib/gcc/arm-eabi/4.3.3/thumb/crtn.o
                0x0200030c                . = ALIGN (0x4)

.plt
 *(.plt)

.text           0x02000310     0xf6bc
 *(EXCLUDE_FILE(*.itcm*) .text)
 .text          0x02000310        0x0 /opt/devkitPro/devkitARM/lib/gcc/arm-eabi/4.3.3/../../../../arm-eabi/lib/thumb/ds_arm9_crt0.o
 .text          0x02000310        0x0 /opt/devkitPro/devkitARM/lib/gcc/arm-eabi/4.3.3/thumb/crti.o
 .text          0x02000310       0x70 /opt/devkitPro/devkitARM/lib/gcc/arm-eabi/4.3.3/thumb/crtbegin.o
 .text          0x02000380        0x0 soundbank.bin.o
 .text          0x02000380        0x0 hitship.o
 .text          0x02000380      0x52c battlefield.o
                0x02000450                fire_valid
                0x020003b8                destroy_battlefield
                0x020007c8                available
                0x02000494                add
                0x02000598                add_temp
                0x02000718                valid
                0x02000380                create_battlefield
                0x02000750                inside
                0x02000668                remove_temp
                0x020003d4                fire
 .text          0x020008ac      0x528 game.o
                0x0200095c                place_ships
                0x02000b5c                move_temp
                0x020008ac                play_game
                0x020008b0                wait_start
 .text          0x02000dd4      0x610 graphics_manager.o
                0x020012a0                tile_shower
                0x02000f90                show_land
                0x02000f50                init_toplevel
                0x02001218                show_land_sub
                0x02000dd4                configure_graphics_main
                0x02001018                show_land_toplevel
                0x02001350                tile_shower_2x2
                0x020010a8                configure_graphics_sub
 .text          0x020013e4       0x18 main.o
                0x020013e4                main
 .text          0x020013fc       0x54 ship.o
                0x020013fc                create_ship
                0x0200143c                destroy_ship
 .text          0x02001450      0x158 wifi.o
                0x02001450                connect_wifi
                0x02001548                send_ready_packet
                0x020014ac                wait_pairing_packet
                0x0200147c                send_pairing_packet
                0x0200156c                ready_packet_received
 .text          0x020015a8      0x2d0 WiFi_minilib.o
                0x02001680                openSocket
                0x020015a8                initWiFi
                0x02001798                disconnectFromWiFi
                0x02001808                receiveData
                0x020017b8                sendData
                0x02001764                closeSocket
 .text          0x02001878      0x204 /opt/devkitPro/libnds/lib/libdswifi9.a(sgIP_Hub.o)
                0x020019ac                sgIP_Hub_SendRawPacket
                0x02001a1c                sgIP_Hub_ReceiveHardwarePacket
                0x02001950                sgIP_Hub_GetCompatibleIP
                0x0200198c                htonl
                0x020018c8                sgIP_Hub_AddHardwareInterface
                0x02001928                sgIP_Hub_RemoveHardwareInterface
                0x02001968                sgIP_Hub_GetDefaultInterface
                0x02001878                sgIP_Hub_Init
                0x02001948                sgIP_Hub_IPMaxMessageSize
                0x0200188c                sgIP_Hub_AddProtocolInterface
                0x0200197c                htons
                0x020019d4                sgIP_Hub_SendProtocolPacket
                0x02001908                sgIP_Hub_RemoveProtocolInterface
 .text          0x02001a7c      0x2e0 /opt/devkitPro/libnds/lib/libdswifi9.a(sgIP_memblock.o)
                0x02001cc0                sgIP_memblock_free
                0x02001bd4                sgIP_memblock_CopyFromLinear
                0x02001d4c                sgIP_memblock_alloc
                0x02001bd0                sgIP_memblock_CopyBlock
                0x02001c4c                sgIP_memblock_CopyToLinear
                0x02001ab0                sgIP_memblock_IPChecksum
                0x02001a7c                sgIP_memblock_Init
                0x02001a80                sgIP_memblock_exposeheader
                0x02001cf0                sgIP_memblock_trimsize
                0x02001d24                sgIP_memblock_allocHW
 .text          0x02001d5c      0xb4c /opt/devkitPro/libnds/lib/libdswifi9.a(sgIP_sockets.o)
                0x02002154                ioctl
                0x0200253c                recv
                0x02002674                connect
                0x020021ec                kill_socket
                0x020023fc                recvfrom
                0x02002810                socket
                0x02001d84                select
                0x020025d8                send
                0x020022d4                accept
                0x02001d5c                sgIP_sockets_Init
                0x0200275c                bind
                0x02001d7c                setsockopt
                0x020024c8                sendto
                0x020023ac                listen
                0x02002224                spawn_socket
                0x02002284                shutdown
                0x0200200c                gethostbyname
                0x020027bc                closesocket
                0x020020bc                getpeername
                0x02001d80                getsockopt
                0x02002018                getsockname
 .text          0x020028a8     0x15dc /opt/devkitPro/libnds/lib/libdswifi9.a(wifi_arm9.o)
                0x02003db8                Wifi_InitDefault
                0x02002988                wHeapFree
                0x02002cc0                Wifi_RawSetPacketHandler
                0x02002d10                Wifi_SetPromiscuousMode
                0x020032bc                wifiValue32Handler
                0x02002ccc                Wifi_SetSyncHandler
                0x02002ee4                Wifi_GetData
                0x02002b50                Wifi_RawTxFrame
                0x020029d4                ethhdr_print
                0x02002f8c                Wifi_SetIP
                0x02003cfc                wHeapAllocInit
                0x02002dec                Wifi_DisconnectAP
                0x02002f7c                arm9_synctoarm7
                0x02002ea4                Wifi_GetIPInfo
                0x02002d5c                Wifi_SetChannel
                0x020032d0                Wifi_Timer
                0x02002e64                Wifi_CheckInit
                0x020028b8                sgIP_RestoreInterrupts
                0x020028c8                sgIP_IntrWaitEvent
                0x02003d24                Wifi_Init
                0x020032f0                Wifi_TransmitFunction
                0x020036f4                Wifi_FindMatchingAP
                0x02002d84                Wifi_GetNumAP
                0x020029ec                Wifi_CopyMacAddr
                0x020032b0                Wifi_Sync
                0x020029d8                erasemem
                0x02002cf4                Wifi_EnableWifi
                0x02002ab4                Wifi_RxRawReadPacket
                0x02002e1c                Wifi_Interface_Init
                0x02003bcc                Wifi_ConnectAP
                0x02002e90                Wifi_GetIP
                0x020032e0                Timer_50ms
                0x02002ee0                Wifi_SetDHCP
                0x020029fc                Wifi_CmpMacAddr
                0x02002d40                Wifi_ScanMode
                0x0200364c                Wifi_GetAPData
                0x02002dbc                Wifi_AutoConnect
                0x020029b4                sgIP_free
                0x02003824                Wifi_AssocStatus
                0x020029a8                sgIP_malloc
                0x02002a28                Wifi_TxBufferWordsAvailable
                0x020028cc                wHeapAlloc
                0x02002a50                Wifi_TxBufferWrite
                0x02002fb4                Wifi_Update
                0x02002b24                Wifi_RxReadOffset
                0x02002f58                Wifi_GetStats
                0x02002cd8                Wifi_DisableWifi
                0x020028a8                sgIP_DisableInterrupts
 .text          0x02003e84       0x5c /opt/devkitPro/libnds/lib/libdswifi9.a(spinlock.o)
                0x02003e84                SLasm_Acquire
                0x02003eb8                SLasm_Release
 .text          0x02003ee0       0xa4 /opt/devkitPro/libnds/lib/libdswifi9.a(sgIP.o)
                0x02003ee0                sgIP_Timer
                0x02003f48                sgIP_Init
 .text          0x02003f84      0x668 /opt/devkitPro/libnds/lib/libdswifi9.a(sgIP_ARP.o)
                0x020044d0                sgIP_ARP_ProcessARPFrame
                0x02003fb8                sgIP_is_broadcast_address
                0x020042c8                sgIP_ARP_Timer100ms
                0x02003fc8                sgIP_ARP_Init
                0x02004104                sgIP_ARP_SendGratARP
                0x0200401c                sgIP_ARP_ProcessIPFrame
                0x02003fc4                sgIP_ARP_Check_isok
                0x02003fe8                sgIP_ARP_FlushInterface
                0x02004020                sgIP_ARP_SendARPRequest
                0x020041e8                sgIP_ARP_SendARPResponse
                0x02004398                sgIP_ARP_SendProtocolFrame
                0x02004340                sgIP_GetArpSlot
                0x02003f84                sgIP_FindArpSlot
 .text          0x020045ec      0x8e8 /opt/devkitPro/libnds/lib/libdswifi9.a(sgIP_DHCP.o)
                0x020045ec                sgIP_DHCP_IsDhcpIp
                0x02004e94                sgIP_DHCP_Init
                0x020049d0                sgIP_DHCP_Update
                0x02004d90                sgIP_DHCP_Release
                0x0200470c                sgIP_DHCP_BeginDgram
                0x020046d4                sgIP_DHCP_Terminate
                0x020045fc                sethostname
                0x02004954                sgIP_DHCP_SendDgram
                0x02004678                gethostname
                0x02004dc8                sgIP_DHCP_Start
                0x020046b8                sgIP_DHCP_SetHostName
 .text          0x02004ed4      0xabc /opt/devkitPro/libnds/lib/libdswifi9.a(sgIP_DNS.o)
                0x0200557c                sgIP_DNS_gethostbyname
                0x02005160                sgIP_DNS_GetUnusedRecord
                0x020051f4                sgIP_DNS_FindDNSRecord
                0x02005560                inet_addr
                0x02004f0c                sgIP_DNS_Timer1000ms
                0x02005004                sgIP_DNS_GenerateHostent
                0x02005544                inet_aton
                0x0200514c                inet_ntoa
                0x02004ed4                sgIP_DNS_Init
                0x0200530c                sgIP_DNS_isipaddress
                0x020050d8                sgIP_DNS_CopyAliasAt
 .text          0x02005990      0x150 /opt/devkitPro/libnds/lib/libdswifi9.a(sgIP_IP.o)
                0x02005990                sgIP_IP_RequiredHeaderSize
                0x02005a48                sgIP_IP_ReceivePacket
                0x020059a8                sgIP_IP_SendViaIP
                0x02005994                sgIP_IP_GetLocalBindAddr
                0x02005a38                sgIP_IP_MaxContentsSize
 .text          0x02005ae0     0x11cc /opt/devkitPro/libnds/lib/libdswifi9.a(sgIP_TCP.o)
                0x02005ae0                sgIP_TCP_Init
                0x02005b64                sgIP_TCP_GetUnusedOutgoingPort
                0x02005bd0                sgIP_TCP_Close
                0x020063e0                sgIP_TCP_Timer
                0x02006100                sgIP_TCP_Recv
                0x02005cf8                sgIP_TCP_AllocRecord
                0x02005d48                sgIP_TCP_FreeRecord
                0x0200664c                sgIP_TCP_CalcChecksum
                0x02005c00                sgIP_TCP_Accept
                0x02005e34                sgIP_TCP_GenHeader
                0x02005ca0                sgIP_TCP_Listen
                0x02006314                sgIP_TCP_Connect
                0x02005f74                sgIP_TCP_SendSynReply
                0x020066b8                sgIP_TCP_ReceivePacket
                0x02006018                sgIP_TCP_SendPacket
                0x02006200                sgIP_TCP_Send
                0x02005b14                sgIP_TCP_support_seqhash
                0x02005c78                sgIP_TCP_Bind
                0x02005ef8                sgIP_TCP_FixChecksum
 .text          0x02006cac      0x474 /opt/devkitPro/libnds/lib/libdswifi9.a(sgIP_UDP.o)
                0x02006d30                sgIP_UDP_Bind
                0x02006cc8                sgIP_UDP_GetUnusedOutgoingPort
                0x02006f04                sgIP_UDP_CalcChecksum
                0x02006cac                sgIP_UDP_Init
                0x02006e60                sgIP_UDP_FreeRecord
                0x02006f78                sgIP_UDP_SendPacket
                0x02007074                sgIP_UDP_ReceivePacket
                0x02007060                sgIP_UDP_SendTo
                0x02006d6c                sgIP_UDP_RecvFrom
                0x02006ec4                sgIP_UDP_AllocRecord
 .text          0x02007120       0x6c /opt/devkitPro/libnds/lib/libdswifi9.a(sgIP_ICMP.o)
                0x02007124                sgIP_ICMP_ReceivePacket
                0x02007120                sgIP_ICMP_Init
 .text          0x0200718c      0xa28 /opt/devkitPro/libnds/lib/libnds9.a(console.o)
                0x020078bc                con_write
                0x0200718c                consoleGetDefault
                0x02007710                consoleInit
                0x02007664                consoleSetFont
                0x02007b84                nocash_write
                0x02007240                consolePrintChar
                0x020076b0                consoleClear
                0x02007688                consoleSetWindow
                0x02007194                consoleSelect
                0x02007880                consoleDemoInit
                0x020073ec                consoleLoadFont
                0x020076c4                consoleDebugInit
 .text          0x02007bb4       0xec /opt/devkitPro/libnds/lib/libnds9.a(initSystem.o)
                0x02007bb4                initSystem
 .text          0x02007ca0      0x134 /opt/devkitPro/libnds/lib/libnds9.a(keys.o)
                0x02007d60                keysSetRepeat
                0x02007d50                keysDownRepeat
                0x02007d9c                keysCurrent
                0x02007d30                keysHeld
                0x02007d84                keysUp
                0x02007d3c                keysDown
                0x02007ca0                scanKeys
 .text          0x02007dd4       0xf4 /opt/devkitPro/libnds/lib/libnds9.a(system.o)
                0x02007e84                systemMsgHandler
                0x02007e1c                powerOn
                0x02007e6c                powerValueHandler
                0x02007dd4                ledBlink
                0x02007e50                systemSleep
                0x02007dec                powerOff
 .text          0x02007ec8      0x144 /opt/devkitPro/libnds/lib/libnds9.a(video.o)
                0x02007f7c                vramSetBankF
                0x02007f0c                vramRestoreMainBanks
                0x02007fa4                vramSetBankH
                0x02007f54                vramSetBankD
                0x02007f68                vramSetBankE
                0x02007fcc                setBrightness
                0x02007f90                vramSetBankG
                0x02007f2c                vramSetBankB
                0x02007f40                vramSetBankC
                0x02007fb8                vramSetBankI
                0x02007ec8                vramSetMainBanks
                0x02007f18                vramSetBankA
 .text          0x0200800c      0xa94 /opt/devkitPro/libnds/lib/libnds9.a(videoGL.o)
                0x02008154                glTexCoord2f32
                0x02008490                glTexImage2D
                0x020080c8                glGenTextures
                0x02008098                glResetTextures
                0x020087ac                glRotatef32i
                0x02008438                glTexLoadPal
                0x020081e0                glTexParameter
                0x0200800c                glGetGlobals
                0x02008260                getNextPaletteSlot
                0x020082b4                vramGetBank
                0x02008250                alignVal
                0x02008238                glGetTexParameter
                0x0200846c                gluTexLoadPal
                0x02008014                glMaterialf
                0x02008108                glBindTexture
                0x02008210                glGetTexturePointer
                0x02008374                vramIsTextureBank
                0x02008138                glColorTable
                0x020083d4                getNextTextureSlot
                0x02008608                glInit_C
 .text          0x02008aa0     0x18b8 /opt/devkitPro/libnds/lib/libnds9.a(fifosystem.o)
                0x02009a3c                fifoInternalRecvPopFirst
                0x02008b28                fifoCheckValue32
                0x02008c38                fifoCheckDatamsgLength
                0x02009430                fifoGetLostWordCount
                0x020093a0                fifoGetBufferUsage
                0x0200a100                fifoSendValue32
                0x0200a010                fifoInternalSend
                0x02009108                fifoGetDatamsg
                0x02008f20                fifoGetValue32
                0x02008d38                fifoGetAddress
                0x02008cc8                fifoCountDatamsg
                0x02009070                fifoForceValue32Handler
                0x02008bb0                fifoCheckDatamsg
                0x020099dc                fifoInternalRecvPeek
                0x02009f30                fifoInternalAllocFreeBlock
                0x02008ef8                fifoSetAddressHandler
                0x0200999c                fifoInternalProtect
                0x020092e4                fifoForceDatamsgHandler
                0x02009e44                fifoInternalSendEnqueue
                0x0200a0a8                fifoSendDatamsg
                0x02009c7c                fifoInternalSendEmpty
                0x02009dc8                fifoInternalSendInterrupt
                0x0200a148                fifoSendAddress
                0x02009c8c                fifoInternalSendDeque
                0x0200943c                fifoInternalRecvInterrupt
                0x02008aa0                fifoCheckAddress
                0x02009f84                fifoInternalFreeCheck
                0x02009b10                fifoInternalRecvWordCount
                0x02009b90                fifoInternalRecvPushBack
                0x020099b8                fifoInternalUnprotect
                0x02008e88                fifoForceAddressHandler
                0x020090e0                fifoSetValue32Handler
                0x02009d60                fifoInternalBeginSend
                0x0200a184                fifoInit
                0x02009378                fifoSetDatamsgHandler
                0x02009f60                fifoInternalFreeBlock
 .text          0x0200a358      0x1a8 /opt/devkitPro/libnds/lib/libnds9.a(interrupts.o)
                0x0200a438                irqEnable
                0x0200a35c                irqSet
                0x0200a484                irqDisable
                0x0200a3bc                irqInit
                0x0200a358                irqDummy
                0x0200a408                irqInitHandler
                0x0200a4d0                irqClear
 .text          0x0200a500       0x70 /opt/devkitPro/libnds/lib/libnds9.a(dcache.o)
                0x0200a500                DC_FlushAll
                0x0200a52c                DC_FlushRange
                0x0200a554                DC_InvalidateRange
                0x0200a548                DC_InvalidateAll
 .text          0x0200a570       0x70 /opt/devkitPro/libnds/lib/libnds9.a(biosCalls.o)
                0x0200a580                swiSleep
                0x0200a5ba                swiDecompressLZSSVram
                0x0200a5a2                swiFastCopy
                0x0200a5a6                swiSqrt
                0x0200a570                swiSoftReset
                0x0200a5aa                swiCRC16
                0x0200a5be                swiDecompressHuffman
                0x0200a5d6                swiSetHaltCR
                0x0200a58c                swiRemainder
                0x0200a5b2                swiUnpackBits
                0x0200a5b6                swiDecompressLZSSWram
                0x0200a5d2                swiDecodeDelta16
                0x0200a574                swiDelay
                0x0200a592                swiDivMod
                0x0200a5c6                swiDecompressRLEVram
                0x0200a5c2                swiDecompressRLEWram
                0x0200a5ce                swiDecodeDelta8
                0x0200a588                swiDivide
                0x0200a584                swiChangeSoundBias
                0x0200a57c                swiWaitForVBlank
                0x0200a578                swiIntrWait
                0x0200a5ae                swiIsDebugger
                0x0200a5ca                swiWaitForIRQ
                0x0200a59e                swiCopy
 .text          0x0200a5e0       0x98 /opt/devkitPro/libnds/lib/libnds9.a(debugprint.o)
                0x0200a5e0                nocashMessage
 .text          0x0200a678        0x0 /opt/devkitPro/libnds/lib/libnds9.a(interruptDispatcher.o)
 .text          0x0200a678        0x0 /opt/devkitPro/libnds/lib/libnds9.a(default_font.bin.o)
 .text          0x0200a678      0x320 /opt/devkitPro/libnds/lib/libnds9.a(background.o)
                0x0200a6d4                bgUpdate
                0x0200a8c8                bgInit_call
                0x0200a684                checkIfText
                0x0200a7cc                bgInitSub_call
                0x0200a678                bgIsText
 .text          0x0200a998      0x264 /opt/devkitPro/libnds/lib/libnds9.a(trig.o)
                0x0200ab30                arcSinComp
                0x0200ab60                asinLerp
                0x0200aaf0                tanLerp
                0x0200a998                sinLutLookup
                0x0200aaa4                tanLutLookup
                0x0200aa88                cosLerp
                0x0200abe0                acosLerp
                0x0200a9e8                sinLerp
 .text          0x0200abfc       0x8c /opt/devkitPro/devkitARM/lib/gcc/arm-eabi/4.3.3/thumb/libgcc.a(_udivsi3.o)
                0x0200abfc                __udivsi3
                0x0200abfc                __aeabi_uidiv
                0x0200ac78                __aeabi_uidivmod
 .text          0x0200ac88       0xa4 /opt/devkitPro/devkitARM/lib/gcc/arm-eabi/4.3.3/thumb/libgcc.a(_divsi3.o)
                0x0200ac88                __aeabi_idiv
                0x0200ac88                __divsi3
                0x0200ad1c                __aeabi_idivmod
 .text          0x0200ad2c        0x4 /opt/devkitPro/devkitARM/lib/gcc/arm-eabi/4.3.3/thumb/libgcc.a(_dvmd_tls.o)
                0x0200ad2c                __aeabi_ldiv0
                0x0200ad2c                __div0
                0x0200ad2c                __aeabi_idiv0
 .text          0x0200ad30       0x70 /opt/devkitPro/devkitARM/lib/gcc/arm-eabi/4.3.3/thumb/libgcc.a(_muldi3.o)
                0x0200ad30                __aeabi_lmul
                0x0200ad30                __muldi3
 .text          0x0200ada0       0x5c /opt/devkitPro/devkitARM/lib/gcc/arm-eabi/4.3.3/../../../../arm-eabi/lib/thumb/libg.a(lib_a-bsearch.o)
                0x0200ada0                bsearch
 .text          0x0200adfc        0xc /opt/devkitPro/devkitARM/lib/gcc/arm-eabi/4.3.3/../../../../arm-eabi/lib/thumb/libg.a(lib_a-errno.o)
                0x0200adfc                __errno
 .text          0x0200ae08        0x0 /opt/devkitPro/devkitARM/lib/gcc/arm-eabi/4.3.3/../../../../arm-eabi/lib/thumb/libg.a(lib_a-impure.o)
 .text          0x0200ae08       0x88 /opt/devkitPro/devkitARM/lib/gcc/arm-eabi/4.3.3/../../../../arm-eabi/lib/thumb/libg.a(lib_a-init.o)
                0x0200ae38                __libc_init_array
                0x0200ae08                __libc_fini_array
 .text          0x0200ae90       0x3c /opt/devkitPro/devkitARM/lib/gcc/arm-eabi/4.3.3/../../../../arm-eabi/lib/thumb/libg.a(lib_a-iprintf.o)
                0x0200ae90                _iprintf_r
                0x0200aea8                iprintf
 .text          0x0200aecc       0x30 /opt/devkitPro/devkitARM/lib/gcc/arm-eabi/4.3.3/../../../../arm-eabi/lib/thumb/libg.a(lib_a-malloc.o)
                0x0200aee4                malloc
                0x0200aecc                free
 .text          0x0200aefc      0x510 /opt/devkitPro/devkitARM/lib/gcc/arm-eabi/4.3.3/../../../../arm-eabi/lib/thumb/libg.a(lib_a-mallocr.o)
                0x0200aefc                _malloc_r
 .text          0x0200b40c       0x88 /opt/devkitPro/devkitARM/lib/gcc/arm-eabi/4.3.3/../../../../arm-eabi/lib/thumb/libg.a(lib_a-memcpy.o)
                0x0200b40c                memcpy
 .text          0x0200b494       0xb0 /opt/devkitPro/devkitARM/lib/gcc/arm-eabi/4.3.3/../../../../arm-eabi/lib/thumb/libg.a(lib_a-memset.o)
                0x0200b494                memset
 .text          0x0200b544        0x8 /opt/devkitPro/devkitARM/lib/gcc/arm-eabi/4.3.3/../../../../arm-eabi/lib/thumb/libg.a(lib_a-mlock.o)
                0x0200b548                __malloc_unlock
                0x0200b544                __malloc_lock
 .text          0x0200b54c       0x88 /opt/devkitPro/devkitARM/lib/gcc/arm-eabi/4.3.3/../../../../arm-eabi/lib/thumb/libg.a(lib_a-puts.o)
                0x0200b54c                _puts_r
                0x0200b5bc                puts
 .text          0x0200b5d4       0x1c /opt/devkitPro/devkitARM/lib/gcc/arm-eabi/4.3.3/../../../../arm-eabi/lib/thumb/libg.a(lib_a-realloc.o)
                0x0200b5d4                realloc
 .text          0x0200b5f0      0x340 /opt/devkitPro/devkitARM/lib/gcc/arm-eabi/4.3.3/../../../../arm-eabi/lib/thumb/libg.a(lib_a-reallocr.o)
                0x0200b5f0                _realloc_r
 .text          0x0200b930      0x114 /opt/devkitPro/devkitARM/lib/gcc/arm-eabi/4.3.3/../../../../arm-eabi/lib/thumb/libg.a(lib_a-setvbuf.o)
                0x0200b930                setvbuf
 .text          0x0200ba44       0xa4 /opt/devkitPro/devkitARM/lib/gcc/arm-eabi/4.3.3/../../../../arm-eabi/lib/thumb/libg.a(lib_a-siscanf.o)
                0x0200ba48                _siscanf_r
                0x0200ba98                siscanf
 .text          0x0200bae8       0x5c /opt/devkitPro/devkitARM/lib/gcc/arm-eabi/4.3.3/../../../../arm-eabi/lib/thumb/libg.a(lib_a-strcmp.o)
                0x0200bae8                strcmp
 .text          0x0200bb44       0x60 /opt/devkitPro/devkitARM/lib/gcc/arm-eabi/4.3.3/../../../../arm-eabi/lib/thumb/libg.a(lib_a-strlen.o)
                0x0200bb44                strlen
 .text          0x0200bba4       0x74 /opt/devkitPro/devkitARM/lib/gcc/arm-eabi/4.3.3/../../../../arm-eabi/lib/thumb/libg.a(lib_a-strncpy.o)
                0x0200bba4                strncpy
 .text          0x0200bc18      0x8fc /opt/devkitPro/devkitARM/lib/gcc/arm-eabi/4.3.3/../../../../arm-eabi/lib/thumb/libg.a(lib_a-svfiscanf.o)
                0x0200bcec                __ssvfiscanf_r
 .text          0x0200c514      0x1a0 /opt/devkitPro/devkitARM/lib/gcc/arm-eabi/4.3.3/../../../../arm-eabi/lib/thumb/libg.a(lib_a-ungetc.o)
                0x0200c698                ungetc
                0x0200c514                __submore
                0x0200c590                _ungetc_r
 .text          0x0200c6b4      0xc44 /opt/devkitPro/devkitARM/lib/gcc/arm-eabi/4.3.3/../../../../arm-eabi/lib/thumb/libg.a(lib_a-vfiprintf.o)
                0x0200d2d4                vfiprintf
                0x0200c6d4                _vfiprintf_r
 .text          0x0200d2f8       0x68 /opt/devkitPro/devkitARM/lib/gcc/arm-eabi/4.3.3/../../../../arm-eabi/lib/thumb/libg.a(lib_a-wcrtomb.o)
                0x0200d2f8                _wcrtomb_r
                0x0200d33c                wcrtomb
 .text          0x0200d360      0x108 /opt/devkitPro/devkitARM/lib/gcc/arm-eabi/4.3.3/../../../../arm-eabi/lib/thumb/libg.a(lib_a-wcsrtombs.o)
                0x0200d360                _wcsrtombs_r
                0x0200d440                wcsrtombs
 .text          0x0200d468      0x2c8 /opt/devkitPro/devkitARM/lib/gcc/arm-eabi/4.3.3/../../../../arm-eabi/lib/thumb/libg.a(lib_a-wctomb_r.o)
                0x0200d468                _wctomb_r
 .text          0x0200d730       0xc8 /opt/devkitPro/devkitARM/lib/gcc/arm-eabi/4.3.3/../../../../arm-eabi/lib/thumb/libg.a(lib_a-wsetup.o)
                0x0200d730                __swsetup_r
 .text          0x0200d7f8        0x0 /opt/devkitPro/devkitARM/lib/gcc/arm-eabi/4.3.3/../../../../arm-eabi/lib/thumb/libg.a(lib_a-ctype_.o)
 .text          0x0200d7f8      0x150 /opt/devkitPro/devkitARM/lib/gcc/arm-eabi/4.3.3/../../../../arm-eabi/lib/thumb/libg.a(lib_a-fflush.o)
                0x0200d914                fflush
                0x0200d7f8                _fflush_r
 .text          0x0200d948      0x1f0 /opt/devkitPro/devkitARM/lib/gcc/arm-eabi/4.3.3/../../../../arm-eabi/lib/thumb/libg.a(lib_a-findfp.o)
                0x0200da14                __sinit
                0x0200da70                __sfmoreglue
                0x0200d9ac                _cleanup
                0x0200d998                _cleanup_r
                0x0200d97c                __fp_lock_all
                0x0200d948                __sfp_lock_acquire
                0x0200daa4                __sfp
                0x0200d954                __sinit_lock_release
                0x0200d960                __fp_unlock_all
                0x0200d94c                __sfp_lock_release
                0x0200d950                __sinit_lock_acquire
 .text          0x0200db38      0x23c /opt/devkitPro/devkitARM/lib/gcc/arm-eabi/4.3.3/../../../../arm-eabi/lib/thumb/libg.a(lib_a-freer.o)
                0x0200dbe0                _free_r
                0x0200db38                _malloc_trim_r
 .text          0x0200dd74      0x318 /opt/devkitPro/devkitARM/lib/gcc/arm-eabi/4.3.3/../../../../arm-eabi/lib/thumb/libg.a(lib_a-fvwrite.o)
                0x0200dd74                __sfvwrite_r
 .text          0x0200e08c       0xc8 /opt/devkitPro/devkitARM/lib/gcc/arm-eabi/4.3.3/../../../../arm-eabi/lib/thumb/libg.a(lib_a-fwalk.o)
                0x0200e0f4                _fwalk
                0x0200e08c                _fwalk_reent
 .text          0x0200e154       0xec /opt/devkitPro/devkitARM/lib/gcc/arm-eabi/4.3.3/../../../../arm-eabi/lib/thumb/libg.a(lib_a-iswspace.o)
                0x0200e154                iswspace
 .text          0x0200e240      0x178 /opt/devkitPro/devkitARM/lib/gcc/arm-eabi/4.3.3/../../../../arm-eabi/lib/thumb/libg.a(lib_a-jp2uc.o)
                0x0200e240                __jp2uc
 .text          0x0200e3b8      0x28c /opt/devkitPro/devkitARM/lib/gcc/arm-eabi/4.3.3/../../../../arm-eabi/lib/thumb/libg.a(lib_a-locale.o)
                0x0200e3d4                _setlocale_r
                0x0200e3b8                __locale_charset
                0x0200e3c4                _localeconv_r
                0x0200e628                setlocale
                0x0200e3cc                localeconv
 .text          0x0200e644       0xe8 /opt/devkitPro/devkitARM/lib/gcc/arm-eabi/4.3.3/../../../../arm-eabi/lib/thumb/libg.a(lib_a-makebuf.o)
                0x0200e644                __smakebuf_r
 .text          0x0200e72c       0x70 /opt/devkitPro/devkitARM/lib/gcc/arm-eabi/4.3.3/../../../../arm-eabi/lib/thumb/libg.a(lib_a-mbrtowc.o)
                0x0200e774                mbrtowc
                0x0200e72c                _mbrtowc_r
 .text          0x0200e79c      0x69c /opt/devkitPro/devkitARM/lib/gcc/arm-eabi/4.3.3/../../../../arm-eabi/lib/thumb/libg.a(lib_a-mbtowc_r.o)
                0x0200e79c                _mbtowc_r
 .text          0x0200ee38       0x8c /opt/devkitPro/devkitARM/lib/gcc/arm-eabi/4.3.3/../../../../arm-eabi/lib/thumb/libg.a(lib_a-memchr.o)
                0x0200ee38                memchr
 .text          0x0200eec4       0xb0 /opt/devkitPro/devkitARM/lib/gcc/arm-eabi/4.3.3/../../../../arm-eabi/lib/thumb/libg.a(lib_a-memmove.o)
                0x0200eec4                memmove
 .text          0x0200ef74       0x78 /opt/devkitPro/devkitARM/lib/gcc/arm-eabi/4.3.3/../../../../arm-eabi/lib/thumb/libg.a(lib_a-sccl.o)
                0x0200ef74                __sccl
 .text          0x0200efec       0xb8 /opt/devkitPro/devkitARM/lib/gcc/arm-eabi/4.3.3/../../../../arm-eabi/lib/thumb/libg.a(lib_a-stdio.o)
                0x0200f000                __sseek
                0x0200f074                __sread
                0x0200efec                __sclose
                0x0200f034                __swrite
 .text          0x0200f0a4       0x48 /opt/devkitPro/devkitARM/lib/gcc/arm-eabi/4.3.3/../../../../arm-eabi/lib/thumb/libg.a(lib_a-strcpy.o)
                0x0200f0a4                strcpy
 .text          0x0200f0ec      0x18c /opt/devkitPro/devkitARM/lib/gcc/arm-eabi/4.3.3/../../../../arm-eabi/lib/thumb/libg.a(lib_a-strtol.o)
                0x0200f254                strtol
                0x0200f0ec                _strtol_r
 .text          0x0200f278      0x190 /opt/devkitPro/devkitARM/lib/gcc/arm-eabi/4.3.3/../../../../arm-eabi/lib/thumb/libg.a(lib_a-strtoul.o)
                0x0200f3e4                strtoul
                0x0200f278                _strtoul_r
 .text          0x0200f408       0xc0 /opt/devkitPro/devkitARM/lib/gcc/arm-eabi/4.3.3/../../../../arm-eabi/lib/thumb/libg.a(lib_a-fclose.o)
                0x0200f408                _fclose_r
                0x0200f4ac                fclose
 .text          0x0200f4c8      0x134 /opt/devkitPro/devkitARM/lib/gcc/arm-eabi/4.3.3/../../../../arm-eabi/lib/thumb/libsysbase.a(iosupport.o)
                0x0200f5d8                RemoveDevice
                0x0200f4c8                setDefaultDevice
                0x0200f4dc                AddDevice
                0x0200f5b8                GetDeviceOpTab
                0x0200f554                FindDevice
 .text          0x0200f5fc       0x54 /opt/devkitPro/devkitARM/lib/gcc/arm-eabi/4.3.3/../../../../arm-eabi/lib/thumb/libsysbase.a(close.o)
                0x0200f5fc                _close_r
 .text          0x0200f650       0x5c /opt/devkitPro/devkitARM/lib/gcc/arm-eabi/4.3.3/../../../../arm-eabi/lib/thumb/libsysbase.a(fstat.o)
                0x0200f650                _fstat_r
 .text          0x0200f6ac        0x4 /opt/devkitPro/devkitARM/lib/gcc/arm-eabi/4.3.3/../../../../arm-eabi/lib/thumb/libsysbase.a(isatty.o)
                0x0200f6ac                _isatty_r
 .text          0x0200f6b0       0x54 /opt/devkitPro/devkitARM/lib/gcc/arm-eabi/4.3.3/../../../../arm-eabi/lib/thumb/libsysbase.a(lseek.o)
                0x0200f6b0                _lseek_r
 .text          0x0200f704       0x54 /opt/devkitPro/devkitARM/lib/gcc/arm-eabi/4.3.3/../../../../arm-eabi/lib/thumb/libsysbase.a(read.o)
                0x0200f704                _read_r
 .text          0x0200f758       0x54 /opt/devkitPro/devkitARM/lib/gcc/arm-eabi/4.3.3/../../../../arm-eabi/lib/thumb/libsysbase.a(sbrk.o)
                0x0200f758                _sbrk_r
 .text          0x0200f7ac       0x4c /opt/devkitPro/devkitARM/lib/gcc/arm-eabi/4.3.3/../../../../arm-eabi/lib/thumb/libsysbase.a(times.o)
                0x0200f7b4                _gettimeofday_r
                0x0200f7ac                _times_r
                0x0200f7e0                _times
 .text          0x0200f7f8       0x54 /opt/devkitPro/devkitARM/lib/gcc/arm-eabi/4.3.3/../../../../arm-eabi/lib/thumb/libsysbase.a(write.o)
                0x0200f7f8                _write_r
 .text          0x0200f84c        0x0 /opt/devkitPro/devkitARM/lib/gcc/arm-eabi/4.3.3/../../../../arm-eabi/lib/thumb/libsysbase.a(malloc_vars.o)
 .text          0x0200f84c       0x54 /opt/devkitPro/devkitARM/lib/gcc/arm-eabi/4.3.3/../../../../arm-eabi/lib/thumb/libsysbase.a(build_argv.o)
                0x0200f84c                build_argv
 .text          0x0200f8a0       0x90 /opt/devkitPro/devkitARM/lib/gcc/arm-eabi/4.3.3/../../../../arm-eabi/lib/thumb/libsysbase.a(handle_manager.o)
                0x0200f900                __release_handle
                0x0200f8c0                __alloc_handle
                0x0200f8a0                __get_handle
 .text          0x0200f930       0x9c /opt/devkitPro/devkitARM/lib/gcc/arm-eabi/4.3.3/../../../../arm-eabi/lib/thumb/libg.a(lib_a-strncmp.o)
                0x0200f930                strncmp
 .text          0x0200f9cc        0x0 /opt/devkitPro/devkitARM/lib/gcc/arm-eabi/4.3.3/thumb/crtend.o
 .text          0x0200f9cc        0x0 /opt/devkitPro/devkitARM/lib/gcc/arm-eabi/4.3.3/thumb/crtn.o
 *(.text.*)
 *(.stub)
 *(.gnu.warning)
 *(.gnu.linkonce.t*)
 *(.glue_7)
 .glue_7        0x0200f9cc        0x0 /opt/devkitPro/devkitARM/lib/gcc/arm-eabi/4.3.3/../../../../arm-eabi/lib/thumb/ds_arm9_crt0.o
 .glue_7        0x0200f9cc        0x0 /opt/devkitPro/devkitARM/lib/gcc/arm-eabi/4.3.3/thumb/crti.o
 .glue_7        0x0200f9cc        0x0 /opt/devkitPro/devkitARM/lib/gcc/arm-eabi/4.3.3/thumb/crtbegin.o
 .glue_7        0x0200f9cc        0x0 soundbank.bin.o
 .glue_7        0x0200f9cc        0x0 hitship.o
 .glue_7        0x0200f9cc        0x0 battlefield.o
 .glue_7        0x0200f9cc        0x0 game.o
 .glue_7        0x0200f9cc        0x0 graphics_manager.o
 .glue_7        0x0200f9cc        0x0 main.o
 .glue_7        0x0200f9cc        0x0 ship.o
 .glue_7        0x0200f9cc        0x0 wifi.o
 .glue_7        0x0200f9cc        0x0 WiFi_minilib.o
 .glue_7        0x0200f9cc        0x0 /opt/devkitPro/libnds/lib/libdswifi9.a(sgIP_Hub.o)
 .glue_7        0x0200f9cc        0x0 /opt/devkitPro/libnds/lib/libdswifi9.a(sgIP_memblock.o)
 .glue_7        0x0200f9cc        0x0 /opt/devkitPro/libnds/lib/libdswifi9.a(sgIP_sockets.o)
 .glue_7        0x0200f9cc        0x0 /opt/devkitPro/libnds/lib/libdswifi9.a(wifi_arm9.o)
 .glue_7        0x0200f9cc        0x0 /opt/devkitPro/libnds/lib/libdswifi9.a(spinlock.o)
 .glue_7        0x0200f9cc        0x0 /opt/devkitPro/libnds/lib/libdswifi9.a(sgIP.o)
 .glue_7        0x0200f9cc        0x0 /opt/devkitPro/libnds/lib/libdswifi9.a(sgIP_ARP.o)
 .glue_7        0x0200f9cc        0x0 /opt/devkitPro/libnds/lib/libdswifi9.a(sgIP_DHCP.o)
 .glue_7        0x0200f9cc        0x0 /opt/devkitPro/libnds/lib/libdswifi9.a(sgIP_DNS.o)
 .glue_7        0x0200f9cc        0x0 /opt/devkitPro/libnds/lib/libdswifi9.a(sgIP_IP.o)
 .glue_7        0x0200f9cc        0x0 /opt/devkitPro/libnds/lib/libdswifi9.a(sgIP_TCP.o)
 .glue_7        0x0200f9cc        0x0 /opt/devkitPro/libnds/lib/libdswifi9.a(sgIP_UDP.o)
 .glue_7        0x0200f9cc        0x0 /opt/devkitPro/libnds/lib/libdswifi9.a(sgIP_ICMP.o)
 .glue_7        0x0200f9cc        0x0 /opt/devkitPro/libnds/lib/libnds9.a(console.o)
 .glue_7        0x0200f9cc        0x0 /opt/devkitPro/libnds/lib/libnds9.a(initSystem.o)
 .glue_7        0x0200f9cc        0x0 /opt/devkitPro/libnds/lib/libnds9.a(keys.o)
 .glue_7        0x0200f9cc        0x0 /opt/devkitPro/libnds/lib/libnds9.a(system.o)
 .glue_7        0x0200f9cc        0x0 /opt/devkitPro/libnds/lib/libnds9.a(video.o)
 .glue_7        0x0200f9cc        0x0 /opt/devkitPro/libnds/lib/libnds9.a(videoGL.o)
 .glue_7        0x0200f9cc        0x0 /opt/devkitPro/libnds/lib/libnds9.a(fifosystem.o)
 .glue_7        0x0200f9cc        0x0 /opt/devkitPro/libnds/lib/libnds9.a(interrupts.o)
 .glue_7        0x0200f9cc        0x0 /opt/devkitPro/libnds/lib/libnds9.a(dcache.o)
 .glue_7        0x0200f9cc        0x0 /opt/devkitPro/libnds/lib/libnds9.a(biosCalls.o)
 .glue_7        0x0200f9cc        0x0 /opt/devkitPro/libnds/lib/libnds9.a(debugprint.o)
 .glue_7        0x0200f9cc        0x0 /opt/devkitPro/libnds/lib/libnds9.a(interruptDispatcher.o)
 .glue_7        0x0200f9cc        0x0 /opt/devkitPro/libnds/lib/libnds9.a(default_font.bin.o)
 .glue_7        0x0200f9cc        0x0 /opt/devkitPro/libnds/lib/libnds9.a(background.o)
 .glue_7        0x0200f9cc        0x0 /opt/devkitPro/libnds/lib/libnds9.a(trig.o)
 .glue_7        0x0200f9cc        0x0 /opt/devkitPro/devkitARM/lib/gcc/arm-eabi/4.3.3/thumb/libgcc.a(_udivsi3.o)
 .glue_7        0x0200f9cc        0x0 /opt/devkitPro/devkitARM/lib/gcc/arm-eabi/4.3.3/thumb/libgcc.a(_divsi3.o)
 .glue_7        0x0200f9cc        0x0 /opt/devkitPro/devkitARM/lib/gcc/arm-eabi/4.3.3/thumb/libgcc.a(_dvmd_tls.o)
 .glue_7        0x0200f9cc        0x0 /opt/devkitPro/devkitARM/lib/gcc/arm-eabi/4.3.3/thumb/libgcc.a(_muldi3.o)
 .glue_7        0x0200f9cc        0x0 /opt/devkitPro/devkitARM/lib/gcc/arm-eabi/4.3.3/../../../../arm-eabi/lib/thumb/libg.a(lib_a-bsearch.o)
 .glue_7        0x0200f9cc        0x0 /opt/devkitPro/devkitARM/lib/gcc/arm-eabi/4.3.3/../../../../arm-eabi/lib/thumb/libg.a(lib_a-errno.o)
 .glue_7        0x0200f9cc        0x0 /opt/devkitPro/devkitARM/lib/gcc/arm-eabi/4.3.3/../../../../arm-eabi/lib/thumb/libg.a(lib_a-impure.o)
 .glue_7        0x0200f9cc        0x0 /opt/devkitPro/devkitARM/lib/gcc/arm-eabi/4.3.3/../../../../arm-eabi/lib/thumb/libg.a(lib_a-init.o)
 .glue_7        0x0200f9cc        0x0 /opt/devkitPro/devkitARM/lib/gcc/arm-eabi/4.3.3/../../../../arm-eabi/lib/thumb/libg.a(lib_a-iprintf.o)
 .glue_7        0x0200f9cc        0x0 /opt/devkitPro/devkitARM/lib/gcc/arm-eabi/4.3.3/../../../../arm-eabi/lib/thumb/libg.a(lib_a-malloc.o)
 .glue_7        0x0200f9cc        0x0 /opt/devkitPro/devkitARM/lib/gcc/arm-eabi/4.3.3/../../../../arm-eabi/lib/thumb/libg.a(lib_a-mallocr.o)
 .glue_7        0x0200f9cc        0x0 /opt/devkitPro/devkitARM/lib/gcc/arm-eabi/4.3.3/../../../../arm-eabi/lib/thumb/libg.a(lib_a-memcpy.o)
 .glue_7        0x0200f9cc        0x0 /opt/devkitPro/devkitARM/lib/gcc/arm-eabi/4.3.3/../../../../arm-eabi/lib/thumb/libg.a(lib_a-memset.o)
 .glue_7        0x0200f9cc        0x0 /opt/devkitPro/devkitARM/lib/gcc/arm-eabi/4.3.3/../../../../arm-eabi/lib/thumb/libg.a(lib_a-mlock.o)
 .glue_7        0x0200f9cc        0x0 /opt/devkitPro/devkitARM/lib/gcc/arm-eabi/4.3.3/../../../../arm-eabi/lib/thumb/libg.a(lib_a-puts.o)
 .glue_7        0x0200f9cc        0x0 /opt/devkitPro/devkitARM/lib/gcc/arm-eabi/4.3.3/../../../../arm-eabi/lib/thumb/libg.a(lib_a-realloc.o)
 .glue_7        0x0200f9cc        0x0 /opt/devkitPro/devkitARM/lib/gcc/arm-eabi/4.3.3/../../../../arm-eabi/lib/thumb/libg.a(lib_a-reallocr.o)
 .glue_7        0x0200f9cc        0x0 /opt/devkitPro/devkitARM/lib/gcc/arm-eabi/4.3.3/../../../../arm-eabi/lib/thumb/libg.a(lib_a-setvbuf.o)
 .glue_7        0x0200f9cc        0x0 /opt/devkitPro/devkitARM/lib/gcc/arm-eabi/4.3.3/../../../../arm-eabi/lib/thumb/libg.a(lib_a-siscanf.o)
 .glue_7        0x0200f9cc        0x0 /opt/devkitPro/devkitARM/lib/gcc/arm-eabi/4.3.3/../../../../arm-eabi/lib/thumb/libg.a(lib_a-strcmp.o)
 .glue_7        0x0200f9cc        0x0 /opt/devkitPro/devkitARM/lib/gcc/arm-eabi/4.3.3/../../../../arm-eabi/lib/thumb/libg.a(lib_a-strlen.o)
 .glue_7        0x0200f9cc        0x0 /opt/devkitPro/devkitARM/lib/gcc/arm-eabi/4.3.3/../../../../arm-eabi/lib/thumb/libg.a(lib_a-strncpy.o)
 .glue_7        0x0200f9cc        0x0 /opt/devkitPro/devkitARM/lib/gcc/arm-eabi/4.3.3/../../../../arm-eabi/lib/thumb/libg.a(lib_a-svfiscanf.o)
 .glue_7        0x0200f9cc        0x0 /opt/devkitPro/devkitARM/lib/gcc/arm-eabi/4.3.3/../../../../arm-eabi/lib/thumb/libg.a(lib_a-ungetc.o)
 .glue_7        0x0200f9cc        0x0 /opt/devkitPro/devkitARM/lib/gcc/arm-eabi/4.3.3/../../../../arm-eabi/lib/thumb/libg.a(lib_a-vfiprintf.o)
 .glue_7        0x0200f9cc        0x0 /opt/devkitPro/devkitARM/lib/gcc/arm-eabi/4.3.3/../../../../arm-eabi/lib/thumb/libg.a(lib_a-wcrtomb.o)
 .glue_7        0x0200f9cc        0x0 /opt/devkitPro/devkitARM/lib/gcc/arm-eabi/4.3.3/../../../../arm-eabi/lib/thumb/libg.a(lib_a-wcsrtombs.o)
 .glue_7        0x0200f9cc        0x0 /opt/devkitPro/devkitARM/lib/gcc/arm-eabi/4.3.3/../../../../arm-eabi/lib/thumb/libg.a(lib_a-wctomb_r.o)
 .glue_7        0x0200f9cc        0x0 /opt/devkitPro/devkitARM/lib/gcc/arm-eabi/4.3.3/../../../../arm-eabi/lib/thumb/libg.a(lib_a-wsetup.o)
 .glue_7        0x0200f9cc        0x0 /opt/devkitPro/devkitARM/lib/gcc/arm-eabi/4.3.3/../../../../arm-eabi/lib/thumb/libg.a(lib_a-ctype_.o)
 .glue_7        0x0200f9cc        0x0 /opt/devkitPro/devkitARM/lib/gcc/arm-eabi/4.3.3/../../../../arm-eabi/lib/thumb/libg.a(lib_a-fflush.o)
 .glue_7        0x0200f9cc        0x0 /opt/devkitPro/devkitARM/lib/gcc/arm-eabi/4.3.3/../../../../arm-eabi/lib/thumb/libg.a(lib_a-findfp.o)
 .glue_7        0x0200f9cc        0x0 /opt/devkitPro/devkitARM/lib/gcc/arm-eabi/4.3.3/../../../../arm-eabi/lib/thumb/libg.a(lib_a-freer.o)
 .glue_7        0x0200f9cc        0x0 /opt/devkitPro/devkitARM/lib/gcc/arm-eabi/4.3.3/../../../../arm-eabi/lib/thumb/libg.a(lib_a-fvwrite.o)
 .glue_7        0x0200f9cc        0x0 /opt/devkitPro/devkitARM/lib/gcc/arm-eabi/4.3.3/../../../../arm-eabi/lib/thumb/libg.a(lib_a-fwalk.o)
 .glue_7        0x0200f9cc        0x0 /opt/devkitPro/devkitARM/lib/gcc/arm-eabi/4.3.3/../../../../arm-eabi/lib/thumb/libg.a(lib_a-iswspace.o)
 .glue_7        0x0200f9cc        0x0 /opt/devkitPro/devkitARM/lib/gcc/arm-eabi/4.3.3/../../../../arm-eabi/lib/thumb/libg.a(lib_a-jp2uc.o)
 .glue_7        0x0200f9cc        0x0 /opt/devkitPro/devkitARM/lib/gcc/arm-eabi/4.3.3/../../../../arm-eabi/lib/thumb/libg.a(lib_a-locale.o)
 .glue_7        0x0200f9cc        0x0 /opt/devkitPro/devkitARM/lib/gcc/arm-eabi/4.3.3/../../../../arm-eabi/lib/thumb/libg.a(lib_a-makebuf.o)
 .glue_7        0x0200f9cc        0x0 /opt/devkitPro/devkitARM/lib/gcc/arm-eabi/4.3.3/../../../../arm-eabi/lib/thumb/libg.a(lib_a-mbrtowc.o)
 .glue_7        0x0200f9cc        0x0 /opt/devkitPro/devkitARM/lib/gcc/arm-eabi/4.3.3/../../../../arm-eabi/lib/thumb/libg.a(lib_a-mbtowc_r.o)
 .glue_7        0x0200f9cc        0x0 /opt/devkitPro/devkitARM/lib/gcc/arm-eabi/4.3.3/../../../../arm-eabi/lib/thumb/libg.a(lib_a-memchr.o)
 .glue_7        0x0200f9cc        0x0 /opt/devkitPro/devkitARM/lib/gcc/arm-eabi/4.3.3/../../../../arm-eabi/lib/thumb/libg.a(lib_a-memmove.o)
 .glue_7        0x0200f9cc        0x0 /opt/devkitPro/devkitARM/lib/gcc/arm-eabi/4.3.3/../../../../arm-eabi/lib/thumb/libg.a(lib_a-sccl.o)
 .glue_7        0x0200f9cc        0x0 /opt/devkitPro/devkitARM/lib/gcc/arm-eabi/4.3.3/../../../../arm-eabi/lib/thumb/libg.a(lib_a-stdio.o)
 .glue_7        0x0200f9cc        0x0 /opt/devkitPro/devkitARM/lib/gcc/arm-eabi/4.3.3/../../../../arm-eabi/lib/thumb/libg.a(lib_a-strcpy.o)
 .glue_7        0x0200f9cc        0x0 /opt/devkitPro/devkitARM/lib/gcc/arm-eabi/4.3.3/../../../../arm-eabi/lib/thumb/libg.a(lib_a-strtol.o)
 .glue_7        0x0200f9cc        0x0 /opt/devkitPro/devkitARM/lib/gcc/arm-eabi/4.3.3/../../../../arm-eabi/lib/thumb/libg.a(lib_a-strtoul.o)
 .glue_7        0x0200f9cc        0x0 /opt/devkitPro/devkitARM/lib/gcc/arm-eabi/4.3.3/../../../../arm-eabi/lib/thumb/libg.a(lib_a-fclose.o)
 .glue_7        0x0200f9cc        0x0 /opt/devkitPro/devkitARM/lib/gcc/arm-eabi/4.3.3/../../../../arm-eabi/lib/thumb/libsysbase.a(iosupport.o)
 .glue_7        0x0200f9cc        0x0 /opt/devkitPro/devkitARM/lib/gcc/arm-eabi/4.3.3/../../../../arm-eabi/lib/thumb/libsysbase.a(close.o)
 .glue_7        0x0200f9cc        0x0 /opt/devkitPro/devkitARM/lib/gcc/arm-eabi/4.3.3/../../../../arm-eabi/lib/thumb/libsysbase.a(fstat.o)
 .glue_7        0x0200f9cc        0x0 /opt/devkitPro/devkitARM/lib/gcc/arm-eabi/4.3.3/../../../../arm-eabi/lib/thumb/libsysbase.a(isatty.o)
 .glue_7        0x0200f9cc        0x0 /opt/devkitPro/devkitARM/lib/gcc/arm-eabi/4.3.3/../../../../arm-eabi/lib/thumb/libsysbase.a(lseek.o)
 .glue_7        0x0200f9cc        0x0 /opt/devkitPro/devkitARM/lib/gcc/arm-eabi/4.3.3/../../../../arm-eabi/lib/thumb/libsysbase.a(read.o)
 .glue_7        0x0200f9cc        0x0 /opt/devkitPro/devkitARM/lib/gcc/arm-eabi/4.3.3/../../../../arm-eabi/lib/thumb/libsysbase.a(sbrk.o)
 .glue_7        0x0200f9cc        0x0 /opt/devkitPro/devkitARM/lib/gcc/arm-eabi/4.3.3/../../../../arm-eabi/lib/thumb/libsysbase.a(times.o)
 .glue_7        0x0200f9cc        0x0 /opt/devkitPro/devkitARM/lib/gcc/arm-eabi/4.3.3/../../../../arm-eabi/lib/thumb/libsysbase.a(write.o)
 .glue_7        0x0200f9cc        0x0 /opt/devkitPro/devkitARM/lib/gcc/arm-eabi/4.3.3/../../../../arm-eabi/lib/thumb/libsysbase.a(malloc_vars.o)
 .glue_7        0x0200f9cc        0x0 /opt/devkitPro/devkitARM/lib/gcc/arm-eabi/4.3.3/../../../../arm-eabi/lib/thumb/libsysbase.a(build_argv.o)
 .glue_7        0x0200f9cc        0x0 /opt/devkitPro/devkitARM/lib/gcc/arm-eabi/4.3.3/../../../../arm-eabi/lib/thumb/libsysbase.a(handle_manager.o)
 .glue_7        0x0200f9cc        0x0 /opt/devkitPro/devkitARM/lib/gcc/arm-eabi/4.3.3/../../../../arm-eabi/lib/thumb/libg.a(lib_a-strncmp.o)
 .glue_7        0x0200f9cc        0x0 /opt/devkitPro/devkitARM/lib/gcc/arm-eabi/4.3.3/thumb/crtend.o
 .glue_7        0x0200f9cc        0x0 /opt/devkitPro/devkitARM/lib/gcc/arm-eabi/4.3.3/thumb/crtn.o
 *(.glue_7t)
 .glue_7t       0x0200f9cc        0x0 /opt/devkitPro/devkitARM/lib/gcc/arm-eabi/4.3.3/../../../../arm-eabi/lib/thumb/ds_arm9_crt0.o
 .glue_7t       0x0200f9cc        0x0 /opt/devkitPro/devkitARM/lib/gcc/arm-eabi/4.3.3/thumb/crti.o
 .glue_7t       0x0200f9cc        0x0 /opt/devkitPro/devkitARM/lib/gcc/arm-eabi/4.3.3/thumb/crtbegin.o
 .glue_7t       0x0200f9cc        0x0 soundbank.bin.o
 .glue_7t       0x0200f9cc        0x0 hitship.o
 .glue_7t       0x0200f9cc        0x0 battlefield.o
 .glue_7t       0x0200f9cc        0x0 game.o
 .glue_7t       0x0200f9cc        0x0 graphics_manager.o
 .glue_7t       0x0200f9cc        0x0 main.o
 .glue_7t       0x0200f9cc        0x0 ship.o
 .glue_7t       0x0200f9cc        0x0 wifi.o
 .glue_7t       0x0200f9cc        0x0 WiFi_minilib.o
 .glue_7t       0x0200f9cc        0x0 /opt/devkitPro/libnds/lib/libdswifi9.a(sgIP_Hub.o)
 .glue_7t       0x0200f9cc        0x0 /opt/devkitPro/libnds/lib/libdswifi9.a(sgIP_memblock.o)
 .glue_7t       0x0200f9cc        0x0 /opt/devkitPro/libnds/lib/libdswifi9.a(sgIP_sockets.o)
 .glue_7t       0x0200f9cc        0x0 /opt/devkitPro/libnds/lib/libdswifi9.a(wifi_arm9.o)
 .glue_7t       0x0200f9cc        0x0 /opt/devkitPro/libnds/lib/libdswifi9.a(spinlock.o)
 .glue_7t       0x0200f9cc        0x0 /opt/devkitPro/libnds/lib/libdswifi9.a(sgIP.o)
 .glue_7t       0x0200f9cc        0x0 /opt/devkitPro/libnds/lib/libdswifi9.a(sgIP_ARP.o)
 .glue_7t       0x0200f9cc        0x0 /opt/devkitPro/libnds/lib/libdswifi9.a(sgIP_DHCP.o)
 .glue_7t       0x0200f9cc        0x0 /opt/devkitPro/libnds/lib/libdswifi9.a(sgIP_DNS.o)
 .glue_7t       0x0200f9cc        0x0 /opt/devkitPro/libnds/lib/libdswifi9.a(sgIP_IP.o)
 .glue_7t       0x0200f9cc        0x0 /opt/devkitPro/libnds/lib/libdswifi9.a(sgIP_TCP.o)
 .glue_7t       0x0200f9cc        0x0 /opt/devkitPro/libnds/lib/libdswifi9.a(sgIP_UDP.o)
 .glue_7t       0x0200f9cc        0x0 /opt/devkitPro/libnds/lib/libdswifi9.a(sgIP_ICMP.o)
 .glue_7t       0x0200f9cc        0x0 /opt/devkitPro/libnds/lib/libnds9.a(console.o)
 .glue_7t       0x0200f9cc        0x0 /opt/devkitPro/libnds/lib/libnds9.a(initSystem.o)
 .glue_7t       0x0200f9cc        0x0 /opt/devkitPro/libnds/lib/libnds9.a(keys.o)
 .glue_7t       0x0200f9cc        0x0 /opt/devkitPro/libnds/lib/libnds9.a(system.o)
 .glue_7t       0x0200f9cc        0x0 /opt/devkitPro/libnds/lib/libnds9.a(video.o)
 .glue_7t       0x0200f9cc        0x0 /opt/devkitPro/libnds/lib/libnds9.a(videoGL.o)
 .glue_7t       0x0200f9cc        0x0 /opt/devkitPro/libnds/lib/libnds9.a(fifosystem.o)
 .glue_7t       0x0200f9cc        0x0 /opt/devkitPro/libnds/lib/libnds9.a(interrupts.o)
 .glue_7t       0x0200f9cc        0x0 /opt/devkitPro/libnds/lib/libnds9.a(dcache.o)
 .glue_7t       0x0200f9cc        0x0 /opt/devkitPro/libnds/lib/libnds9.a(biosCalls.o)
 .glue_7t       0x0200f9cc        0x0 /opt/devkitPro/libnds/lib/libnds9.a(debugprint.o)
 .glue_7t       0x0200f9cc        0x0 /opt/devkitPro/libnds/lib/libnds9.a(interruptDispatcher.o)
 .glue_7t       0x0200f9cc        0x0 /opt/devkitPro/libnds/lib/libnds9.a(default_font.bin.o)
 .glue_7t       0x0200f9cc        0x0 /opt/devkitPro/libnds/lib/libnds9.a(background.o)
 .glue_7t       0x0200f9cc        0x0 /opt/devkitPro/libnds/lib/libnds9.a(trig.o)
 .glue_7t       0x0200f9cc        0x0 /opt/devkitPro/devkitARM/lib/gcc/arm-eabi/4.3.3/thumb/libgcc.a(_udivsi3.o)
 .glue_7t       0x0200f9cc        0x0 /opt/devkitPro/devkitARM/lib/gcc/arm-eabi/4.3.3/thumb/libgcc.a(_divsi3.o)
 .glue_7t       0x0200f9cc        0x0 /opt/devkitPro/devkitARM/lib/gcc/arm-eabi/4.3.3/thumb/libgcc.a(_dvmd_tls.o)
 .glue_7t       0x0200f9cc        0x0 /opt/devkitPro/devkitARM/lib/gcc/arm-eabi/4.3.3/thumb/libgcc.a(_muldi3.o)
 .glue_7t       0x0200f9cc        0x0 /opt/devkitPro/devkitARM/lib/gcc/arm-eabi/4.3.3/../../../../arm-eabi/lib/thumb/libg.a(lib_a-bsearch.o)
 .glue_7t       0x0200f9cc        0x0 /opt/devkitPro/devkitARM/lib/gcc/arm-eabi/4.3.3/../../../../arm-eabi/lib/thumb/libg.a(lib_a-errno.o)
 .glue_7t       0x0200f9cc        0x0 /opt/devkitPro/devkitARM/lib/gcc/arm-eabi/4.3.3/../../../../arm-eabi/lib/thumb/libg.a(lib_a-impure.o)
 .glue_7t       0x0200f9cc        0x0 /opt/devkitPro/devkitARM/lib/gcc/arm-eabi/4.3.3/../../../../arm-eabi/lib/thumb/libg.a(lib_a-init.o)
 .glue_7t       0x0200f9cc        0x0 /opt/devkitPro/devkitARM/lib/gcc/arm-eabi/4.3.3/../../../../arm-eabi/lib/thumb/libg.a(lib_a-iprintf.o)
 .glue_7t       0x0200f9cc        0x0 /opt/devkitPro/devkitARM/lib/gcc/arm-eabi/4.3.3/../../../../arm-eabi/lib/thumb/libg.a(lib_a-malloc.o)
 .glue_7t       0x0200f9cc        0x0 /opt/devkitPro/devkitARM/lib/gcc/arm-eabi/4.3.3/../../../../arm-eabi/lib/thumb/libg.a(lib_a-mallocr.o)
 .glue_7t       0x0200f9cc        0x0 /opt/devkitPro/devkitARM/lib/gcc/arm-eabi/4.3.3/../../../../arm-eabi/lib/thumb/libg.a(lib_a-memcpy.o)
 .glue_7t       0x0200f9cc        0x0 /opt/devkitPro/devkitARM/lib/gcc/arm-eabi/4.3.3/../../../../arm-eabi/lib/thumb/libg.a(lib_a-memset.o)
 .glue_7t       0x0200f9cc        0x0 /opt/devkitPro/devkitARM/lib/gcc/arm-eabi/4.3.3/../../../../arm-eabi/lib/thumb/libg.a(lib_a-mlock.o)
 .glue_7t       0x0200f9cc        0x0 /opt/devkitPro/devkitARM/lib/gcc/arm-eabi/4.3.3/../../../../arm-eabi/lib/thumb/libg.a(lib_a-puts.o)
 .glue_7t       0x0200f9cc        0x0 /opt/devkitPro/devkitARM/lib/gcc/arm-eabi/4.3.3/../../../../arm-eabi/lib/thumb/libg.a(lib_a-realloc.o)
 .glue_7t       0x0200f9cc        0x0 /opt/devkitPro/devkitARM/lib/gcc/arm-eabi/4.3.3/../../../../arm-eabi/lib/thumb/libg.a(lib_a-reallocr.o)
 .glue_7t       0x0200f9cc        0x0 /opt/devkitPro/devkitARM/lib/gcc/arm-eabi/4.3.3/../../../../arm-eabi/lib/thumb/libg.a(lib_a-setvbuf.o)
 .glue_7t       0x0200f9cc        0x0 /opt/devkitPro/devkitARM/lib/gcc/arm-eabi/4.3.3/../../../../arm-eabi/lib/thumb/libg.a(lib_a-siscanf.o)
 .glue_7t       0x0200f9cc        0x0 /opt/devkitPro/devkitARM/lib/gcc/arm-eabi/4.3.3/../../../../arm-eabi/lib/thumb/libg.a(lib_a-strcmp.o)
 .glue_7t       0x0200f9cc        0x0 /opt/devkitPro/devkitARM/lib/gcc/arm-eabi/4.3.3/../../../../arm-eabi/lib/thumb/libg.a(lib_a-strlen.o)
 .glue_7t       0x0200f9cc        0x0 /opt/devkitPro/devkitARM/lib/gcc/arm-eabi/4.3.3/../../../../arm-eabi/lib/thumb/libg.a(lib_a-strncpy.o)
 .glue_7t       0x0200f9cc        0x0 /opt/devkitPro/devkitARM/lib/gcc/arm-eabi/4.3.3/../../../../arm-eabi/lib/thumb/libg.a(lib_a-svfiscanf.o)
 .glue_7t       0x0200f9cc        0x0 /opt/devkitPro/devkitARM/lib/gcc/arm-eabi/4.3.3/../../../../arm-eabi/lib/thumb/libg.a(lib_a-ungetc.o)
 .glue_7t       0x0200f9cc        0x0 /opt/devkitPro/devkitARM/lib/gcc/arm-eabi/4.3.3/../../../../arm-eabi/lib/thumb/libg.a(lib_a-vfiprintf.o)
 .glue_7t       0x0200f9cc        0x0 /opt/devkitPro/devkitARM/lib/gcc/arm-eabi/4.3.3/../../../../arm-eabi/lib/thumb/libg.a(lib_a-wcrtomb.o)
 .glue_7t       0x0200f9cc        0x0 /opt/devkitPro/devkitARM/lib/gcc/arm-eabi/4.3.3/../../../../arm-eabi/lib/thumb/libg.a(lib_a-wcsrtombs.o)
 .glue_7t       0x0200f9cc        0x0 /opt/devkitPro/devkitARM/lib/gcc/arm-eabi/4.3.3/../../../../arm-eabi/lib/thumb/libg.a(lib_a-wctomb_r.o)
 .glue_7t       0x0200f9cc        0x0 /opt/devkitPro/devkitARM/lib/gcc/arm-eabi/4.3.3/../../../../arm-eabi/lib/thumb/libg.a(lib_a-wsetup.o)
 .glue_7t       0x0200f9cc        0x0 /opt/devkitPro/devkitARM/lib/gcc/arm-eabi/4.3.3/../../../../arm-eabi/lib/thumb/libg.a(lib_a-ctype_.o)
 .glue_7t       0x0200f9cc        0x0 /opt/devkitPro/devkitARM/lib/gcc/arm-eabi/4.3.3/../../../../arm-eabi/lib/thumb/libg.a(lib_a-fflush.o)
 .glue_7t       0x0200f9cc        0x0 /opt/devkitPro/devkitARM/lib/gcc/arm-eabi/4.3.3/../../../../arm-eabi/lib/thumb/libg.a(lib_a-findfp.o)
 .glue_7t       0x0200f9cc        0x0 /opt/devkitPro/devkitARM/lib/gcc/arm-eabi/4.3.3/../../../../arm-eabi/lib/thumb/libg.a(lib_a-freer.o)
 .glue_7t       0x0200f9cc        0x0 /opt/devkitPro/devkitARM/lib/gcc/arm-eabi/4.3.3/../../../../arm-eabi/lib/thumb/libg.a(lib_a-fvwrite.o)
 .glue_7t       0x0200f9cc        0x0 /opt/devkitPro/devkitARM/lib/gcc/arm-eabi/4.3.3/../../../../arm-eabi/lib/thumb/libg.a(lib_a-fwalk.o)
 .glue_7t       0x0200f9cc        0x0 /opt/devkitPro/devkitARM/lib/gcc/arm-eabi/4.3.3/../../../../arm-eabi/lib/thumb/libg.a(lib_a-iswspace.o)
 .glue_7t       0x0200f9cc        0x0 /opt/devkitPro/devkitARM/lib/gcc/arm-eabi/4.3.3/../../../../arm-eabi/lib/thumb/libg.a(lib_a-jp2uc.o)
 .glue_7t       0x0200f9cc        0x0 /opt/devkitPro/devkitARM/lib/gcc/arm-eabi/4.3.3/../../../../arm-eabi/lib/thumb/libg.a(lib_a-locale.o)
 .glue_7t       0x0200f9cc        0x0 /opt/devkitPro/devkitARM/lib/gcc/arm-eabi/4.3.3/../../../../arm-eabi/lib/thumb/libg.a(lib_a-makebuf.o)
 .glue_7t       0x0200f9cc        0x0 /opt/devkitPro/devkitARM/lib/gcc/arm-eabi/4.3.3/../../../../arm-eabi/lib/thumb/libg.a(lib_a-mbrtowc.o)
 .glue_7t       0x0200f9cc        0x0 /opt/devkitPro/devkitARM/lib/gcc/arm-eabi/4.3.3/../../../../arm-eabi/lib/thumb/libg.a(lib_a-mbtowc_r.o)
 .glue_7t       0x0200f9cc        0x0 /opt/devkitPro/devkitARM/lib/gcc/arm-eabi/4.3.3/../../../../arm-eabi/lib/thumb/libg.a(lib_a-memchr.o)
 .glue_7t       0x0200f9cc        0x0 /opt/devkitPro/devkitARM/lib/gcc/arm-eabi/4.3.3/../../../../arm-eabi/lib/thumb/libg.a(lib_a-memmove.o)
 .glue_7t       0x0200f9cc        0x0 /opt/devkitPro/devkitARM/lib/gcc/arm-eabi/4.3.3/../../../../arm-eabi/lib/thumb/libg.a(lib_a-sccl.o)
 .glue_7t       0x0200f9cc        0x0 /opt/devkitPro/devkitARM/lib/gcc/arm-eabi/4.3.3/../../../../arm-eabi/lib/thumb/libg.a(lib_a-stdio.o)
 .glue_7t       0x0200f9cc        0x0 /opt/devkitPro/devkitARM/lib/gcc/arm-eabi/4.3.3/../../../../arm-eabi/lib/thumb/libg.a(lib_a-strcpy.o)
 .glue_7t       0x0200f9cc        0x0 /opt/devkitPro/devkitARM/lib/gcc/arm-eabi/4.3.3/../../../../arm-eabi/lib/thumb/libg.a(lib_a-strtol.o)
 .glue_7t       0x0200f9cc        0x0 /opt/devkitPro/devkitARM/lib/gcc/arm-eabi/4.3.3/../../../../arm-eabi/lib/thumb/libg.a(lib_a-strtoul.o)
 .glue_7t       0x0200f9cc        0x0 /opt/devkitPro/devkitARM/lib/gcc/arm-eabi/4.3.3/../../../../arm-eabi/lib/thumb/libg.a(lib_a-fclose.o)
 .glue_7t       0x0200f9cc        0x0 /opt/devkitPro/devkitARM/lib/gcc/arm-eabi/4.3.3/../../../../arm-eabi/lib/thumb/libsysbase.a(iosupport.o)
 .glue_7t       0x0200f9cc        0x0 /opt/devkitPro/devkitARM/lib/gcc/arm-eabi/4.3.3/../../../../arm-eabi/lib/thumb/libsysbase.a(close.o)
 .glue_7t       0x0200f9cc        0x0 /opt/devkitPro/devkitARM/lib/gcc/arm-eabi/4.3.3/../../../../arm-eabi/lib/thumb/libsysbase.a(fstat.o)
 .glue_7t       0x0200f9cc        0x0 /opt/devkitPro/devkitARM/lib/gcc/arm-eabi/4.3.3/../../../../arm-eabi/lib/thumb/libsysbase.a(isatty.o)
 .glue_7t       0x0200f9cc        0x0 /opt/devkitPro/devkitARM/lib/gcc/arm-eabi/4.3.3/../../../../arm-eabi/lib/thumb/libsysbase.a(lseek.o)
 .glue_7t       0x0200f9cc        0x0 /opt/devkitPro/devkitARM/lib/gcc/arm-eabi/4.3.3/../../../../arm-eabi/lib/thumb/libsysbase.a(read.o)
 .glue_7t       0x0200f9cc        0x0 /opt/devkitPro/devkitARM/lib/gcc/arm-eabi/4.3.3/../../../../arm-eabi/lib/thumb/libsysbase.a(sbrk.o)
 .glue_7t       0x0200f9cc        0x0 /opt/devkitPro/devkitARM/lib/gcc/arm-eabi/4.3.3/../../../../arm-eabi/lib/thumb/libsysbase.a(times.o)
 .glue_7t       0x0200f9cc        0x0 /opt/devkitPro/devkitARM/lib/gcc/arm-eabi/4.3.3/../../../../arm-eabi/lib/thumb/libsysbase.a(write.o)
 .glue_7t       0x0200f9cc        0x0 /opt/devkitPro/devkitARM/lib/gcc/arm-eabi/4.3.3/../../../../arm-eabi/lib/thumb/libsysbase.a(malloc_vars.o)
 .glue_7t       0x0200f9cc        0x0 /opt/devkitPro/devkitARM/lib/gcc/arm-eabi/4.3.3/../../../../arm-eabi/lib/thumb/libsysbase.a(build_argv.o)
 .glue_7t       0x0200f9cc        0x0 /opt/devkitPro/devkitARM/lib/gcc/arm-eabi/4.3.3/../../../../arm-eabi/lib/thumb/libsysbase.a(handle_manager.o)
 .glue_7t       0x0200f9cc        0x0 /opt/devkitPro/devkitARM/lib/gcc/arm-eabi/4.3.3/../../../../arm-eabi/lib/thumb/libg.a(lib_a-strncmp.o)
 .glue_7t       0x0200f9cc        0x0 /opt/devkitPro/devkitARM/lib/gcc/arm-eabi/4.3.3/thumb/crtend.o
 .glue_7t       0x0200f9cc        0x0 /opt/devkitPro/devkitARM/lib/gcc/arm-eabi/4.3.3/thumb/crtn.o
                0x0200f9cc                . = ALIGN (0x4)

.vfp11_veneer   0x00000000        0x0
 .vfp11_veneer  0x00000000        0x0 /opt/devkitPro/devkitARM/lib/gcc/arm-eabi/4.3.3/../../../../arm-eabi/lib/thumb/ds_arm9_crt0.o
 .vfp11_veneer  0x00000000        0x0 /opt/devkitPro/devkitARM/lib/gcc/arm-eabi/4.3.3/thumb/crti.o
 .vfp11_veneer  0x00000000        0x0 /opt/devkitPro/devkitARM/lib/gcc/arm-eabi/4.3.3/thumb/crtbegin.o
 .vfp11_veneer  0x00000000        0x0 soundbank.bin.o
 .vfp11_veneer  0x00000000        0x0 hitship.o
 .vfp11_veneer  0x00000000        0x0 battlefield.o
 .vfp11_veneer  0x00000000        0x0 game.o
 .vfp11_veneer  0x00000000        0x0 graphics_manager.o
 .vfp11_veneer  0x00000000        0x0 main.o
 .vfp11_veneer  0x00000000        0x0 ship.o
 .vfp11_veneer  0x00000000        0x0 wifi.o
 .vfp11_veneer  0x00000000        0x0 WiFi_minilib.o
 .vfp11_veneer  0x00000000        0x0 /opt/devkitPro/libnds/lib/libdswifi9.a(sgIP_Hub.o)
 .vfp11_veneer  0x00000000        0x0 /opt/devkitPro/libnds/lib/libdswifi9.a(sgIP_memblock.o)
 .vfp11_veneer  0x00000000        0x0 /opt/devkitPro/libnds/lib/libdswifi9.a(sgIP_sockets.o)
 .vfp11_veneer  0x00000000        0x0 /opt/devkitPro/libnds/lib/libdswifi9.a(wifi_arm9.o)
 .vfp11_veneer  0x00000000        0x0 /opt/devkitPro/libnds/lib/libdswifi9.a(spinlock.o)
 .vfp11_veneer  0x00000000        0x0 /opt/devkitPro/libnds/lib/libdswifi9.a(sgIP.o)
 .vfp11_veneer  0x00000000        0x0 /opt/devkitPro/libnds/lib/libdswifi9.a(sgIP_ARP.o)
 .vfp11_veneer  0x00000000        0x0 /opt/devkitPro/libnds/lib/libdswifi9.a(sgIP_DHCP.o)
 .vfp11_veneer  0x00000000        0x0 /opt/devkitPro/libnds/lib/libdswifi9.a(sgIP_DNS.o)
 .vfp11_veneer  0x00000000        0x0 /opt/devkitPro/libnds/lib/libdswifi9.a(sgIP_IP.o)
 .vfp11_veneer  0x00000000        0x0 /opt/devkitPro/libnds/lib/libdswifi9.a(sgIP_TCP.o)
 .vfp11_veneer  0x00000000        0x0 /opt/devkitPro/libnds/lib/libdswifi9.a(sgIP_UDP.o)
 .vfp11_veneer  0x00000000        0x0 /opt/devkitPro/libnds/lib/libdswifi9.a(sgIP_ICMP.o)
 .vfp11_veneer  0x00000000        0x0 /opt/devkitPro/libnds/lib/libnds9.a(console.o)
 .vfp11_veneer  0x00000000        0x0 /opt/devkitPro/libnds/lib/libnds9.a(initSystem.o)
 .vfp11_veneer  0x00000000        0x0 /opt/devkitPro/libnds/lib/libnds9.a(keys.o)
 .vfp11_veneer  0x00000000        0x0 /opt/devkitPro/libnds/lib/libnds9.a(system.o)
 .vfp11_veneer  0x00000000        0x0 /opt/devkitPro/libnds/lib/libnds9.a(video.o)
 .vfp11_veneer  0x00000000        0x0 /opt/devkitPro/libnds/lib/libnds9.a(videoGL.o)
 .vfp11_veneer  0x00000000        0x0 /opt/devkitPro/libnds/lib/libnds9.a(fifosystem.o)
 .vfp11_veneer  0x00000000        0x0 /opt/devkitPro/libnds/lib/libnds9.a(interrupts.o)
 .vfp11_veneer  0x00000000        0x0 /opt/devkitPro/libnds/lib/libnds9.a(dcache.o)
 .vfp11_veneer  0x00000000        0x0 /opt/devkitPro/libnds/lib/libnds9.a(biosCalls.o)
 .vfp11_veneer  0x00000000        0x0 /opt/devkitPro/libnds/lib/libnds9.a(debugprint.o)
 .vfp11_veneer  0x00000000        0x0 /opt/devkitPro/libnds/lib/libnds9.a(interruptDispatcher.o)
 .vfp11_veneer  0x00000000        0x0 /opt/devkitPro/libnds/lib/libnds9.a(default_font.bin.o)
 .vfp11_veneer  0x00000000        0x0 /opt/devkitPro/libnds/lib/libnds9.a(background.o)
 .vfp11_veneer  0x00000000        0x0 /opt/devkitPro/libnds/lib/libnds9.a(trig.o)
 .vfp11_veneer  0x00000000        0x0 /opt/devkitPro/devkitARM/lib/gcc/arm-eabi/4.3.3/thumb/libgcc.a(_udivsi3.o)
 .vfp11_veneer  0x00000000        0x0 /opt/devkitPro/devkitARM/lib/gcc/arm-eabi/4.3.3/thumb/libgcc.a(_divsi3.o)
 .vfp11_veneer  0x00000000        0x0 /opt/devkitPro/devkitARM/lib/gcc/arm-eabi/4.3.3/thumb/libgcc.a(_dvmd_tls.o)
 .vfp11_veneer  0x00000000        0x0 /opt/devkitPro/devkitARM/lib/gcc/arm-eabi/4.3.3/thumb/libgcc.a(_muldi3.o)
 .vfp11_veneer  0x00000000        0x0 /opt/devkitPro/devkitARM/lib/gcc/arm-eabi/4.3.3/../../../../arm-eabi/lib/thumb/libg.a(lib_a-bsearch.o)
 .vfp11_veneer  0x00000000        0x0 /opt/devkitPro/devkitARM/lib/gcc/arm-eabi/4.3.3/../../../../arm-eabi/lib/thumb/libg.a(lib_a-errno.o)
 .vfp11_veneer  0x00000000        0x0 /opt/devkitPro/devkitARM/lib/gcc/arm-eabi/4.3.3/../../../../arm-eabi/lib/thumb/libg.a(lib_a-impure.o)
 .vfp11_veneer  0x00000000        0x0 /opt/devkitPro/devkitARM/lib/gcc/arm-eabi/4.3.3/../../../../arm-eabi/lib/thumb/libg.a(lib_a-init.o)
 .vfp11_veneer  0x00000000        0x0 /opt/devkitPro/devkitARM/lib/gcc/arm-eabi/4.3.3/../../../../arm-eabi/lib/thumb/libg.a(lib_a-iprintf.o)
 .vfp11_veneer  0x00000000        0x0 /opt/devkitPro/devkitARM/lib/gcc/arm-eabi/4.3.3/../../../../arm-eabi/lib/thumb/libg.a(lib_a-malloc.o)
 .vfp11_veneer  0x00000000        0x0 /opt/devkitPro/devkitARM/lib/gcc/arm-eabi/4.3.3/../../../../arm-eabi/lib/thumb/libg.a(lib_a-mallocr.o)
 .vfp11_veneer  0x00000000        0x0 /opt/devkitPro/devkitARM/lib/gcc/arm-eabi/4.3.3/../../../../arm-eabi/lib/thumb/libg.a(lib_a-memcpy.o)
 .vfp11_veneer  0x00000000        0x0 /opt/devkitPro/devkitARM/lib/gcc/arm-eabi/4.3.3/../../../../arm-eabi/lib/thumb/libg.a(lib_a-memset.o)
 .vfp11_veneer  0x00000000        0x0 /opt/devkitPro/devkitARM/lib/gcc/arm-eabi/4.3.3/../../../../arm-eabi/lib/thumb/libg.a(lib_a-mlock.o)
 .vfp11_veneer  0x00000000        0x0 /opt/devkitPro/devkitARM/lib/gcc/arm-eabi/4.3.3/../../../../arm-eabi/lib/thumb/libg.a(lib_a-puts.o)
 .vfp11_veneer  0x00000000        0x0 /opt/devkitPro/devkitARM/lib/gcc/arm-eabi/4.3.3/../../../../arm-eabi/lib/thumb/libg.a(lib_a-realloc.o)
 .vfp11_veneer  0x00000000        0x0 /opt/devkitPro/devkitARM/lib/gcc/arm-eabi/4.3.3/../../../../arm-eabi/lib/thumb/libg.a(lib_a-reallocr.o)
 .vfp11_veneer  0x00000000        0x0 /opt/devkitPro/devkitARM/lib/gcc/arm-eabi/4.3.3/../../../../arm-eabi/lib/thumb/libg.a(lib_a-setvbuf.o)
 .vfp11_veneer  0x00000000        0x0 /opt/devkitPro/devkitARM/lib/gcc/arm-eabi/4.3.3/../../../../arm-eabi/lib/thumb/libg.a(lib_a-siscanf.o)
 .vfp11_veneer  0x00000000        0x0 /opt/devkitPro/devkitARM/lib/gcc/arm-eabi/4.3.3/../../../../arm-eabi/lib/thumb/libg.a(lib_a-strcmp.o)
 .vfp11_veneer  0x00000000        0x0 /opt/devkitPro/devkitARM/lib/gcc/arm-eabi/4.3.3/../../../../arm-eabi/lib/thumb/libg.a(lib_a-strlen.o)
 .vfp11_veneer  0x00000000        0x0 /opt/devkitPro/devkitARM/lib/gcc/arm-eabi/4.3.3/../../../../arm-eabi/lib/thumb/libg.a(lib_a-strncpy.o)
 .vfp11_veneer  0x00000000        0x0 /opt/devkitPro/devkitARM/lib/gcc/arm-eabi/4.3.3/../../../../arm-eabi/lib/thumb/libg.a(lib_a-svfiscanf.o)
 .vfp11_veneer  0x00000000        0x0 /opt/devkitPro/devkitARM/lib/gcc/arm-eabi/4.3.3/../../../../arm-eabi/lib/thumb/libg.a(lib_a-ungetc.o)
 .vfp11_veneer  0x00000000        0x0 /opt/devkitPro/devkitARM/lib/gcc/arm-eabi/4.3.3/../../../../arm-eabi/lib/thumb/libg.a(lib_a-vfiprintf.o)
 .vfp11_veneer  0x00000000        0x0 /opt/devkitPro/devkitARM/lib/gcc/arm-eabi/4.3.3/../../../../arm-eabi/lib/thumb/libg.a(lib_a-wcrtomb.o)
 .vfp11_veneer  0x00000000        0x0 /opt/devkitPro/devkitARM/lib/gcc/arm-eabi/4.3.3/../../../../arm-eabi/lib/thumb/libg.a(lib_a-wcsrtombs.o)
 .vfp11_veneer  0x00000000        0x0 /opt/devkitPro/devkitARM/lib/gcc/arm-eabi/4.3.3/../../../../arm-eabi/lib/thumb/libg.a(lib_a-wctomb_r.o)
 .vfp11_veneer  0x00000000        0x0 /opt/devkitPro/devkitARM/lib/gcc/arm-eabi/4.3.3/../../../../arm-eabi/lib/thumb/libg.a(lib_a-wsetup.o)
 .vfp11_veneer  0x00000000        0x0 /opt/devkitPro/devkitARM/lib/gcc/arm-eabi/4.3.3/../../../../arm-eabi/lib/thumb/libg.a(lib_a-ctype_.o)
 .vfp11_veneer  0x00000000        0x0 /opt/devkitPro/devkitARM/lib/gcc/arm-eabi/4.3.3/../../../../arm-eabi/lib/thumb/libg.a(lib_a-fflush.o)
 .vfp11_veneer  0x00000000        0x0 /opt/devkitPro/devkitARM/lib/gcc/arm-eabi/4.3.3/../../../../arm-eabi/lib/thumb/libg.a(lib_a-findfp.o)
 .vfp11_veneer  0x00000000        0x0 /opt/devkitPro/devkitARM/lib/gcc/arm-eabi/4.3.3/../../../../arm-eabi/lib/thumb/libg.a(lib_a-freer.o)
 .vfp11_veneer  0x00000000        0x0 /opt/devkitPro/devkitARM/lib/gcc/arm-eabi/4.3.3/../../../../arm-eabi/lib/thumb/libg.a(lib_a-fvwrite.o)
 .vfp11_veneer  0x00000000        0x0 /opt/devkitPro/devkitARM/lib/gcc/arm-eabi/4.3.3/../../../../arm-eabi/lib/thumb/libg.a(lib_a-fwalk.o)
 .vfp11_veneer  0x00000000        0x0 /opt/devkitPro/devkitARM/lib/gcc/arm-eabi/4.3.3/../../../../arm-eabi/lib/thumb/libg.a(lib_a-iswspace.o)
 .vfp11_veneer  0x00000000        0x0 /opt/devkitPro/devkitARM/lib/gcc/arm-eabi/4.3.3/../../../../arm-eabi/lib/thumb/libg.a(lib_a-jp2uc.o)
 .vfp11_veneer  0x00000000        0x0 /opt/devkitPro/devkitARM/lib/gcc/arm-eabi/4.3.3/../../../../arm-eabi/lib/thumb/libg.a(lib_a-locale.o)
 .vfp11_veneer  0x00000000        0x0 /opt/devkitPro/devkitARM/lib/gcc/arm-eabi/4.3.3/../../../../arm-eabi/lib/thumb/libg.a(lib_a-makebuf.o)
 .vfp11_veneer  0x00000000        0x0 /opt/devkitPro/devkitARM/lib/gcc/arm-eabi/4.3.3/../../../../arm-eabi/lib/thumb/libg.a(lib_a-mbrtowc.o)
 .vfp11_veneer  0x00000000        0x0 /opt/devkitPro/devkitARM/lib/gcc/arm-eabi/4.3.3/../../../../arm-eabi/lib/thumb/libg.a(lib_a-mbtowc_r.o)
 .vfp11_veneer  0x00000000        0x0 /opt/devkitPro/devkitARM/lib/gcc/arm-eabi/4.3.3/../../../../arm-eabi/lib/thumb/libg.a(lib_a-memchr.o)
 .vfp11_veneer  0x00000000        0x0 /opt/devkitPro/devkitARM/lib/gcc/arm-eabi/4.3.3/../../../../arm-eabi/lib/thumb/libg.a(lib_a-memmove.o)
 .vfp11_veneer  0x00000000        0x0 /opt/devkitPro/devkitARM/lib/gcc/arm-eabi/4.3.3/../../../../arm-eabi/lib/thumb/libg.a(lib_a-sccl.o)
 .vfp11_veneer  0x00000000        0x0 /opt/devkitPro/devkitARM/lib/gcc/arm-eabi/4.3.3/../../../../arm-eabi/lib/thumb/libg.a(lib_a-stdio.o)
 .vfp11_veneer  0x00000000        0x0 /opt/devkitPro/devkitARM/lib/gcc/arm-eabi/4.3.3/../../../../arm-eabi/lib/thumb/libg.a(lib_a-strcpy.o)
 .vfp11_veneer  0x00000000        0x0 /opt/devkitPro/devkitARM/lib/gcc/arm-eabi/4.3.3/../../../../arm-eabi/lib/thumb/libg.a(lib_a-strtol.o)
 .vfp11_veneer  0x00000000        0x0 /opt/devkitPro/devkitARM/lib/gcc/arm-eabi/4.3.3/../../../../arm-eabi/lib/thumb/libg.a(lib_a-strtoul.o)
 .vfp11_veneer  0x00000000        0x0 /opt/devkitPro/devkitARM/lib/gcc/arm-eabi/4.3.3/../../../../arm-eabi/lib/thumb/libg.a(lib_a-fclose.o)
 .vfp11_veneer  0x00000000        0x0 /opt/devkitPro/devkitARM/lib/gcc/arm-eabi/4.3.3/../../../../arm-eabi/lib/thumb/libsysbase.a(iosupport.o)
 .vfp11_veneer  0x00000000        0x0 /opt/devkitPro/devkitARM/lib/gcc/arm-eabi/4.3.3/../../../../arm-eabi/lib/thumb/libsysbase.a(close.o)
 .vfp11_veneer  0x00000000        0x0 /opt/devkitPro/devkitARM/lib/gcc/arm-eabi/4.3.3/../../../../arm-eabi/lib/thumb/libsysbase.a(fstat.o)
 .vfp11_veneer  0x00000000        0x0 /opt/devkitPro/devkitARM/lib/gcc/arm-eabi/4.3.3/../../../../arm-eabi/lib/thumb/libsysbase.a(isatty.o)
 .vfp11_veneer  0x00000000        0x0 /opt/devkitPro/devkitARM/lib/gcc/arm-eabi/4.3.3/../../../../arm-eabi/lib/thumb/libsysbase.a(lseek.o)
 .vfp11_veneer  0x00000000        0x0 /opt/devkitPro/devkitARM/lib/gcc/arm-eabi/4.3.3/../../../../arm-eabi/lib/thumb/libsysbase.a(read.o)
 .vfp11_veneer  0x00000000        0x0 /opt/devkitPro/devkitARM/lib/gcc/arm-eabi/4.3.3/../../../../arm-eabi/lib/thumb/libsysbase.a(sbrk.o)
 .vfp11_veneer  0x00000000        0x0 /opt/devkitPro/devkitARM/lib/gcc/arm-eabi/4.3.3/../../../../arm-eabi/lib/thumb/libsysbase.a(times.o)
 .vfp11_veneer  0x00000000        0x0 /opt/devkitPro/devkitARM/lib/gcc/arm-eabi/4.3.3/../../../../arm-eabi/lib/thumb/libsysbase.a(write.o)
 .vfp11_veneer  0x00000000        0x0 /opt/devkitPro/devkitARM/lib/gcc/arm-eabi/4.3.3/../../../../arm-eabi/lib/thumb/libsysbase.a(malloc_vars.o)
 .vfp11_veneer  0x00000000        0x0 /opt/devkitPro/devkitARM/lib/gcc/arm-eabi/4.3.3/../../../../arm-eabi/lib/thumb/libsysbase.a(build_argv.o)
 .vfp11_veneer  0x00000000        0x0 /opt/devkitPro/devkitARM/lib/gcc/arm-eabi/4.3.3/../../../../arm-eabi/lib/thumb/libsysbase.a(handle_manager.o)
 .vfp11_veneer  0x00000000        0x0 /opt/devkitPro/devkitARM/lib/gcc/arm-eabi/4.3.3/../../../../arm-eabi/lib/thumb/libg.a(lib_a-strncmp.o)
 .vfp11_veneer  0x00000000        0x0 /opt/devkitPro/devkitARM/lib/gcc/arm-eabi/4.3.3/thumb/crtend.o
 .vfp11_veneer  0x00000000        0x0 /opt/devkitPro/devkitARM/lib/gcc/arm-eabi/4.3.3/thumb/crtn.o

.v4_bx          0x00000000        0x0
 .v4_bx         0x00000000        0x0 /opt/devkitPro/devkitARM/lib/gcc/arm-eabi/4.3.3/../../../../arm-eabi/lib/thumb/ds_arm9_crt0.o
 .v4_bx         0x00000000        0x0 /opt/devkitPro/devkitARM/lib/gcc/arm-eabi/4.3.3/thumb/crti.o
 .v4_bx         0x00000000        0x0 /opt/devkitPro/devkitARM/lib/gcc/arm-eabi/4.3.3/thumb/crtbegin.o
 .v4_bx         0x00000000        0x0 soundbank.bin.o
 .v4_bx         0x00000000        0x0 hitship.o
 .v4_bx         0x00000000        0x0 battlefield.o
 .v4_bx         0x00000000        0x0 game.o
 .v4_bx         0x00000000        0x0 graphics_manager.o
 .v4_bx         0x00000000        0x0 main.o
 .v4_bx         0x00000000        0x0 ship.o
 .v4_bx         0x00000000        0x0 wifi.o
 .v4_bx         0x00000000        0x0 WiFi_minilib.o
 .v4_bx         0x00000000        0x0 /opt/devkitPro/libnds/lib/libdswifi9.a(sgIP_Hub.o)
 .v4_bx         0x00000000        0x0 /opt/devkitPro/libnds/lib/libdswifi9.a(sgIP_memblock.o)
 .v4_bx         0x00000000        0x0 /opt/devkitPro/libnds/lib/libdswifi9.a(sgIP_sockets.o)
 .v4_bx         0x00000000        0x0 /opt/devkitPro/libnds/lib/libdswifi9.a(wifi_arm9.o)
 .v4_bx         0x00000000        0x0 /opt/devkitPro/libnds/lib/libdswifi9.a(spinlock.o)
 .v4_bx         0x00000000        0x0 /opt/devkitPro/libnds/lib/libdswifi9.a(sgIP.o)
 .v4_bx         0x00000000        0x0 /opt/devkitPro/libnds/lib/libdswifi9.a(sgIP_ARP.o)
 .v4_bx         0x00000000        0x0 /opt/devkitPro/libnds/lib/libdswifi9.a(sgIP_DHCP.o)
 .v4_bx         0x00000000        0x0 /opt/devkitPro/libnds/lib/libdswifi9.a(sgIP_DNS.o)
 .v4_bx         0x00000000        0x0 /opt/devkitPro/libnds/lib/libdswifi9.a(sgIP_IP.o)
 .v4_bx         0x00000000        0x0 /opt/devkitPro/libnds/lib/libdswifi9.a(sgIP_TCP.o)
 .v4_bx         0x00000000        0x0 /opt/devkitPro/libnds/lib/libdswifi9.a(sgIP_UDP.o)
 .v4_bx         0x00000000        0x0 /opt/devkitPro/libnds/lib/libdswifi9.a(sgIP_ICMP.o)
 .v4_bx         0x00000000        0x0 /opt/devkitPro/libnds/lib/libnds9.a(console.o)
 .v4_bx         0x00000000        0x0 /opt/devkitPro/libnds/lib/libnds9.a(initSystem.o)
 .v4_bx         0x00000000        0x0 /opt/devkitPro/libnds/lib/libnds9.a(keys.o)
 .v4_bx         0x00000000        0x0 /opt/devkitPro/libnds/lib/libnds9.a(system.o)
 .v4_bx         0x00000000        0x0 /opt/devkitPro/libnds/lib/libnds9.a(video.o)
 .v4_bx         0x00000000        0x0 /opt/devkitPro/libnds/lib/libnds9.a(videoGL.o)
 .v4_bx         0x00000000        0x0 /opt/devkitPro/libnds/lib/libnds9.a(fifosystem.o)
 .v4_bx         0x00000000        0x0 /opt/devkitPro/libnds/lib/libnds9.a(interrupts.o)
 .v4_bx         0x00000000        0x0 /opt/devkitPro/libnds/lib/libnds9.a(dcache.o)
 .v4_bx         0x00000000        0x0 /opt/devkitPro/libnds/lib/libnds9.a(biosCalls.o)
 .v4_bx         0x00000000        0x0 /opt/devkitPro/libnds/lib/libnds9.a(debugprint.o)
 .v4_bx         0x00000000        0x0 /opt/devkitPro/libnds/lib/libnds9.a(interruptDispatcher.o)
 .v4_bx         0x00000000        0x0 /opt/devkitPro/libnds/lib/libnds9.a(default_font.bin.o)
 .v4_bx         0x00000000        0x0 /opt/devkitPro/libnds/lib/libnds9.a(background.o)
 .v4_bx         0x00000000        0x0 /opt/devkitPro/libnds/lib/libnds9.a(trig.o)
 .v4_bx         0x00000000        0x0 /opt/devkitPro/devkitARM/lib/gcc/arm-eabi/4.3.3/thumb/libgcc.a(_udivsi3.o)
 .v4_bx         0x00000000        0x0 /opt/devkitPro/devkitARM/lib/gcc/arm-eabi/4.3.3/thumb/libgcc.a(_divsi3.o)
 .v4_bx         0x00000000        0x0 /opt/devkitPro/devkitARM/lib/gcc/arm-eabi/4.3.3/thumb/libgcc.a(_dvmd_tls.o)
 .v4_bx         0x00000000        0x0 /opt/devkitPro/devkitARM/lib/gcc/arm-eabi/4.3.3/thumb/libgcc.a(_muldi3.o)
 .v4_bx         0x00000000        0x0 /opt/devkitPro/devkitARM/lib/gcc/arm-eabi/4.3.3/../../../../arm-eabi/lib/thumb/libg.a(lib_a-bsearch.o)
 .v4_bx         0x00000000        0x0 /opt/devkitPro/devkitARM/lib/gcc/arm-eabi/4.3.3/../../../../arm-eabi/lib/thumb/libg.a(lib_a-errno.o)
 .v4_bx         0x00000000        0x0 /opt/devkitPro/devkitARM/lib/gcc/arm-eabi/4.3.3/../../../../arm-eabi/lib/thumb/libg.a(lib_a-impure.o)
 .v4_bx         0x00000000        0x0 /opt/devkitPro/devkitARM/lib/gcc/arm-eabi/4.3.3/../../../../arm-eabi/lib/thumb/libg.a(lib_a-init.o)
 .v4_bx         0x00000000        0x0 /opt/devkitPro/devkitARM/lib/gcc/arm-eabi/4.3.3/../../../../arm-eabi/lib/thumb/libg.a(lib_a-iprintf.o)
 .v4_bx         0x00000000        0x0 /opt/devkitPro/devkitARM/lib/gcc/arm-eabi/4.3.3/../../../../arm-eabi/lib/thumb/libg.a(lib_a-malloc.o)
 .v4_bx         0x00000000        0x0 /opt/devkitPro/devkitARM/lib/gcc/arm-eabi/4.3.3/../../../../arm-eabi/lib/thumb/libg.a(lib_a-mallocr.o)
 .v4_bx         0x00000000        0x0 /opt/devkitPro/devkitARM/lib/gcc/arm-eabi/4.3.3/../../../../arm-eabi/lib/thumb/libg.a(lib_a-memcpy.o)
 .v4_bx         0x00000000        0x0 /opt/devkitPro/devkitARM/lib/gcc/arm-eabi/4.3.3/../../../../arm-eabi/lib/thumb/libg.a(lib_a-memset.o)
 .v4_bx         0x00000000        0x0 /opt/devkitPro/devkitARM/lib/gcc/arm-eabi/4.3.3/../../../../arm-eabi/lib/thumb/libg.a(lib_a-mlock.o)
 .v4_bx         0x00000000        0x0 /opt/devkitPro/devkitARM/lib/gcc/arm-eabi/4.3.3/../../../../arm-eabi/lib/thumb/libg.a(lib_a-puts.o)
 .v4_bx         0x00000000        0x0 /opt/devkitPro/devkitARM/lib/gcc/arm-eabi/4.3.3/../../../../arm-eabi/lib/thumb/libg.a(lib_a-realloc.o)
 .v4_bx         0x00000000        0x0 /opt/devkitPro/devkitARM/lib/gcc/arm-eabi/4.3.3/../../../../arm-eabi/lib/thumb/libg.a(lib_a-reallocr.o)
 .v4_bx         0x00000000        0x0 /opt/devkitPro/devkitARM/lib/gcc/arm-eabi/4.3.3/../../../../arm-eabi/lib/thumb/libg.a(lib_a-setvbuf.o)
 .v4_bx         0x00000000        0x0 /opt/devkitPro/devkitARM/lib/gcc/arm-eabi/4.3.3/../../../../arm-eabi/lib/thumb/libg.a(lib_a-siscanf.o)
 .v4_bx         0x00000000        0x0 /opt/devkitPro/devkitARM/lib/gcc/arm-eabi/4.3.3/../../../../arm-eabi/lib/thumb/libg.a(lib_a-strcmp.o)
 .v4_bx         0x00000000        0x0 /opt/devkitPro/devkitARM/lib/gcc/arm-eabi/4.3.3/../../../../arm-eabi/lib/thumb/libg.a(lib_a-strlen.o)
 .v4_bx         0x00000000        0x0 /opt/devkitPro/devkitARM/lib/gcc/arm-eabi/4.3.3/../../../../arm-eabi/lib/thumb/libg.a(lib_a-strncpy.o)
 .v4_bx         0x00000000        0x0 /opt/devkitPro/devkitARM/lib/gcc/arm-eabi/4.3.3/../../../../arm-eabi/lib/thumb/libg.a(lib_a-svfiscanf.o)
 .v4_bx         0x00000000        0x0 /opt/devkitPro/devkitARM/lib/gcc/arm-eabi/4.3.3/../../../../arm-eabi/lib/thumb/libg.a(lib_a-ungetc.o)
 .v4_bx         0x00000000        0x0 /opt/devkitPro/devkitARM/lib/gcc/arm-eabi/4.3.3/../../../../arm-eabi/lib/thumb/libg.a(lib_a-vfiprintf.o)
 .v4_bx         0x00000000        0x0 /opt/devkitPro/devkitARM/lib/gcc/arm-eabi/4.3.3/../../../../arm-eabi/lib/thumb/libg.a(lib_a-wcrtomb.o)
 .v4_bx         0x00000000        0x0 /opt/devkitPro/devkitARM/lib/gcc/arm-eabi/4.3.3/../../../../arm-eabi/lib/thumb/libg.a(lib_a-wcsrtombs.o)
 .v4_bx         0x00000000        0x0 /opt/devkitPro/devkitARM/lib/gcc/arm-eabi/4.3.3/../../../../arm-eabi/lib/thumb/libg.a(lib_a-wctomb_r.o)
 .v4_bx         0x00000000        0x0 /opt/devkitPro/devkitARM/lib/gcc/arm-eabi/4.3.3/../../../../arm-eabi/lib/thumb/libg.a(lib_a-wsetup.o)
 .v4_bx         0x00000000        0x0 /opt/devkitPro/devkitARM/lib/gcc/arm-eabi/4.3.3/../../../../arm-eabi/lib/thumb/libg.a(lib_a-ctype_.o)
 .v4_bx         0x00000000        0x0 /opt/devkitPro/devkitARM/lib/gcc/arm-eabi/4.3.3/../../../../arm-eabi/lib/thumb/libg.a(lib_a-fflush.o)
 .v4_bx         0x00000000        0x0 /opt/devkitPro/devkitARM/lib/gcc/arm-eabi/4.3.3/../../../../arm-eabi/lib/thumb/libg.a(lib_a-findfp.o)
 .v4_bx         0x00000000        0x0 /opt/devkitPro/devkitARM/lib/gcc/arm-eabi/4.3.3/../../../../arm-eabi/lib/thumb/libg.a(lib_a-freer.o)
 .v4_bx         0x00000000        0x0 /opt/devkitPro/devkitARM/lib/gcc/arm-eabi/4.3.3/../../../../arm-eabi/lib/thumb/libg.a(lib_a-fvwrite.o)
 .v4_bx         0x00000000        0x0 /opt/devkitPro/devkitARM/lib/gcc/arm-eabi/4.3.3/../../../../arm-eabi/lib/thumb/libg.a(lib_a-fwalk.o)
 .v4_bx         0x00000000        0x0 /opt/devkitPro/devkitARM/lib/gcc/arm-eabi/4.3.3/../../../../arm-eabi/lib/thumb/libg.a(lib_a-iswspace.o)
 .v4_bx         0x00000000        0x0 /opt/devkitPro/devkitARM/lib/gcc/arm-eabi/4.3.3/../../../../arm-eabi/lib/thumb/libg.a(lib_a-jp2uc.o)
 .v4_bx         0x00000000        0x0 /opt/devkitPro/devkitARM/lib/gcc/arm-eabi/4.3.3/../../../../arm-eabi/lib/thumb/libg.a(lib_a-locale.o)
 .v4_bx         0x00000000        0x0 /opt/devkitPro/devkitARM/lib/gcc/arm-eabi/4.3.3/../../../../arm-eabi/lib/thumb/libg.a(lib_a-makebuf.o)
 .v4_bx         0x00000000        0x0 /opt/devkitPro/devkitARM/lib/gcc/arm-eabi/4.3.3/../../../../arm-eabi/lib/thumb/libg.a(lib_a-mbrtowc.o)
 .v4_bx         0x00000000        0x0 /opt/devkitPro/devkitARM/lib/gcc/arm-eabi/4.3.3/../../../../arm-eabi/lib/thumb/libg.a(lib_a-mbtowc_r.o)
 .v4_bx         0x00000000        0x0 /opt/devkitPro/devkitARM/lib/gcc/arm-eabi/4.3.3/../../../../arm-eabi/lib/thumb/libg.a(lib_a-memchr.o)
 .v4_bx         0x00000000        0x0 /opt/devkitPro/devkitARM/lib/gcc/arm-eabi/4.3.3/../../../../arm-eabi/lib/thumb/libg.a(lib_a-memmove.o)
 .v4_bx         0x00000000        0x0 /opt/devkitPro/devkitARM/lib/gcc/arm-eabi/4.3.3/../../../../arm-eabi/lib/thumb/libg.a(lib_a-sccl.o)
 .v4_bx         0x00000000        0x0 /opt/devkitPro/devkitARM/lib/gcc/arm-eabi/4.3.3/../../../../arm-eabi/lib/thumb/libg.a(lib_a-stdio.o)
 .v4_bx         0x00000000        0x0 /opt/devkitPro/devkitARM/lib/gcc/arm-eabi/4.3.3/../../../../arm-eabi/lib/thumb/libg.a(lib_a-strcpy.o)
 .v4_bx         0x00000000        0x0 /opt/devkitPro/devkitARM/lib/gcc/arm-eabi/4.3.3/../../../../arm-eabi/lib/thumb/libg.a(lib_a-strtol.o)
 .v4_bx         0x00000000        0x0 /opt/devkitPro/devkitARM/lib/gcc/arm-eabi/4.3.3/../../../../arm-eabi/lib/thumb/libg.a(lib_a-strtoul.o)
 .v4_bx         0x00000000        0x0 /opt/devkitPro/devkitARM/lib/gcc/arm-eabi/4.3.3/../../../../arm-eabi/lib/thumb/libg.a(lib_a-fclose.o)
 .v4_bx         0x00000000        0x0 /opt/devkitPro/devkitARM/lib/gcc/arm-eabi/4.3.3/../../../../arm-eabi/lib/thumb/libsysbase.a(iosupport.o)
 .v4_bx         0x00000000        0x0 /opt/devkitPro/devkitARM/lib/gcc/arm-eabi/4.3.3/../../../../arm-eabi/lib/thumb/libsysbase.a(close.o)
 .v4_bx         0x00000000        0x0 /opt/devkitPro/devkitARM/lib/gcc/arm-eabi/4.3.3/../../../../arm-eabi/lib/thumb/libsysbase.a(fstat.o)
 .v4_bx         0x00000000        0x0 /opt/devkitPro/devkitARM/lib/gcc/arm-eabi/4.3.3/../../../../arm-eabi/lib/thumb/libsysbase.a(isatty.o)
 .v4_bx         0x00000000        0x0 /opt/devkitPro/devkitARM/lib/gcc/arm-eabi/4.3.3/../../../../arm-eabi/lib/thumb/libsysbase.a(lseek.o)
 .v4_bx         0x00000000        0x0 /opt/devkitPro/devkitARM/lib/gcc/arm-eabi/4.3.3/../../../../arm-eabi/lib/thumb/libsysbase.a(read.o)
 .v4_bx         0x00000000        0x0 /opt/devkitPro/devkitARM/lib/gcc/arm-eabi/4.3.3/../../../../arm-eabi/lib/thumb/libsysbase.a(sbrk.o)
 .v4_bx         0x00000000        0x0 /opt/devkitPro/devkitARM/lib/gcc/arm-eabi/4.3.3/../../../../arm-eabi/lib/thumb/libsysbase.a(times.o)
 .v4_bx         0x00000000        0x0 /opt/devkitPro/devkitARM/lib/gcc/arm-eabi/4.3.3/../../../../arm-eabi/lib/thumb/libsysbase.a(write.o)
 .v4_bx         0x00000000        0x0 /opt/devkitPro/devkitARM/lib/gcc/arm-eabi/4.3.3/../../../../arm-eabi/lib/thumb/libsysbase.a(malloc_vars.o)
 .v4_bx         0x00000000        0x0 /opt/devkitPro/devkitARM/lib/gcc/arm-eabi/4.3.3/../../../../arm-eabi/lib/thumb/libsysbase.a(build_argv.o)
 .v4_bx         0x00000000        0x0 /opt/devkitPro/devkitARM/lib/gcc/arm-eabi/4.3.3/../../../../arm-eabi/lib/thumb/libsysbase.a(handle_manager.o)
 .v4_bx         0x00000000        0x0 /opt/devkitPro/devkitARM/lib/gcc/arm-eabi/4.3.3/../../../../arm-eabi/lib/thumb/libg.a(lib_a-strncmp.o)
 .v4_bx         0x00000000        0x0 /opt/devkitPro/devkitARM/lib/gcc/arm-eabi/4.3.3/thumb/crtend.o
 .v4_bx         0x00000000        0x0 /opt/devkitPro/devkitARM/lib/gcc/arm-eabi/4.3.3/thumb/crtn.o

.fini           0x0200f9cc        0xc
 *(.fini)
 .fini          0x0200f9cc        0x4 /opt/devkitPro/devkitARM/lib/gcc/arm-eabi/4.3.3/thumb/crti.o
                0x0200f9cc                _fini
 .fini          0x0200f9d0        0x8 /opt/devkitPro/devkitARM/lib/gcc/arm-eabi/4.3.3/thumb/crtn.o
                0x0200f9d8                __text_end = .

.rodata         0x0200f9d8     0x65bc
 *(.rodata)
 .rodata        0x0200f9d8      0x300 hitship.o
                0x0200fad8                hitshipPal
                0x0200f9d8                hitshipTiles
 .rodata        0x0200fcd8       0x20 battlefield.o
 .rodata        0x0200fcf8      0x12c game.o
 .rodata        0x0200fe24       0x18 graphics_manager.o
                0x0200fe38                V_SYM_MASK
                0x0200fe3a                H_SYM_MASK
 .rodata        0x0200fe3c       0xd4 wifi.o
                0x0200fe3d                PAIRING_ACK
                0x0200fe3e                READY
                0x0200fe3c                PAIRING_REQ
 .rodata        0x0200ff10        0x8 WiFi_minilib.o
 .rodata        0x0200ff18       0x14 /opt/devkitPro/libnds/lib/libdswifi9.a(wifi_arm9.o)
 .rodata        0x0200ff2c       0x54 /opt/devkitPro/libnds/lib/libdswifi9.a(sgIP_TCP.o)
 .rodata        0x0200ff80      0x18c /opt/devkitPro/libnds/lib/libnds9.a(console.o)
 .rodata        0x0201010c       0x44 /opt/devkitPro/libnds/lib/libnds9.a(videoGL.o)
 .rodata        0x02010150     0x2004 /opt/devkitPro/libnds/lib/libnds9.a(default_font.bin.o)
                0x02012150                default_font_bin_end
                0x02012150                default_font_bin_size
                0x02010150                default_font_bin
 .rodata        0x02012154        0x4 /opt/devkitPro/devkitARM/lib/gcc/arm-eabi/4.3.3/../../../../arm-eabi/lib/thumb/libg.a(lib_a-impure.o)
                0x02012154                _global_impure_ptr
 .rodata        0x02012158      0x340 /opt/devkitPro/devkitARM/lib/gcc/arm-eabi/4.3.3/../../../../arm-eabi/lib/thumb/libg.a(lib_a-svfiscanf.o)
 .rodata        0x02012498      0x184 /opt/devkitPro/devkitARM/lib/gcc/arm-eabi/4.3.3/../../../../arm-eabi/lib/thumb/libg.a(lib_a-vfiprintf.o)
 .rodata        0x0201261c      0x101 /opt/devkitPro/devkitARM/lib/gcc/arm-eabi/4.3.3/../../../../arm-eabi/lib/thumb/libg.a(lib_a-ctype_.o)
                0x0201261c                _ctype_
 *fill*         0x0201271d        0x3 ff
 .rodata        0x02012720     0x34ec /opt/devkitPro/devkitARM/lib/gcc/arm-eabi/4.3.3/../../../../arm-eabi/lib/thumb/libg.a(lib_a-jp2uc.o)
 .rodata        0x02015c0c       0xb8 /opt/devkitPro/devkitARM/lib/gcc/arm-eabi/4.3.3/../../../../arm-eabi/lib/thumb/libg.a(lib_a-locale.o)
 .rodata        0x02015cc4       0xa8 /opt/devkitPro/devkitARM/lib/gcc/arm-eabi/4.3.3/../../../../arm-eabi/lib/thumb/libg.a(lib_a-mbtowc_r.o)
 .rodata        0x02015d6c       0x5c /opt/devkitPro/devkitARM/lib/gcc/arm-eabi/4.3.3/../../../../arm-eabi/lib/thumb/libsysbase.a(iosupport.o)
                0x02015d6c                dotab_stdnull
 *all.rodata*(*)
 *(.roda)
 *(.rodata.*)
 .rodata.str1.4
                0x02015dc8       0xb6 /opt/devkitPro/libnds/lib/libdswifi9.a(wifi_arm9.o)
                                 0xb8 (size before relaxing)
 *fill*         0x02015e7e        0x2 ff
 .rodata.str1.4
                0x02015e80       0x17 /opt/devkitPro/libnds/lib/libdswifi9.a(sgIP_DHCP.o)
                                 0x18 (size before relaxing)
 *fill*         0x02015e97        0x1 ff
 .rodata.str1.4
                0x02015e98       0x44 /opt/devkitPro/libnds/lib/libnds9.a(console.o)
 .rodata.str1.4
                0x02015edc        0x2 /opt/devkitPro/devkitARM/lib/gcc/arm-eabi/4.3.3/../../../../arm-eabi/lib/thumb/libg.a(lib_a-impure.o)
                                  0x4 (size before relaxing)
 *fill*         0x02015ede        0x2 ff
 .rodata.str1.4
                0x02015ee0        0x2 /opt/devkitPro/devkitARM/lib/gcc/arm-eabi/4.3.3/../../../../arm-eabi/lib/thumb/libg.a(lib_a-puts.o)
                                  0x4 (size before relaxing)
 *fill*         0x02015ee2        0x2 ff
 .rodata.str1.4
                0x02015ee4       0x4a /opt/devkitPro/devkitARM/lib/gcc/arm-eabi/4.3.3/../../../../arm-eabi/lib/thumb/libg.a(lib_a-vfiprintf.o)
                                 0x4c (size before relaxing)
 *fill*         0x02015f2e        0x2 ff
 .rodata.str1.4
                0x02015f30       0x1e /opt/devkitPro/devkitARM/lib/gcc/arm-eabi/4.3.3/../../../../arm-eabi/lib/thumb/libg.a(lib_a-wctomb_r.o)
                                 0x20 (size before relaxing)
 .rodata.str1.4
                0x00000000       0x20 /opt/devkitPro/devkitARM/lib/gcc/arm-eabi/4.3.3/../../../../arm-eabi/lib/thumb/libg.a(lib_a-iswspace.o)
 *fill*         0x02015f4e        0x2 ff
 .rodata.str1.4
                0x02015f50       0x3a /opt/devkitPro/devkitARM/lib/gcc/arm-eabi/4.3.3/../../../../arm-eabi/lib/thumb/libg.a(lib_a-locale.o)
                                 0x64 (size before relaxing)
 .rodata.str1.4
                0x00000000        0x4 /opt/devkitPro/devkitARM/lib/gcc/arm-eabi/4.3.3/../../../../arm-eabi/lib/thumb/libg.a(lib_a-mbrtowc.o)
 .rodata.str1.4
                0x00000000       0x20 /opt/devkitPro/devkitARM/lib/gcc/arm-eabi/4.3.3/../../../../arm-eabi/lib/thumb/libg.a(lib_a-mbtowc_r.o)
 *fill*         0x02015f8a        0x2 ff
 .rodata.str1.4
                0x02015f8c        0x8 /opt/devkitPro/devkitARM/lib/gcc/arm-eabi/4.3.3/../../../../arm-eabi/lib/thumb/libsysbase.a(iosupport.o)
 *(.gnu.linkonce.r*)
                0x02015f94                . = ALIGN (0x4)

.ARM.extab
 *(.ARM.extab* .gnu.linkonce.armextab.*)
                0x02015f94                __exidx_start = .

.ARM.exidx
 *(.ARM.exidx* .gnu.linkonce.armexidx.*)
                0x02015f94                __exidx_end = .
                0x02015f94                . = ALIGN (0x4)
                0x02015f94                PROVIDE (__preinit_array_start, .)

.preinit_array
 *(.preinit_array)
                0x02015f94                PROVIDE (__preinit_array_end, .)
                0x02015f94                PROVIDE (__init_array_start, .)

.init_array     0x02015f94        0x4
 *(.init_array)
 .init_array    0x02015f94        0x4 /opt/devkitPro/devkitARM/lib/gcc/arm-eabi/4.3.3/thumb/crtbegin.o
                0x02015f98                PROVIDE (__init_array_end, .)
                0x02015f98                PROVIDE (__fini_array_start, .)

.fini_array     0x02015f98        0x4
 *(.fini_array)
 .fini_array    0x02015f98        0x4 /opt/devkitPro/devkitARM/lib/gcc/arm-eabi/4.3.3/thumb/crtbegin.o
                0x02015f9c                PROVIDE (__fini_array_end, .)

.ctors          0x02015f9c        0x0
 *crtbegin.o(.ctors)
 *(EXCLUDE_FILE(*crtend.o) .ctors)
 *(SORT(.ctors.*))
 *(.ctors)